Archive member included to satisfy reference by file (symbol)

C:/Users/gabri/.pico-sdk/toolchain/13_3_Rel1/bin/../lib/gcc/arm-none-eabi/13.3.1/thumb/v6-m/nofp\libgcc.a(_dvmd_tls.o)
                              CMakeFiles/atividade_adc_embarcatech.dir/C_/Users/gabri/.pico-sdk/sdk/2.1.0/src/rp2_common/pico_divider/divider_hardware.S.obj (__aeabi_idiv0)
C:/Users/gabri/.pico-sdk/toolchain/13_3_Rel1/bin/../lib/gcc/arm-none-eabi/13.3.1/thumb/v6-m/nofp\libg.a(libc_a-calloc.o)
                              CMakeFiles/atividade_adc_embarcatech.dir/C_/Users/gabri/.pico-sdk/sdk/2.1.0/src/rp2_common/pico_malloc/malloc.c.obj (calloc)
C:/Users/gabri/.pico-sdk/toolchain/13_3_Rel1/bin/../lib/gcc/arm-none-eabi/13.3.1/thumb/v6-m/nofp\libg.a(libc_a-callocr.o)
                              C:/Users/gabri/.pico-sdk/toolchain/13_3_Rel1/bin/../lib/gcc/arm-none-eabi/13.3.1/thumb/v6-m/nofp\libg.a(libc_a-calloc.o) (_calloc_r)
C:/Users/gabri/.pico-sdk/toolchain/13_3_Rel1/bin/../lib/gcc/arm-none-eabi/13.3.1/thumb/v6-m/nofp\libg.a(libc_a-malloc.o)
                              CMakeFiles/atividade_adc_embarcatech.dir/C_/Users/gabri/.pico-sdk/sdk/2.1.0/src/rp2_common/pico_malloc/malloc.c.obj (malloc)
C:/Users/gabri/.pico-sdk/toolchain/13_3_Rel1/bin/../lib/gcc/arm-none-eabi/13.3.1/thumb/v6-m/nofp\libg.a(libc_a-mallocr.o)
                              C:/Users/gabri/.pico-sdk/toolchain/13_3_Rel1/bin/../lib/gcc/arm-none-eabi/13.3.1/thumb/v6-m/nofp\libg.a(libc_a-callocr.o) (_malloc_r)
C:/Users/gabri/.pico-sdk/toolchain/13_3_Rel1/bin/../lib/gcc/arm-none-eabi/13.3.1/thumb/v6-m/nofp\libg.a(libc_a-mlock.o)
                              C:/Users/gabri/.pico-sdk/toolchain/13_3_Rel1/bin/../lib/gcc/arm-none-eabi/13.3.1/thumb/v6-m/nofp\libg.a(libc_a-mallocr.o) (__malloc_lock)
C:/Users/gabri/.pico-sdk/toolchain/13_3_Rel1/bin/../lib/gcc/arm-none-eabi/13.3.1/thumb/v6-m/nofp\libg.a(libc_a-realloc.o)
                              CMakeFiles/atividade_adc_embarcatech.dir/C_/Users/gabri/.pico-sdk/sdk/2.1.0/src/rp2_common/pico_malloc/malloc.c.obj (realloc)
C:/Users/gabri/.pico-sdk/toolchain/13_3_Rel1/bin/../lib/gcc/arm-none-eabi/13.3.1/thumb/v6-m/nofp\libg.a(libc_a-reallocr.o)
                              C:/Users/gabri/.pico-sdk/toolchain/13_3_Rel1/bin/../lib/gcc/arm-none-eabi/13.3.1/thumb/v6-m/nofp\libg.a(libc_a-realloc.o) (_realloc_r)
C:/Users/gabri/.pico-sdk/toolchain/13_3_Rel1/bin/../lib/gcc/arm-none-eabi/13.3.1/thumb/v6-m/nofp\libg.a(libc_a-memcmp.o)
                              CMakeFiles/atividade_adc_embarcatech.dir/C_/Users/gabri/.pico-sdk/sdk/2.1.0/src/rp2_common/pico_atomic/atomic.c.obj (memcmp)
C:/Users/gabri/.pico-sdk/toolchain/13_3_Rel1/bin/../lib/gcc/arm-none-eabi/13.3.1/thumb/v6-m/nofp\libg.a(libc_a-memmove.o)
                              C:/Users/gabri/.pico-sdk/toolchain/13_3_Rel1/bin/../lib/gcc/arm-none-eabi/13.3.1/thumb/v6-m/nofp\libg.a(libc_a-reallocr.o) (memmove)
C:/Users/gabri/.pico-sdk/toolchain/13_3_Rel1/bin/../lib/gcc/arm-none-eabi/13.3.1/thumb/v6-m/nofp\libg.a(libc_a-lcltime_r.o)
                              CMakeFiles/atividade_adc_embarcatech.dir/C_/Users/gabri/.pico-sdk/sdk/2.1.0/src/common/pico_util/datetime.c.obj (localtime_r)
C:/Users/gabri/.pico-sdk/toolchain/13_3_Rel1/bin/../lib/gcc/arm-none-eabi/13.3.1/thumb/v6-m/nofp\libg.a(libc_a-mktime.o)
                              CMakeFiles/atividade_adc_embarcatech.dir/C_/Users/gabri/.pico-sdk/sdk/2.1.0/src/common/pico_util/datetime.c.obj (mktime)
C:/Users/gabri/.pico-sdk/toolchain/13_3_Rel1/bin/../lib/gcc/arm-none-eabi/13.3.1/thumb/v6-m/nofp\libg.a(libc_a-month_lengths.o)
                              C:/Users/gabri/.pico-sdk/toolchain/13_3_Rel1/bin/../lib/gcc/arm-none-eabi/13.3.1/thumb/v6-m/nofp\libg.a(libc_a-lcltime_r.o) (__month_lengths)
C:/Users/gabri/.pico-sdk/toolchain/13_3_Rel1/bin/../lib/gcc/arm-none-eabi/13.3.1/thumb/v6-m/nofp\libg.a(libc_a-tzcalc_limits.o)
                              C:/Users/gabri/.pico-sdk/toolchain/13_3_Rel1/bin/../lib/gcc/arm-none-eabi/13.3.1/thumb/v6-m/nofp\libg.a(libc_a-lcltime_r.o) (__tzcalc_limits)
C:/Users/gabri/.pico-sdk/toolchain/13_3_Rel1/bin/../lib/gcc/arm-none-eabi/13.3.1/thumb/v6-m/nofp\libg.a(libc_a-tzlock.o)
                              C:/Users/gabri/.pico-sdk/toolchain/13_3_Rel1/bin/../lib/gcc/arm-none-eabi/13.3.1/thumb/v6-m/nofp\libg.a(libc_a-lcltime_r.o) (__tz_lock)
C:/Users/gabri/.pico-sdk/toolchain/13_3_Rel1/bin/../lib/gcc/arm-none-eabi/13.3.1/thumb/v6-m/nofp\libg.a(libc_a-tzset.o)
                              C:/Users/gabri/.pico-sdk/toolchain/13_3_Rel1/bin/../lib/gcc/arm-none-eabi/13.3.1/thumb/v6-m/nofp\libg.a(libc_a-lcltime_r.o) (_tzset_unlocked)
C:/Users/gabri/.pico-sdk/toolchain/13_3_Rel1/bin/../lib/gcc/arm-none-eabi/13.3.1/thumb/v6-m/nofp\libg.a(libc_a-tzset_r.o)
                              C:/Users/gabri/.pico-sdk/toolchain/13_3_Rel1/bin/../lib/gcc/arm-none-eabi/13.3.1/thumb/v6-m/nofp\libg.a(libc_a-tzset.o) (_tzset_unlocked_r)
[...]
Memory Configuration

Name             Origin             Length             Attributes
FLASH            0x10000000         0x00200000         xr
RAM              0x20000000         0x00040000         xrw
SCRATCH_X        0x20040000         0x00001000         xrw
SCRATCH_Y        0x20041000         0x00001000         xrw
*default*        0x00000000         0xffffffff

Linker script and memory map

LOAD C:/Users/gabri/.pico-sdk/toolchain/13_3_Rel1/bin/../lib/gcc/arm-none-eabi/13.3.1/thumb/v6-m/nofp/crti.o
LOAD C:/Users/gabri/.pico-sdk/toolchain/13_3_Rel1/bin/../lib/gcc/arm-none-eabi/13.3.1/thumb/v6-m/nofp/crtbegin.o
LOAD C:/Users/gabri/.pico-sdk/toolchain/13_3_Rel1/bin/../lib/gcc/arm-none-eabi/13.3.1/thumb/v6-m/nofp/crt0.o

.flash_begin    0x10000000        0x0
                0x10000000                        __flash_binary_start = .

.boot2          0x10000000      0x100
                0x10000000                        __boot2_start__ = .
 *(.boot2)
 .boot2         0x10000000      0x100 pico-sdk/src/rp2040/boot_stage2/CMakeFiles/bs2_default_library.dir/./bs2_default_padded_checksummed.S.obj
                0x10000100                        __boot2_end__ = .
                0x00000001                        ASSERT (((__boot2_end__ - __boot2_start__) == 0x100), ERROR: Pico second stage bootloader must be 256 bytes in size)

.text           0x10000100     0x84cc
                0x10000100                        __logical_binary_start = .
 *(.vectors)
 .vectors       0x10000100       0xd4 CMakeFiles/atividade_adc_embarcatech.dir/C_/Users/gabri/.pico-sdk/sdk/2.1.0/src/rp2_common/pico_crt0/crt0.S.obj
                0x10000100                __VECTOR_TABLE
                0x10000100                __vectors
                0x100001c0                isr_invalid
                0x100001c0                __default_isrs_start
                0x100001c2                isr_nmi
                0x100001c4                isr_hardfault
                0x100001c6                isr_svcall
                0x100001c8                isr_pendsv
                0x100001ca                isr_systick
                0x100001cc                isr_irq23
                0x100001cc                isr_irq18
                0x100001cc                isr_irq11
                0x100001cc                isr_irq28
                0x100001cc                isr_irq19
                0x100001cc                isr_irq0
                0x100001cc                isr_irq6
                0x100001cc                isr_irq5
                0x100001cc                isr_irq12
                0x100001cc                isr_irq22
                0x100001cc                isr_irq31
                0x100001cc                isr_irq17
                0x100001cc                isr_irq27
                0x100001cc                isr_irq30
                0x100001cc                isr_irq2
                0x100001cc                isr_irq10
                0x100001cc                isr_irq8
                0x100001cc                isr_irq24
                0x100001cc                isr_irq1
                0x100001cc                isr_irq7
                0x100001cc                isr_irq21
                0x100001cc                isr_irq20
                0x100001cc                isr_irq15
                0x100001cc                isr_irq25
                0x100001cc                isr_irq13
                0x100001cc                __unhandled_user_irq
                0x100001cc                isr_irq4
                0x100001cc                isr_irq16
                0x100001cc                isr_irq29
                0x100001cc                isr_irq26
                0x100001cc                __default_isrs_end
                0x100001cc                isr_irq3
                0x100001cc                isr_irq14
                0x100001cc                isr_irq9
                0x100001d2                unhandled_user_irq_num_in_r0
 *(.binary_info_header)
 .binary_info_header
                0x100001d4       0x14 CMakeFiles/atividade_adc_embarcatech.dir/C_/Users/gabri/.pico-sdk/sdk/2.1.0/src/rp2_common/pico_crt0/crt0.S.obj
                0x100001e8                        __binary_info_header_end = .
 *(.embedded_block)
                0x100001e8                        __embedded_block_end = .
 *(.reset)
 .reset         0x100001e8       0x9c CMakeFiles/atividade_adc_embarcatech.dir/C_/Users/gabri/.pico-sdk/sdk/2.1.0/src/rp2_common/pico_crt0/crt0.S.obj
                0x100001e8                _entry_point
 *(.init)
 .init          0x10000284        0x4 C:/Users/gabri/.pico-sdk/toolchain/13_3_Rel1/bin/../lib/gcc/arm-none-eabi/13.3.1/thumb/v6-m/nofp/crti.o
                0x10000284                _init
 *(EXCLUDE_FILE(*libm.a: *libc.a:*lib_a-mem*.o *libgcc.a:) .text*)
 .text.register_tm_clones
                0x10000288       0x28 C:/Users/gabri/.pico-sdk/toolchain/13_3_Rel1/bin/../lib/gcc/arm-none-eabi/13.3.1/thumb/v6-m/nofp/crtbegin.o
 .text.frame_dummy
                0x100002b0       0x24 C:/Users/gabri/.pico-sdk/toolchain/13_3_Rel1/bin/../lib/gcc/arm-none-eabi/13.3.1/thumb/v6-m/nofp/crtbegin.o
 .text.gpio_irq_handler
                0x100002d4       0xf0 CMakeFiles/atividade_adc_embarcatech.dir/src/main.c.obj
                0x100002d4                gpio_irq_handler
 .text.btn_init
                0x100003c4       0x20 CMakeFiles/atividade_adc_embarcatech.dir/src/main.c.obj
                0x100003c4                btn_init
 .text.i2c_setup
                0x100003e4       0x38 CMakeFiles/atividade_adc_embarcatech.dir/src/main.c.obj
                0x100003e4                i2c_setup
 .text.display_init
                0x1000041c       0x40 CMakeFiles/atividade_adc_embarcatech.dir/src/main.c.obj
                0x1000041c                display_init
 .text.adc_setup
                0x1000045c       0x3c CMakeFiles/atividade_adc_embarcatech.dir/src/main.c.obj
                0x1000045c                adc_setup
 .text.pwm_setup
                0x10000498       0xd4 CMakeFiles/atividade_adc_embarcatech.dir/src/main.c.obj
                0x10000498                pwm_setup
 .text.set_display_border
                0x1000056c       0xf4 CMakeFiles/atividade_adc_embarcatech.dir/src/main.c.obj
                0x1000056c                set_display_border
 .text.startup.main
                0x10000660      0x290 CMakeFiles/atividade_adc_embarcatech.dir/src/main.c.obj
                0x10000660                main
 .text.ssd1306_init
                0x100008f0       0x34 CMakeFiles/atividade_adc_embarcatech.dir/src/ssd1306.c.obj
                0x100008f0                ssd1306_init
 .text.ssd1306_config
                0x10000924      0x1d0 CMakeFiles/atividade_adc_embarcatech.dir/src/ssd1306.c.obj
                0x10000924                ssd1306_config
 .text.ssd1306_send_data
                0x10000af4       0x8c CMakeFiles/atividade_adc_embarcatech.dir/src/ssd1306.c.obj
                0x10000af4                ssd1306_send_data
 .text.ssd1306_pixel
                0x10000b80       0x28 CMakeFiles/atividade_adc_embarcatech.dir/src/ssd1306.c.obj
                0x10000b80                ssd1306_pixel
 .text.ssd1306_fill
                0x10000ba8       0x80 CMakeFiles/atividade_adc_embarcatech.dir/src/ssd1306.c.obj
                0x10000ba8                ssd1306_fill
 .text.ssd1306_rect
                0x10000c28      0x28c CMakeFiles/atividade_adc_embarcatech.dir/src/ssd1306.c.obj
                0x10000c28                ssd1306_rect
 .text.gpio_default_irq_handler
                0x10000eb4      0x274 CMakeFiles/atividade_adc_embarcatech.dir/C_/Users/gabri/.pico-sdk/sdk/2.1.0/src/rp2_common/hardware_gpio/gpio.c.obj
 .text.gpio_set_function
                0x10001128       0x34 CMakeFiles/atividade_adc_embarcatech.dir/C_/Users/gabri/.pico-sdk/sdk/2.1.0/src/rp2_common/hardware_gpio/gpio.c.obj
                0x10001128                gpio_set_function
 .text.gpio_set_pulls
                0x1000115c       0x28 CMakeFiles/atividade_adc_embarcatech.dir/C_/Users/gabri/.pico-sdk/sdk/2.1.0/src/rp2_common/hardware_gpio/gpio.c.obj
                0x1000115c                gpio_set_pulls
 .text.gpio_set_irq_enabled
                0x10001184       0x58 CMakeFiles/atividade_adc_embarcatech.dir/C_/Users/gabri/.pico-sdk/sdk/2.1.0/src/rp2_common/hardware_gpio/gpio.c.obj
                0x10001184                gpio_set_irq_enabled
 .text.gpio_set_irq_enabled_with_callback
                0x100011dc       0xd0 CMakeFiles/atividade_adc_embarcatech.dir/C_/Users/gabri/.pico-sdk/sdk/2.1.0/src/rp2_common/hardware_gpio/gpio.c.obj
                0x100011dc                gpio_set_irq_enabled_with_callback
 .text.gpio_set_input_enabled
                0x100012ac       0x28 CMakeFiles/atividade_adc_embarcatech.dir/C_/Users/gabri/.pico-sdk/sdk/2.1.0/src/rp2_common/hardware_gpio/gpio.c.obj
                0x100012ac                gpio_set_input_enabled
 .text.gpio_init
                0x100012d4       0x40 CMakeFiles/atividade_adc_embarcatech.dir/C_/Users/gabri/.pico-sdk/sdk/2.1.0/src/rp2_common/hardware_gpio/gpio.c.obj
                0x100012d4                gpio_init
 .text.rp2040_chip_version
                0x10001314        0xc CMakeFiles/atividade_adc_embarcatech.dir/C_/Users/gabri/.pico-sdk/sdk/2.1.0/src/rp2040/pico_platform/platform.c.obj
                0x10001314                rp2040_chip_version
 .text.panic    0x10001320       0x30 CMakeFiles/atividade_adc_embarcatech.dir/C_/Users/gabri/.pico-sdk/sdk/2.1.0/src/rp2_common/pico_platform_panic/panic.c.obj
                0x10001320                panic
 .text.hw_claim_or_assert
                0x10001350       0x44 CMakeFiles/atividade_adc_embarcatech.dir/C_/Users/gabri/.pico-sdk/sdk/2.1.0/src/common/hardware_claim/claim.c.obj
                0x10001350                hw_claim_or_assert
 .text.hw_claim_unused_from_range
                0x10001394       0x9c CMakeFiles/atividade_adc_embarcatech.dir/C_/Users/gabri/.pico-sdk/sdk/2.1.0/src/common/hardware_claim/claim.c.obj
                0x10001394                hw_claim_unused_from_range
 .text.next_striped_spin_lock_num
                0x10001430       0x18 CMakeFiles/atividade_adc_embarcatech.dir/C_/Users/gabri/.pico-sdk/sdk/2.1.0/src/rp2_common/hardware_sync/sync.c.obj
                0x10001430                next_striped_spin_lock_num
 .text.spin_lock_claim_unused
                0x10001448       0x24 CMakeFiles/atividade_adc_embarcatech.dir/C_/Users/gabri/.pico-sdk/sdk/2.1.0/src/rp2_common/hardware_sync/sync.c.obj
                0x10001448                spin_lock_claim_unused
 .text.spin_locks_reset
                0x1000146c       0x1c CMakeFiles/atividade_adc_embarcatech.dir/C_/Users/gabri/.pico-sdk/sdk/2.1.0/src/rp2_common/hardware_sync_spin_lock/sync_spin_lock.c.obj
                0x1000146c                spin_locks_reset
 .text.runtime_init_per_core_irq_priorities
                0x10001488       0x24 CMakeFiles/atividade_adc_embarcatech.dir/C_/Users/gabri/.pico-sdk/sdk/2.1.0/src/rp2_common/hardware_irq/irq.c.obj
                0x10001488                runtime_init_per_core_irq_priorities
 .text.irq_set_enabled
                0x100014ac       0x24 CMakeFiles/atividade_adc_embarcatech.dir/C_/Users/gabri/.pico-sdk/sdk/2.1.0/src/rp2_common/hardware_irq/irq.c.obj
                0x100014ac                irq_set_enabled
 .text.irq_is_enabled
                0x100014d0       0x18 CMakeFiles/atividade_adc_embarcatech.dir/C_/Users/gabri/.pico-sdk/sdk/2.1.0/src/rp2_common/hardware_irq/irq.c.obj
                0x100014d0                irq_is_enabled
 .text.irq_set_pending
                0x100014e8       0x10 CMakeFiles/atividade_adc_embarcatech.dir/C_/Users/gabri/.pico-sdk/sdk/2.1.0/src/rp2_common/hardware_irq/irq.c.obj
                0x100014e8                irq_set_pending
 .text.irq_has_shared_handler
                0x100014f8       0x2c CMakeFiles/atividade_adc_embarcatech.dir/C_/Users/gabri/.pico-sdk/sdk/2.1.0/src/rp2_common/hardware_irq/irq.c.obj
                0x100014f8                irq_has_shared_handler
 .text.irq_set_exclusive_handler
                0x10001524       0x54 CMakeFiles/atividade_adc_embarcatech.dir/C_/Users/gabri/.pico-sdk/sdk/2.1.0/src/rp2_common/hardware_irq/irq.c.obj
                0x10001524                irq_set_exclusive_handler
 .text.irq_add_shared_handler
                0x10001578      0x1f4 CMakeFiles/atividade_adc_embarcatech.dir/C_/Users/gabri/.pico-sdk/sdk/2.1.0/src/rp2_common/hardware_irq/irq.c.obj
                0x10001578                irq_add_shared_handler
 .text.irq_remove_handler
                0x1000176c      0x1d4 CMakeFiles/atividade_adc_embarcatech.dir/C_/Users/gabri/.pico-sdk/sdk/2.1.0/src/rp2_common/hardware_irq/irq.c.obj
                0x1000176c                irq_remove_handler
 .text.irq_add_tail_to_free_list
                0x10001940       0xb4 CMakeFiles/atividade_adc_embarcatech.dir/C_/Users/gabri/.pico-sdk/sdk/2.1.0/src/rp2_common/hardware_irq/irq.c.obj
                0x10001940                irq_add_tail_to_free_list
 .text.user_irq_claim_unused
                0x100019f4       0x2c CMakeFiles/atividade_adc_embarcatech.dir/C_/Users/gabri/.pico-sdk/sdk/2.1.0/src/rp2_common/hardware_irq/irq.c.obj
                0x100019f4                user_irq_claim_unused
 .text.lock_init
                0x10001a20       0x10 CMakeFiles/atividade_adc_embarcatech.dir/C_/Users/gabri/.pico-sdk/sdk/2.1.0/src/common/pico_sync/lock_core.c.obj
                0x10001a20                lock_init
 .text.runtime_init_mutex
                0x10001a30       0x50 CMakeFiles/atividade_adc_embarcatech.dir/C_/Users/gabri/.pico-sdk/sdk/2.1.0/src/common/pico_sync/mutex.c.obj
                0x10001a30                runtime_init_mutex
 .text.mutex_init
                0x10001a80       0x1c CMakeFiles/atividade_adc_embarcatech.dir/C_/Users/gabri/.pico-sdk/sdk/2.1.0/src/common/pico_sync/mutex.c.obj
                0x10001a80                mutex_init
 .text.critical_section_init
                0x10001a9c       0x1c CMakeFiles/atividade_adc_embarcatech.dir/C_/Users/gabri/.pico-sdk/sdk/2.1.0/src/common/pico_sync/critical_section.c.obj
                0x10001a9c                critical_section_init
 .text.critical_section_init_with_lock_num
                0x10001ab8       0x14 CMakeFiles/atividade_adc_embarcatech.dir/C_/Users/gabri/.pico-sdk/sdk/2.1.0/src/common/pico_sync/critical_section.c.obj
                0x10001ab8                critical_section_init_with_lock_num
 .text.sleep_until_callback
                0x10001acc       0x30 CMakeFiles/atividade_adc_embarcatech.dir/C_/Users/gabri/.pico-sdk/sdk/2.1.0/src/common/pico_time/time.c.obj
 .text.alarm_pool_irq_handler
                0x10001afc      0x2fc CMakeFiles/atividade_adc_embarcatech.dir/C_/Users/gabri/.pico-sdk/sdk/2.1.0/src/common/pico_time/time.c.obj
 .text.runtime_init_default_alarm_pool
                0x10001df8       0xdc CMakeFiles/atividade_adc_embarcatech.dir/C_/Users/gabri/.pico-sdk/sdk/2.1.0/src/common/pico_time/time.c.obj
                0x10001df8                runtime_init_default_alarm_pool
 .text.alarm_pool_get_default
                0x10001ed4        0x8 CMakeFiles/atividade_adc_embarcatech.dir/C_/Users/gabri/.pico-sdk/sdk/2.1.0/src/common/pico_time/time.c.obj
                0x10001ed4                alarm_pool_get_default
 .text.alarm_pool_add_alarm_at
                0x10001edc       0xd4 CMakeFiles/atividade_adc_embarcatech.dir/C_/Users/gabri/.pico-sdk/sdk/2.1.0/src/common/pico_time/time.c.obj
                0x10001edc                alarm_pool_add_alarm_at
 .text.alarm_pool_add_alarm_at_force_in_context
                0x10001fb0       0xb0 CMakeFiles/atividade_adc_embarcatech.dir/C_/Users/gabri/.pico-sdk/sdk/2.1.0/src/common/pico_time/time.c.obj
                0x10001fb0                alarm_pool_add_alarm_at_force_in_context
 .text.alarm_pool_cancel_alarm
                0x10002060       0x74 CMakeFiles/atividade_adc_embarcatech.dir/C_/Users/gabri/.pico-sdk/sdk/2.1.0/src/common/pico_time/time.c.obj
                0x10002060                alarm_pool_cancel_alarm
 .text.alarm_pool_core_num
                0x100020d4        0x4 CMakeFiles/atividade_adc_embarcatech.dir/C_/Users/gabri/.pico-sdk/sdk/2.1.0/src/common/pico_time/time.c.obj
                0x100020d4                alarm_pool_core_num
 .text.sleep_until
                0x100020d8       0xd8 CMakeFiles/atividade_adc_embarcatech.dir/C_/Users/gabri/.pico-sdk/sdk/2.1.0/src/common/pico_time/time.c.obj
                0x100020d8                sleep_until
 .text.sleep_ms
                0x100021b0       0x38 CMakeFiles/atividade_adc_embarcatech.dir/C_/Users/gabri/.pico-sdk/sdk/2.1.0/src/common/pico_time/time.c.obj
                0x100021b0                sleep_ms
 .text.best_effort_wfe_or_timeout
                0x100021e8       0xe0 CMakeFiles/atividade_adc_embarcatech.dir/C_/Users/gabri/.pico-sdk/sdk/2.1.0/src/common/pico_time/time.c.obj
                0x100021e8                best_effort_wfe_or_timeout
 .text.timer_hardware_alarm_claim
                0x100022c8       0x14 CMakeFiles/atividade_adc_embarcatech.dir/C_/Users/gabri/.pico-sdk/sdk/2.1.0/src/rp2_common/hardware_timer/timer.c.obj
                0x100022c8                timer_hardware_alarm_claim
 .text.timer_time_us_64
                0x100022dc       0x10 CMakeFiles/atividade_adc_embarcatech.dir/C_/Users/gabri/.pico-sdk/sdk/2.1.0/src/rp2_common/hardware_timer/timer.c.obj
                0x100022dc                timer_time_us_64
 .text.time_us_64
                0x100022ec       0x14 CMakeFiles/atividade_adc_embarcatech.dir/C_/Users/gabri/.pico-sdk/sdk/2.1.0/src/rp2_common/hardware_timer/timer.c.obj
                0x100022ec                time_us_64
 .text.busy_wait_us
                0x10002300       0x68 CMakeFiles/atividade_adc_embarcatech.dir/C_/Users/gabri/.pico-sdk/sdk/2.1.0/src/rp2_common/hardware_timer/timer.c.obj
                0x10002300                busy_wait_us
 .text.busy_wait_until
                0x10002368       0x20 CMakeFiles/atividade_adc_embarcatech.dir/C_/Users/gabri/.pico-sdk/sdk/2.1.0/src/rp2_common/hardware_timer/timer.c.obj
                0x10002368                busy_wait_until
 .text.uart_init
                0x10002388      0x120 CMakeFiles/atividade_adc_embarcatech.dir/C_/Users/gabri/.pico-sdk/sdk/2.1.0/src/rp2_common/hardware_uart/uart.c.obj
                0x10002388                uart_init
 .text.clock_configure_int_divider
                0x100024a8       0xf4 CMakeFiles/atividade_adc_embarcatech.dir/C_/Users/gabri/.pico-sdk/sdk/2.1.0/src/rp2_common/hardware_clocks/clocks.c.obj
                0x100024a8                clock_configure_int_divider
 .text.clock_configure_undivided
                0x1000259c       0xe8 CMakeFiles/atividade_adc_embarcatech.dir/C_/Users/gabri/.pico-sdk/sdk/2.1.0/src/rp2_common/hardware_clocks/clocks.c.obj
                0x1000259c                clock_configure_undivided
 .text.clock_get_hz
                0x10002684        0xc CMakeFiles/atividade_adc_embarcatech.dir/C_/Users/gabri/.pico-sdk/sdk/2.1.0/src/rp2_common/hardware_clocks/clocks.c.obj
                0x10002684                clock_get_hz
 .text.pll_init
                0x10002690       0xa4 CMakeFiles/atividade_adc_embarcatech.dir/C_/Users/gabri/.pico-sdk/sdk/2.1.0/src/rp2_common/hardware_pll/pll.c.obj
                0x10002690                pll_init
 .text.watchdog_reboot
                0x10002734       0x9c CMakeFiles/atividade_adc_embarcatech.dir/C_/Users/gabri/.pico-sdk/sdk/2.1.0/src/rp2_common/hardware_watchdog/watchdog.c.obj
                0x10002734                watchdog_reboot
 .text.tick_start
                0x100027d0       0x10 CMakeFiles/atividade_adc_embarcatech.dir/C_/Users/gabri/.pico-sdk/sdk/2.1.0/src/rp2_common/hardware_ticks/ticks.c.obj
                0x100027d0                tick_start
 .text.rom_func_lookup
                0x100027e0       0x10 CMakeFiles/atividade_adc_embarcatech.dir/C_/Users/gabri/.pico-sdk/sdk/2.1.0/src/rp2_common/pico_bootrom/bootrom.c.obj
                0x100027e0                rom_func_lookup
 .text.rom_data_lookup
                0x100027f0       0x10 CMakeFiles/atividade_adc_embarcatech.dir/C_/Users/gabri/.pico-sdk/sdk/2.1.0/src/rp2_common/pico_bootrom/bootrom.c.obj
                0x100027f0                rom_data_lookup
 .text.rom_funcs_lookup
                0x10002800       0x44 CMakeFiles/atividade_adc_embarcatech.dir/C_/Users/gabri/.pico-sdk/sdk/2.1.0/src/rp2_common/pico_bootrom/bootrom.c.obj
                0x10002800                rom_funcs_lookup
 .text.rom_reset_usb_boot_extra
                0x10002844       0x28 CMakeFiles/atividade_adc_embarcatech.dir/C_/Users/gabri/.pico-sdk/sdk/2.1.0/src/rp2_common/pico_bootrom/bootrom.c.obj
                0x10002844                rom_reset_usb_boot_extra
 .text.xosc_init
                0x1000286c       0x28 CMakeFiles/atividade_adc_embarcatech.dir/C_/Users/gabri/.pico-sdk/sdk/2.1.0/src/rp2_common/hardware_xosc/xosc.c.obj
                0x1000286c                xosc_init
 .text.first_per_core_initializer
                0x10002894        0x4 CMakeFiles/atividade_adc_embarcatech.dir/C_/Users/gabri/.pico-sdk/sdk/2.1.0/src/rp2_common/pico_runtime/runtime.c.obj
 .text.hard_assertion_failure
                0x10002898        0xc CMakeFiles/atividade_adc_embarcatech.dir/C_/Users/gabri/.pico-sdk/sdk/2.1.0/src/rp2_common/pico_runtime/runtime.c.obj
                0x10002898                hard_assertion_failure
 .text.runtime_run_initializers
                0x100028a4       0x28 CMakeFiles/atividade_adc_embarcatech.dir/C_/Users/gabri/.pico-sdk/sdk/2.1.0/src/rp2_common/pico_runtime/runtime.c.obj
                0x100028a4                runtime_run_initializers
 .text.runtime_init_early_resets
                0x100028cc       0x2c CMakeFiles/atividade_adc_embarcatech.dir/C_/Users/gabri/.pico-sdk/sdk/2.1.0/src/rp2_common/pico_runtime_init/runtime_init.c.obj
                0x100028cc                runtime_init_early_resets
 .text.runtime_init_usb_power_down
                0x100028f8       0x1c CMakeFiles/atividade_adc_embarcatech.dir/C_/Users/gabri/.pico-sdk/sdk/2.1.0/src/rp2_common/pico_runtime_init/runtime_init.c.obj
                0x100028f8                runtime_init_usb_power_down
 .text.runtime_init_post_clock_resets
                0x10002914       0x20 CMakeFiles/atividade_adc_embarcatech.dir/C_/Users/gabri/.pico-sdk/sdk/2.1.0/src/rp2_common/pico_runtime_init/runtime_init.c.obj
                0x10002914                runtime_init_post_clock_resets
 .text.runtime_init_rp2040_gpio_ie_disable
                0x10002934       0x14 CMakeFiles/atividade_adc_embarcatech.dir/C_/Users/gabri/.pico-sdk/sdk/2.1.0/src/rp2_common/pico_runtime_init/runtime_init.c.obj
                0x10002934                runtime_init_rp2040_gpio_ie_disable
 .text.runtime_init_spin_locks_reset
                0x10002948        0x8 CMakeFiles/atividade_adc_embarcatech.dir/C_/Users/gabri/.pico-sdk/sdk/2.1.0/src/rp2_common/pico_runtime_init/runtime_init.c.obj
                0x10002948                runtime_init_spin_locks_reset
 .text.runtime_init_install_ram_vector_table
                0x10002950       0x1c CMakeFiles/atividade_adc_embarcatech.dir/C_/Users/gabri/.pico-sdk/sdk/2.1.0/src/rp2_common/pico_runtime_init/runtime_init.c.obj
                0x10002950                runtime_init_install_ram_vector_table
 .text.runtime_init_clocks
                0x1000296c       0xd8 CMakeFiles/atividade_adc_embarcatech.dir/C_/Users/gabri/.pico-sdk/sdk/2.1.0/src/rp2_common/pico_runtime_init/runtime_init_clocks.c.obj
                0x1000296c                runtime_init_clocks
 .text          0x10002a44       0x10 CMakeFiles/atividade_adc_embarcatech.dir/C_/Users/gabri/.pico-sdk/sdk/2.1.0/src/rp2_common/pico_bit_ops/bit_ops_aeabi.S.obj
 .text.__wrap___aeabi_idiv
                0x10002a54       0x50 CMakeFiles/atividade_adc_embarcatech.dir/C_/Users/gabri/.pico-sdk/sdk/2.1.0/src/rp2_common/pico_divider/divider_hardware.S.obj
                0x10002a54                __wrap___aeabi_idivmod
                0x10002a54                divmod_s32s32
                0x10002a54                div_s32s32
                0x10002a54                __wrap___aeabi_idiv
                0x10002a5c                divmod_s32s32_unsafe
                0x10002a88                divmod_s32s32_savestate
 .text.__wrap___aeabi_uidiv
                0x10002aa4       0x4c CMakeFiles/atividade_adc_embarcatech.dir/C_/Users/gabri/.pico-sdk/sdk/2.1.0/src/rp2_common/pico_divider/divider_hardware.S.obj
                0x10002aa4                __wrap___aeabi_uidiv
                0x10002aa4                __wrap___aeabi_uidivmod
                0x10002aa4                div_u32u32
                0x10002aa4                divmod_u32u32
                0x10002aac                divmod_u32u32_unsafe
                0x10002ad4                divmod_u32u32_savestate
 .text.__wrap___aeabi_ldiv
                0x10002af0      0x424 CMakeFiles/atividade_adc_embarcatech.dir/C_/Users/gabri/.pico-sdk/sdk/2.1.0/src/rp2_common/pico_divider/divider_hardware.S.obj
                0x10002af0                div_s64s64
                0x10002af0                divmod_s64s64
                0x10002af0                __wrap___aeabi_ldivmod
                0x10002b20                divmod_u64u64
                0x10002b20                div_u64u64
                0x10002b20                __wrap___aeabi_uldivmod
                0x10002b30                divmod_u64u64_savestate
                0x10002b50                divmod_s64s64_unsafe
                0x10002bd8                divmod_u64u64_unsafe
 .text.__wrap___aeabi_darithmetic
                0x10002f14       0x60 CMakeFiles/atividade_adc_embarcatech.dir/C_/Users/gabri/.pico-sdk/sdk/2.1.0/src/rp2_common/pico_double/double_aeabi_rp2040.S.obj
                0x10002f14                __wrap___aeabi_drsub
                0x10002f1a                __wrap___aeabi_dsub
                0x10002f24                __wrap___aeabi_dadd
                0x10002f2e                __wrap___aeabi_ddiv
                0x10002f62                __wrap___aeabi_dmul
 .text.__wrap___aeabi_cdcmple
                0x10002f74       0x6c CMakeFiles/atividade_adc_embarcatech.dir/C_/Users/gabri/.pico-sdk/sdk/2.1.0/src/rp2_common/pico_double/double_aeabi_rp2040.S.obj
                0x10002f74                __wrap___aeabi_cdrcmple
                0x10002f84                __wrap___aeabi_cdcmpeq
                0x10002f84                __wrap___aeabi_cdcmple
 .text.__wrap___aeabi_dcmplt
                0x10002fe0        0xc CMakeFiles/atividade_adc_embarcatech.dir/C_/Users/gabri/.pico-sdk/sdk/2.1.0/src/rp2_common/pico_double/double_aeabi_rp2040.S.obj
                0x10002fe0                __wrap___aeabi_dcmplt
 .text.__wrap___aeabi_dcmpge
                0x10002fec       0x10 CMakeFiles/atividade_adc_embarcatech.dir/C_/Users/gabri/.pico-sdk/sdk/2.1.0/src/rp2_common/pico_double/double_aeabi_rp2040.S.obj
                0x10002fec                __wrap___aeabi_dcmpge
 .text.__wrap___aeabi_dcmpgt
                0x10002ffc        0xa CMakeFiles/atividade_adc_embarcatech.dir/C_/Users/gabri/.pico-sdk/sdk/2.1.0/src/rp2_common/pico_double/double_aeabi_rp2040.S.obj
                0x10002ffc                __wrap___aeabi_dcmpgt
 .text.__wrap___aeabi_dcmpun
                0x10003006       0x18 CMakeFiles/atividade_adc_embarcatech.dir/C_/Users/gabri/.pico-sdk/sdk/2.1.0/src/rp2_common/pico_double/double_aeabi_rp2040.S.obj
                0x10003006                __wrap___aeabi_dcmpun
 *fill*         0x1000301e        0x2 
 .text.__wrap___aeabi_i2d
                0x10003020       0x38 CMakeFiles/atividade_adc_embarcatech.dir/C_/Users/gabri/.pico-sdk/sdk/2.1.0/src/rp2_common/pico_double/double_aeabi_rp2040.S.obj
                0x10003020                __wrap___aeabi_ui2d
                0x10003028                __wrap___aeabi_i2d
 .text.__wrap___aeabi_d2iz
                0x10003058       0x48 CMakeFiles/atividade_adc_embarcatech.dir/C_/Users/gabri/.pico-sdk/sdk/2.1.0/src/rp2_common/pico_double/double_aeabi_rp2040.S.obj
                0x10003058                double2int_z
                0x10003058                __wrap___aeabi_d2iz
 .text.__wrap___aeabi_d2uiz
                0x100030a0       0x10 CMakeFiles/atividade_adc_embarcatech.dir/C_/Users/gabri/.pico-sdk/sdk/2.1.0/src/rp2_common/pico_double/double_aeabi_rp2040.S.obj
                0x100030a0                __wrap___aeabi_d2uiz
                0x100030a0                double2uint
 .text.missing_double_func_shim
                0x100030b0        0xc CMakeFiles/atividade_adc_embarcatech.dir/C_/Users/gabri/.pico-sdk/sdk/2.1.0/src/rp2_common/pico_double/double_init_rom_rp2040.c.obj
 .text.__aeabi_double_init
                0x100030bc       0xa0 CMakeFiles/atividade_adc_embarcatech.dir/C_/Users/gabri/.pico-sdk/sdk/2.1.0/src/rp2_common/pico_double/double_init_rom_rp2040.c.obj
                0x100030bc                __aeabi_double_init
 .text.double_table_shim_on_use_helper
                0x1000315c       0x2c CMakeFiles/atividade_adc_embarcatech.dir/C_/Users/gabri/.pico-sdk/sdk/2.1.0/src/rp2_common/pico_double/double_v1_rom_shim_rp2040.S.obj
                0x1000315c                double_table_shim_on_use_helper
 .text.__aeabi_lmul
                0x10003188       0x32 CMakeFiles/atividade_adc_embarcatech.dir/C_/Users/gabri/.pico-sdk/sdk/2.1.0/src/rp2_common/pico_int64_ops/pico_int64_ops_aeabi.S.obj
                0x10003188                __wrap___aeabi_lmul
 *fill*         0x100031ba        0x2 
 .text.__wrap___aeabi_farithmetic
                0x100031bc       0x48 CMakeFiles/atividade_adc_embarcatech.dir/C_/Users/gabri/.pico-sdk/sdk/2.1.0/src/rp2_common/pico_float/float_aeabi_rp2040.S.obj
                0x100031bc                __wrap___aeabi_frsub
                0x100031c2                __wrap___aeabi_fsub
                0x100031c8                __wrap___aeabi_fadd
                0x100031ce                __wrap___aeabi_fdiv
                0x100031f6                __wrap___aeabi_fmul
 .text.__wrap___aeabi_i2f
                0x10003204       0x44 CMakeFiles/atividade_adc_embarcatech.dir/C_/Users/gabri/.pico-sdk/sdk/2.1.0/src/rp2_common/pico_float/float_aeabi_rp2040.S.obj
                0x10003204                __wrap___aeabi_i2f
                0x10003204                int2float
 .text.__wrap___aeabi_f2iz
                0x10003248       0x4e CMakeFiles/atividade_adc_embarcatech.dir/C_/Users/gabri/.pico-sdk/sdk/2.1.0/src/rp2_common/pico_float/float_aeabi_rp2040.S.obj
                0x10003248                float2int_z
                0x10003248                __wrap___aeabi_f2iz
 *fill*         0x10003296        0x2 
 .text.float2int
                0x10003298        0xc CMakeFiles/atividade_adc_embarcatech.dir/C_/Users/gabri/.pico-sdk/sdk/2.1.0/src/rp2_common/pico_float/float_aeabi_rp2040.S.obj
                0x10003298                float2int
 .text.__wrap___aeabi_f2uiz
                0x100032a4        0xc CMakeFiles/atividade_adc_embarcatech.dir/C_/Users/gabri/.pico-sdk/sdk/2.1.0/src/rp2_common/pico_float/float_aeabi_rp2040.S.obj
                0x100032a4                __wrap___aeabi_f2uiz
                0x100032a4                float2uint_z
 .text.missing_float_func_shim
                0x100032b0        0xc CMakeFiles/atividade_adc_embarcatech.dir/C_/Users/gabri/.pico-sdk/sdk/2.1.0/src/rp2_common/pico_float/float_init_rom_rp2040.c.obj
 .text.__aeabi_float_init
                0x100032bc       0x5c CMakeFiles/atividade_adc_embarcatech.dir/C_/Users/gabri/.pico-sdk/sdk/2.1.0/src/rp2_common/pico_float/float_init_rom_rp2040.c.obj
                0x100032bc                __aeabi_float_init
 .text.__wrap_calloc
                0x10003318       0x28 CMakeFiles/atividade_adc_embarcatech.dir/C_/Users/gabri/.pico-sdk/sdk/2.1.0/src/rp2_common/pico_malloc/malloc.c.obj
                0x10003318                __wrap_calloc
 .text          0x10003340       0x10 CMakeFiles/atividade_adc_embarcatech.dir/C_/Users/gabri/.pico-sdk/sdk/2.1.0/src/rp2_common/pico_mem_ops/mem_ops_aeabi.S.obj
                0x10003340                __aeabi_mem_init
 .text.memset   0x10003350        0xc CMakeFiles/atividade_adc_embarcatech.dir/C_/Users/gabri/.pico-sdk/sdk/2.1.0/src/rp2_common/pico_mem_ops/mem_ops_aeabi.S.obj
                0x10003350                __wrap_memset
 .text.memcpy   0x1000335c        0xc CMakeFiles/atividade_adc_embarcatech.dir/C_/Users/gabri/.pico-sdk/sdk/2.1.0/src/rp2_common/pico_mem_ops/mem_ops_aeabi.S.obj
                0x1000335c                __wrap_memcpy
                0x1000335c                __wrap___aeabi_memcpy
 .text._out_null
                0x10003368        0x4 CMakeFiles/atividade_adc_embarcatech.dir/C_/Users/gabri/.pico-sdk/sdk/2.1.0/src/rp2_common/pico_printf/printf.c.obj
 .text._out_rev
                0x1000336c       0xac CMakeFiles/atividade_adc_embarcatech.dir/C_/Users/gabri/.pico-sdk/sdk/2.1.0/src/rp2_common/pico_printf/printf.c.obj
 .text._ntoa_format
                0x10003418      0x250 CMakeFiles/atividade_adc_embarcatech.dir/C_/Users/gabri/.pico-sdk/sdk/2.1.0/src/rp2_common/pico_printf/printf.c.obj
 .text._out_char
                0x10003668       0x10 CMakeFiles/atividade_adc_embarcatech.dir/C_/Users/gabri/.pico-sdk/sdk/2.1.0/src/rp2_common/pico_printf/printf.c.obj
 .text._out_fct
                0x10003678       0x10 CMakeFiles/atividade_adc_embarcatech.dir/C_/Users/gabri/.pico-sdk/sdk/2.1.0/src/rp2_common/pico_printf/printf.c.obj
 .text._etoa    0x10003688      0x464 CMakeFiles/atividade_adc_embarcatech.dir/C_/Users/gabri/.pico-sdk/sdk/2.1.0/src/rp2_common/pico_printf/printf.c.obj
 .text._ftoa    0x10003aec      0x3c0 CMakeFiles/atividade_adc_embarcatech.dir/C_/Users/gabri/.pico-sdk/sdk/2.1.0/src/rp2_common/pico_printf/printf.c.obj
 .text._vsnprintf
                0x10003eac      0xbc8 CMakeFiles/atividade_adc_embarcatech.dir/C_/Users/gabri/.pico-sdk/sdk/2.1.0/src/rp2_common/pico_printf/printf.c.obj
 .text.vfctprintf
                0x10004a74       0x20 CMakeFiles/atividade_adc_embarcatech.dir/C_/Users/gabri/.pico-sdk/sdk/2.1.0/src/rp2_common/pico_printf/printf.c.obj
                0x10004a74                vfctprintf
 .text.weak_raw_vprintf
                0x10004a94       0x30 CMakeFiles/atividade_adc_embarcatech.dir/C_/Users/gabri/.pico-sdk/sdk/2.1.0/src/rp2_common/pico_printf/printf.c.obj
                0x10004a94                weak_raw_vprintf
 .text._exit    0x10004ac4        0x4 CMakeFiles/atividade_adc_embarcatech.dir/C_/Users/gabri/.pico-sdk/sdk/2.1.0/src/rp2_common/pico_clib_interface/newlib_interface.c.obj
                0x10004ac4                _exit
 .text._sbrk    0x10004ac8       0x34 CMakeFiles/atividade_adc_embarcatech.dir/C_/Users/gabri/.pico-sdk/sdk/2.1.0/src/rp2_common/pico_clib_interface/newlib_interface.c.obj
                0x10004ac8                _sbrk
 .text.exit     0x10004afc        0x8 CMakeFiles/atividade_adc_embarcatech.dir/C_/Users/gabri/.pico-sdk/sdk/2.1.0/src/rp2_common/pico_clib_interface/newlib_interface.c.obj
                0x10004afc                exit
 .text.runtime_init
                0x10004b04       0x2c CMakeFiles/atividade_adc_embarcatech.dir/C_/Users/gabri/.pico-sdk/sdk/2.1.0/src/rp2_common/pico_clib_interface/newlib_interface.c.obj
                0x10004b04                runtime_init
 .text.stdio_out_chars_no_crlf
                0x10004b30       0x10 CMakeFiles/atividade_adc_embarcatech.dir/C_/Users/gabri/.pico-sdk/sdk/2.1.0/src/rp2_common/pico_stdio/stdio.c.obj
 .text.stdio_out_chars_crlf
                0x10004b40       0x94 CMakeFiles/atividade_adc_embarcatech.dir/C_/Users/gabri/.pico-sdk/sdk/2.1.0/src/rp2_common/pico_stdio/stdio.c.obj
 .text.stdio_buffered_printer
                0x10004bd4       0x64 CMakeFiles/atividade_adc_embarcatech.dir/C_/Users/gabri/.pico-sdk/sdk/2.1.0/src/rp2_common/pico_stdio/stdio.c.obj
 .text.stdio_put_string
                0x10004c38      0x100 CMakeFiles/atividade_adc_embarcatech.dir/C_/Users/gabri/.pico-sdk/sdk/2.1.0/src/rp2_common/pico_stdio/stdio.c.obj
                0x10004c38                stdio_put_string
 .text.stdio_set_driver_enabled
                0x10004d38       0x30 CMakeFiles/atividade_adc_embarcatech.dir/C_/Users/gabri/.pico-sdk/sdk/2.1.0/src/rp2_common/pico_stdio/stdio.c.obj
                0x10004d38                stdio_set_driver_enabled
 .text.stdio_init_all
                0x10004d68       0x10 CMakeFiles/atividade_adc_embarcatech.dir/C_/Users/gabri/.pico-sdk/sdk/2.1.0/src/rp2_common/pico_stdio/stdio.c.obj
                0x10004d68                stdio_init_all
 .text.__wrap_putchar
                0x10004d78       0x98 CMakeFiles/atividade_adc_embarcatech.dir/C_/Users/gabri/.pico-sdk/sdk/2.1.0/src/rp2_common/pico_stdio/stdio.c.obj
                0x10004d78                __wrap_putchar
                0x10004d78                stdio_putchar
 .text.__wrap_puts
                0x10004e10       0x3c CMakeFiles/atividade_adc_embarcatech.dir/C_/Users/gabri/.pico-sdk/sdk/2.1.0/src/rp2_common/pico_stdio/stdio.c.obj
                0x10004e10                stdio_puts
                0x10004e10                __wrap_puts
 .text.__wrap_vprintf
                0x10004e4c       0xd4 CMakeFiles/atividade_adc_embarcatech.dir/C_/Users/gabri/.pico-sdk/sdk/2.1.0/src/rp2_common/pico_stdio/stdio.c.obj
                0x10004e4c                stdio_vprintf
                0x10004e4c                __wrap_vprintf
 .text.__wrap_printf
                0x10004f20       0x18 CMakeFiles/atividade_adc_embarcatech.dir/C_/Users/gabri/.pico-sdk/sdk/2.1.0/src/rp2_common/pico_stdio/stdio.c.obj
                0x10004f20                __wrap_printf
                0x10004f20                stdio_printf
 .text.stdio_uart_out_chars
                0x10004f38       0x4c CMakeFiles/atividade_adc_embarcatech.dir/C_/Users/gabri/.pico-sdk/sdk/2.1.0/src/rp2_common/pico_stdio_uart/stdio_uart.c.obj
 .text.stdio_uart_in_chars
                0x10004f84       0x90 CMakeFiles/atividade_adc_embarcatech.dir/C_/Users/gabri/.pico-sdk/sdk/2.1.0/src/rp2_common/pico_stdio_uart/stdio_uart.c.obj
                0x10004f84                stdio_uart_in_chars
 .text.on_uart_rx
                0x10005014       0x28 CMakeFiles/atividade_adc_embarcatech.dir/C_/Users/gabri/.pico-sdk/sdk/2.1.0/src/rp2_common/pico_stdio_uart/stdio_uart.c.obj
 .text.stdio_uart_out_flush
                0x1000503c       0x14 CMakeFiles/atividade_adc_embarcatech.dir/C_/Users/gabri/.pico-sdk/sdk/2.1.0/src/rp2_common/pico_stdio_uart/stdio_uart.c.obj
 .text.stdio_uart_set_chars_available_callback
                0x10005050       0x84 CMakeFiles/atividade_adc_embarcatech.dir/C_/Users/gabri/.pico-sdk/sdk/2.1.0/src/rp2_common/pico_stdio_uart/stdio_uart.c.obj
 .text.stdio_uart_init
                0x100050d4       0x50 CMakeFiles/atividade_adc_embarcatech.dir/C_/Users/gabri/.pico-sdk/sdk/2.1.0/src/rp2_common/pico_stdio_uart/stdio_uart.c.obj
                0x100050d4                stdio_uart_init
 .text.resetd_init
                0x10005124        0x4 CMakeFiles/atividade_adc_embarcatech.dir/C_/Users/gabri/.pico-sdk/sdk/2.1.0/src/rp2_common/pico_stdio_usb/reset_interface.c.obj
 .text.resetd_reset
                0x10005128        0xc CMakeFiles/atividade_adc_embarcatech.dir/C_/Users/gabri/.pico-sdk/sdk/2.1.0/src/rp2_common/pico_stdio_usb/reset_interface.c.obj
 .text.resetd_open
                0x10005134       0x28 CMakeFiles/atividade_adc_embarcatech.dir/C_/Users/gabri/.pico-sdk/sdk/2.1.0/src/rp2_common/pico_stdio_usb/reset_interface.c.obj
 .text.resetd_xfer_cb
                0x1000515c        0x4 CMakeFiles/atividade_adc_embarcatech.dir/C_/Users/gabri/.pico-sdk/sdk/2.1.0/src/rp2_common/pico_stdio_usb/reset_interface.c.obj
 .text.resetd_control_xfer_cb
                0x10005160       0x5c CMakeFiles/atividade_adc_embarcatech.dir/C_/Users/gabri/.pico-sdk/sdk/2.1.0/src/rp2_common/pico_stdio_usb/reset_interface.c.obj
 .text.tud_descriptor_bos_cb
                0x100051bc        0x8 CMakeFiles/atividade_adc_embarcatech.dir/C_/Users/gabri/.pico-sdk/sdk/2.1.0/src/rp2_common/pico_stdio_usb/reset_interface.c.obj
                0x100051bc                tud_descriptor_bos_cb
 .text.tud_vendor_control_xfer_cb
                0x100051c4       0x34 CMakeFiles/atividade_adc_embarcatech.dir/C_/Users/gabri/.pico-sdk/sdk/2.1.0/src/rp2_common/pico_stdio_usb/reset_interface.c.obj
                0x100051c4                tud_vendor_control_xfer_cb
 .text.usbd_app_driver_get_cb
                0x100051f8        0xc CMakeFiles/atividade_adc_embarcatech.dir/C_/Users/gabri/.pico-sdk/sdk/2.1.0/src/rp2_common/pico_stdio_usb/reset_interface.c.obj
                0x100051f8                usbd_app_driver_get_cb
 .text.tud_cdc_line_coding_cb
                0x10005204       0x2c CMakeFiles/atividade_adc_embarcatech.dir/C_/Users/gabri/.pico-sdk/sdk/2.1.0/src/rp2_common/pico_stdio_usb/reset_interface.c.obj
                0x10005204                tud_cdc_line_coding_cb
 .text.stdio_usb_set_chars_available_callback
                0x10005230       0x14 CMakeFiles/atividade_adc_embarcatech.dir/C_/Users/gabri/.pico-sdk/sdk/2.1.0/src/rp2_common/pico_stdio_usb/stdio_usb.c.obj
                0x10005230                stdio_usb_set_chars_available_callback
 .text.usb_irq  0x10005244       0x10 CMakeFiles/atividade_adc_embarcatech.dir/C_/Users/gabri/.pico-sdk/sdk/2.1.0/src/rp2_common/pico_stdio_usb/stdio_usb.c.obj
 .text.timer_task
                0x10005254       0x64 CMakeFiles/atividade_adc_embarcatech.dir/C_/Users/gabri/.pico-sdk/sdk/2.1.0/src/rp2_common/pico_stdio_usb/stdio_usb.c.obj
 .text.stdio_usb_in_chars
                0x100052b8       0x90 CMakeFiles/atividade_adc_embarcatech.dir/C_/Users/gabri/.pico-sdk/sdk/2.1.0/src/rp2_common/pico_stdio_usb/stdio_usb.c.obj
                0x100052b8                stdio_usb_in_chars
 .text.stdio_usb_out_flush
                0x10005348       0x50 CMakeFiles/atividade_adc_embarcatech.dir/C_/Users/gabri/.pico-sdk/sdk/2.1.0/src/rp2_common/pico_stdio_usb/stdio_usb.c.obj
 .text.stdio_usb_out_chars
                0x10005398      0x104 CMakeFiles/atividade_adc_embarcatech.dir/C_/Users/gabri/.pico-sdk/sdk/2.1.0/src/rp2_common/pico_stdio_usb/stdio_usb.c.obj
 .text.low_priority_worker_irq
                0x1000549c       0xcc CMakeFiles/atividade_adc_embarcatech.dir/C_/Users/gabri/.pico-sdk/sdk/2.1.0/src/rp2_common/pico_stdio_usb/stdio_usb.c.obj
 .text.stdio_usb_init
                0x10005568       0xe8 CMakeFiles/atividade_adc_embarcatech.dir/C_/Users/gabri/.pico-sdk/sdk/2.1.0/src/rp2_common/pico_stdio_usb/stdio_usb.c.obj
                0x10005568                stdio_usb_init
 .text.tud_descriptor_device_cb
                0x10005650        0x8 CMakeFiles/atividade_adc_embarcatech.dir/C_/Users/gabri/.pico-sdk/sdk/2.1.0/src/rp2_common/pico_stdio_usb/stdio_usb_descriptors.c.obj
                0x10005650                tud_descriptor_device_cb
 .text.tud_descriptor_configuration_cb
                0x10005658        0x8 CMakeFiles/atividade_adc_embarcatech.dir/C_/Users/gabri/.pico-sdk/sdk/2.1.0/src/rp2_common/pico_stdio_usb/stdio_usb_descriptors.c.obj
                0x10005658                tud_descriptor_configuration_cb
 .text.tud_descriptor_string_cb
                0x10005660       0x78 CMakeFiles/atividade_adc_embarcatech.dir/C_/Users/gabri/.pico-sdk/sdk/2.1.0/src/rp2_common/pico_stdio_usb/stdio_usb_descriptors.c.obj
                0x10005660                tud_descriptor_string_cb
 .text.startup._retrieve_unique_id_on_boot
                0x100056d8       0x10 CMakeFiles/atividade_adc_embarcatech.dir/C_/Users/gabri/.pico-sdk/sdk/2.1.0/src/rp2_common/pico_unique_id/unique_id.c.obj
 .text.pico_get_unique_board_id_string
                0x100056e8      0x1a8 CMakeFiles/atividade_adc_embarcatech.dir/C_/Users/gabri/.pico-sdk/sdk/2.1.0/src/rp2_common/pico_unique_id/unique_id.c.obj
                0x100056e8                pico_get_unique_board_id_string
 .text.flash_get_unique_id
                0x10005890       0x3c CMakeFiles/atividade_adc_embarcatech.dir/C_/Users/gabri/.pico-sdk/sdk/2.1.0/src/rp2_common/hardware_flash/flash.c.obj
                0x10005890                flash_get_unique_id
 .text.dcd_init
                0x100058cc       0x8c CMakeFiles/atividade_adc_embarcatech.dir/C_/Users/gabri/.pico-sdk/sdk/2.1.0/lib/tinyusb/src/portable/raspberrypi/rp2040/dcd_rp2040.c.obj
                0x100058cc                dcd_init
 .text.dcd_int_enable
                0x10005958        0xc CMakeFiles/atividade_adc_embarcatech.dir/C_/Users/gabri/.pico-sdk/sdk/2.1.0/lib/tinyusb/src/portable/raspberrypi/rp2040/dcd_rp2040.c.obj
                0x10005958                dcd_int_enable
 .text.dcd_set_address
                0x10005964       0x14 CMakeFiles/atividade_adc_embarcatech.dir/C_/Users/gabri/.pico-sdk/sdk/2.1.0/lib/tinyusb/src/portable/raspberrypi/rp2040/dcd_rp2040.c.obj
                0x10005964                dcd_set_address
 .text.dcd_sof_enable
                0x10005978       0x1c CMakeFiles/atividade_adc_embarcatech.dir/C_/Users/gabri/.pico-sdk/sdk/2.1.0/lib/tinyusb/src/portable/raspberrypi/rp2040/dcd_rp2040.c.obj
                0x10005978                dcd_sof_enable
 .text.dcd_edpt0_status_complete
                0x10005994       0x1c CMakeFiles/atividade_adc_embarcatech.dir/C_/Users/gabri/.pico-sdk/sdk/2.1.0/lib/tinyusb/src/portable/raspberrypi/rp2040/dcd_rp2040.c.obj
                0x10005994                dcd_edpt0_status_complete
 .text.dcd_edpt_open
                0x100059b0      0x108 CMakeFiles/atividade_adc_embarcatech.dir/C_/Users/gabri/.pico-sdk/sdk/2.1.0/lib/tinyusb/src/portable/raspberrypi/rp2040/dcd_rp2040.c.obj
                0x100059b0                dcd_edpt_open
 .text.dcd_edpt_close_all
                0x10005ab8        0x8 CMakeFiles/atividade_adc_embarcatech.dir/C_/Users/gabri/.pico-sdk/sdk/2.1.0/lib/tinyusb/src/portable/raspberrypi/rp2040/dcd_rp2040.c.obj
                0x10005ab8                dcd_edpt_close_all
 .text.dcd_edpt_xfer
                0x10005ac0       0x24 CMakeFiles/atividade_adc_embarcatech.dir/C_/Users/gabri/.pico-sdk/sdk/2.1.0/lib/tinyusb/src/portable/raspberrypi/rp2040/dcd_rp2040.c.obj
                0x10005ac0                dcd_edpt_xfer
 .text.dcd_edpt_stall
                0x10005ae4       0x34 CMakeFiles/atividade_adc_embarcatech.dir/C_/Users/gabri/.pico-sdk/sdk/2.1.0/lib/tinyusb/src/portable/raspberrypi/rp2040/dcd_rp2040.c.obj
                0x10005ae4                dcd_edpt_stall
 .text.dcd_edpt_clear_stall
                0x10005b18       0x30 CMakeFiles/atividade_adc_embarcatech.dir/C_/Users/gabri/.pico-sdk/sdk/2.1.0/lib/tinyusb/src/portable/raspberrypi/rp2040/dcd_rp2040.c.obj
                0x10005b18                dcd_edpt_clear_stall
 .text.rp2040_usb_init
                0x10005b48       0x40 CMakeFiles/atividade_adc_embarcatech.dir/C_/Users/gabri/.pico-sdk/sdk/2.1.0/lib/tinyusb/src/portable/raspberrypi/rp2040/rp2040_usb.c.obj
                0x10005b48                rp2040_usb_init
 .text.hw_endpoint_xfer_start
                0x10005b88       0x40 CMakeFiles/atividade_adc_embarcatech.dir/C_/Users/gabri/.pico-sdk/sdk/2.1.0/lib/tinyusb/src/portable/raspberrypi/rp2040/rp2040_usb.c.obj
                0x10005b88                hw_endpoint_xfer_start
 .text.tud_event_hook_cb
                0x10005bc8        0x4 CMakeFiles/atividade_adc_embarcatech.dir/C_/Users/gabri/.pico-sdk/sdk/2.1.0/lib/tinyusb/src/device/usbd.c.obj
                0x10005bc8                tud_event_hook_cb
 .text.tud_sof_cb
                0x10005bcc        0x4 CMakeFiles/atividade_adc_embarcatech.dir/C_/Users/gabri/.pico-sdk/sdk/2.1.0/lib/tinyusb/src/device/usbd.c.obj
                0x10005bcc                tud_sof_cb
 .text.tud_descriptor_device_qualifier_cb
                0x10005bd0        0x4 CMakeFiles/atividade_adc_embarcatech.dir/C_/Users/gabri/.pico-sdk/sdk/2.1.0/lib/tinyusb/src/device/usbd.c.obj
                0x10005bd0                tud_descriptor_device_qualifier_cb
 .text.tud_descriptor_other_speed_configuration_cb
                0x10005bd4        0x4 CMakeFiles/atividade_adc_embarcatech.dir/C_/Users/gabri/.pico-sdk/sdk/2.1.0/lib/tinyusb/src/device/usbd.c.obj
                0x10005bd4                tud_descriptor_other_speed_configuration_cb
 .text.tud_mount_cb
                0x10005bd8        0x4 CMakeFiles/atividade_adc_embarcatech.dir/C_/Users/gabri/.pico-sdk/sdk/2.1.0/lib/tinyusb/src/device/usbd.c.obj
                0x10005bd8                tud_mount_cb
 .text.tud_umount_cb
                0x10005bdc        0x4 CMakeFiles/atividade_adc_embarcatech.dir/C_/Users/gabri/.pico-sdk/sdk/2.1.0/lib/tinyusb/src/device/usbd.c.obj
                0x10005bdc                tud_umount_cb
 .text.tud_suspend_cb
                0x10005be0        0x4 CMakeFiles/atividade_adc_embarcatech.dir/C_/Users/gabri/.pico-sdk/sdk/2.1.0/lib/tinyusb/src/device/usbd.c.obj
                0x10005be0                tud_suspend_cb
 .text.tud_resume_cb
                0x10005be4        0x4 CMakeFiles/atividade_adc_embarcatech.dir/C_/Users/gabri/.pico-sdk/sdk/2.1.0/lib/tinyusb/src/device/usbd.c.obj
                0x10005be4                tud_resume_cb
 .text.tud_mounted
                0x10005be8       0x10 CMakeFiles/atividade_adc_embarcatech.dir/C_/Users/gabri/.pico-sdk/sdk/2.1.0/lib/tinyusb/src/device/usbd.c.obj
                0x10005be8                tud_mounted
 .text.tud_suspended
                0x10005bf8       0x10 CMakeFiles/atividade_adc_embarcatech.dir/C_/Users/gabri/.pico-sdk/sdk/2.1.0/lib/tinyusb/src/device/usbd.c.obj
                0x10005bf8                tud_suspended
 .text.tud_init
                0x10005c08       0xe4 CMakeFiles/atividade_adc_embarcatech.dir/C_/Users/gabri/.pico-sdk/sdk/2.1.0/lib/tinyusb/src/device/usbd.c.obj
                0x10005c08                tud_init
 .text.tud_task_ext
                0x10005cec      0x800 CMakeFiles/atividade_adc_embarcatech.dir/C_/Users/gabri/.pico-sdk/sdk/2.1.0/lib/tinyusb/src/device/usbd.c.obj
                0x10005cec                tud_task_ext
 .text.usbd_open_edpt_pair
                0x100064ec       0x9c CMakeFiles/atividade_adc_embarcatech.dir/C_/Users/gabri/.pico-sdk/sdk/2.1.0/lib/tinyusb/src/device/usbd.c.obj
                0x100064ec                usbd_open_edpt_pair
 .text.usbd_edpt_open
                0x10006588       0x34 CMakeFiles/atividade_adc_embarcatech.dir/C_/Users/gabri/.pico-sdk/sdk/2.1.0/lib/tinyusb/src/device/usbd.c.obj
                0x10006588                usbd_edpt_open
 .text.usbd_edpt_claim
                0x100065bc       0x28 CMakeFiles/atividade_adc_embarcatech.dir/C_/Users/gabri/.pico-sdk/sdk/2.1.0/lib/tinyusb/src/device/usbd.c.obj
                0x100065bc                usbd_edpt_claim
 .text.usbd_edpt_release
                0x100065e4       0x28 CMakeFiles/atividade_adc_embarcatech.dir/C_/Users/gabri/.pico-sdk/sdk/2.1.0/lib/tinyusb/src/device/usbd.c.obj
                0x100065e4                usbd_edpt_release
 .text.usbd_edpt_xfer
                0x1000660c       0x4c CMakeFiles/atividade_adc_embarcatech.dir/C_/Users/gabri/.pico-sdk/sdk/2.1.0/lib/tinyusb/src/device/usbd.c.obj
                0x1000660c                usbd_edpt_xfer
 .text.tud_control_status
                0x10006658       0x2c CMakeFiles/atividade_adc_embarcatech.dir/C_/Users/gabri/.pico-sdk/sdk/2.1.0/lib/tinyusb/src/device/usbd_control.c.obj
                0x10006658                tud_control_status
 .text.tud_control_xfer
                0x10006684       0xac CMakeFiles/atividade_adc_embarcatech.dir/C_/Users/gabri/.pico-sdk/sdk/2.1.0/lib/tinyusb/src/device/usbd_control.c.obj
                0x10006684                tud_control_xfer
 .text.usbd_control_reset
                0x10006730       0x14 CMakeFiles/atividade_adc_embarcatech.dir/C_/Users/gabri/.pico-sdk/sdk/2.1.0/lib/tinyusb/src/device/usbd_control.c.obj
                0x10006730                usbd_control_reset
 .text.usbd_control_set_complete_callback
                0x10006744        0xc CMakeFiles/atividade_adc_embarcatech.dir/C_/Users/gabri/.pico-sdk/sdk/2.1.0/lib/tinyusb/src/device/usbd_control.c.obj
                0x10006744                usbd_control_set_complete_callback
 .text.usbd_control_set_request
                0x10006750       0x1c CMakeFiles/atividade_adc_embarcatech.dir/C_/Users/gabri/.pico-sdk/sdk/2.1.0/lib/tinyusb/src/device/usbd_control.c.obj
                0x10006750                usbd_control_set_request
 .text.usbd_control_xfer_cb
                0x1000676c       0xec CMakeFiles/atividade_adc_embarcatech.dir/C_/Users/gabri/.pico-sdk/sdk/2.1.0/lib/tinyusb/src/device/usbd_control.c.obj
                0x1000676c                usbd_control_xfer_cb
 .text._prep_out_transaction.isra.0
                0x10006858       0x5c CMakeFiles/atividade_adc_embarcatech.dir/C_/Users/gabri/.pico-sdk/sdk/2.1.0/lib/tinyusb/src/class/cdc/cdc_device.c.obj
 .text.tud_cdc_n_connected
                0x100068b4       0x30 CMakeFiles/atividade_adc_embarcatech.dir/C_/Users/gabri/.pico-sdk/sdk/2.1.0/lib/tinyusb/src/class/cdc/cdc_device.c.obj
                0x100068b4                tud_cdc_n_connected
 .text.tud_cdc_n_available
                0x100068e4       0x18 CMakeFiles/atividade_adc_embarcatech.dir/C_/Users/gabri/.pico-sdk/sdk/2.1.0/lib/tinyusb/src/class/cdc/cdc_device.c.obj
                0x100068e4                tud_cdc_n_available
 .text.tud_cdc_n_read
                0x100068fc       0x98 CMakeFiles/atividade_adc_embarcatech.dir/C_/Users/gabri/.pico-sdk/sdk/2.1.0/lib/tinyusb/src/class/cdc/cdc_device.c.obj
                0x100068fc                tud_cdc_n_read
 .text.tud_cdc_n_write_flush
                0x10006994       0x78 CMakeFiles/atividade_adc_embarcatech.dir/C_/Users/gabri/.pico-sdk/sdk/2.1.0/lib/tinyusb/src/class/cdc/cdc_device.c.obj
                0x10006994                tud_cdc_n_write_flush
 .text.tud_cdc_n_write
                0x10006a0c       0x40 CMakeFiles/atividade_adc_embarcatech.dir/C_/Users/gabri/.pico-sdk/sdk/2.1.0/lib/tinyusb/src/class/cdc/cdc_device.c.obj
                0x10006a0c                tud_cdc_n_write
 .text.tud_cdc_n_write_available
                0x10006a4c       0x18 CMakeFiles/atividade_adc_embarcatech.dir/C_/Users/gabri/.pico-sdk/sdk/2.1.0/lib/tinyusb/src/class/cdc/cdc_device.c.obj
                0x10006a4c                tud_cdc_n_write_available
 .text.cdcd_init
                0x10006a64       0x7c CMakeFiles/atividade_adc_embarcatech.dir/C_/Users/gabri/.pico-sdk/sdk/2.1.0/lib/tinyusb/src/class/cdc/cdc_device.c.obj
                0x10006a64                cdcd_init
 .text.cdcd_deinit
                0x10006ae0       0x34 CMakeFiles/atividade_adc_embarcatech.dir/C_/Users/gabri/.pico-sdk/sdk/2.1.0/lib/tinyusb/src/class/cdc/cdc_device.c.obj
                0x10006ae0                cdcd_deinit
 .text.cdcd_reset
                0x10006b14       0x4c CMakeFiles/atividade_adc_embarcatech.dir/C_/Users/gabri/.pico-sdk/sdk/2.1.0/lib/tinyusb/src/class/cdc/cdc_device.c.obj
                0x10006b14                cdcd_reset
 .text.cdcd_open
                0x10006b60       0xb0 CMakeFiles/atividade_adc_embarcatech.dir/C_/Users/gabri/.pico-sdk/sdk/2.1.0/lib/tinyusb/src/class/cdc/cdc_device.c.obj
                0x10006b60                cdcd_open
 .text.cdcd_control_xfer_cb
                0x10006c10       0xe4 CMakeFiles/atividade_adc_embarcatech.dir/C_/Users/gabri/.pico-sdk/sdk/2.1.0/lib/tinyusb/src/class/cdc/cdc_device.c.obj
                0x10006c10                cdcd_control_xfer_cb
 .text.cdcd_xfer_cb
                0x10006cf4      0x100 CMakeFiles/atividade_adc_embarcatech.dir/C_/Users/gabri/.pico-sdk/sdk/2.1.0/lib/tinyusb/src/class/cdc/cdc_device.c.obj
                0x10006cf4                cdcd_xfer_cb
 .text.vendord_init
                0x10006df4       0x5c CMakeFiles/atividade_adc_embarcatech.dir/C_/Users/gabri/.pico-sdk/sdk/2.1.0/lib/tinyusb/src/class/vendor/vendor_device.c.obj
                0x10006df4                vendord_init
 .text.vendord_deinit
                0x10006e50       0x1c CMakeFiles/atividade_adc_embarcatech.dir/C_/Users/gabri/.pico-sdk/sdk/2.1.0/lib/tinyusb/src/class/vendor/vendor_device.c.obj
                0x10006e50                vendord_deinit
 .text.vendord_reset
                0x10006e6c       0x20 CMakeFiles/atividade_adc_embarcatech.dir/C_/Users/gabri/.pico-sdk/sdk/2.1.0/lib/tinyusb/src/class/vendor/vendor_device.c.obj
                0x10006e6c                vendord_reset
 .text.vendord_open
                0x10006e8c      0x138 CMakeFiles/atividade_adc_embarcatech.dir/C_/Users/gabri/.pico-sdk/sdk/2.1.0/lib/tinyusb/src/class/vendor/vendor_device.c.obj
                0x10006e8c                vendord_open
 .text.vendord_xfer_cb
                0x10006fc4       0x9c CMakeFiles/atividade_adc_embarcatech.dir/C_/Users/gabri/.pico-sdk/sdk/2.1.0/lib/tinyusb/src/class/vendor/vendor_device.c.obj
                0x10006fc4                vendord_xfer_cb
 .text.tusb_init
                0x10007060        0xc CMakeFiles/atividade_adc_embarcatech.dir/C_/Users/gabri/.pico-sdk/sdk/2.1.0/lib/tinyusb/src/tusb.c.obj
                0x10007060                tusb_init
 .text.tu_edpt_claim
                0x1000706c       0x50 CMakeFiles/atividade_adc_embarcatech.dir/C_/Users/gabri/.pico-sdk/sdk/2.1.0/lib/tinyusb/src/tusb.c.obj
                0x1000706c                tu_edpt_claim
 .text.tu_edpt_release
                0x100070bc       0x38 CMakeFiles/atividade_adc_embarcatech.dir/C_/Users/gabri/.pico-sdk/sdk/2.1.0/lib/tinyusb/src/tusb.c.obj
                0x100070bc                tu_edpt_release
 .text.tu_edpt_validate
                0x100070f4       0x7c CMakeFiles/atividade_adc_embarcatech.dir/C_/Users/gabri/.pico-sdk/sdk/2.1.0/lib/tinyusb/src/tusb.c.obj
                0x100070f4                tu_edpt_validate
 .text.tu_edpt_bind_driver
                0x10007170       0x34 CMakeFiles/atividade_adc_embarcatech.dir/C_/Users/gabri/.pico-sdk/sdk/2.1.0/lib/tinyusb/src/tusb.c.obj
                0x10007170                tu_edpt_bind_driver
 .text.tu_edpt_stream_init
                0x100071a4       0x6c CMakeFiles/atividade_adc_embarcatech.dir/C_/Users/gabri/.pico-sdk/sdk/2.1.0/lib/tinyusb/src/tusb.c.obj
                0x100071a4                tu_edpt_stream_init
 .text.tu_edpt_stream_deinit
                0x10007210        0x4 CMakeFiles/atividade_adc_embarcatech.dir/C_/Users/gabri/.pico-sdk/sdk/2.1.0/lib/tinyusb/src/tusb.c.obj
                0x10007210                tu_edpt_stream_deinit
 .text.tu_edpt_stream_write_zlp_if_needed
                0x10007214       0x68 CMakeFiles/atividade_adc_embarcatech.dir/C_/Users/gabri/.pico-sdk/sdk/2.1.0/lib/tinyusb/src/tusb.c.obj
                0x10007214                tu_edpt_stream_write_zlp_if_needed
 .text.tu_edpt_stream_write_xfer
                0x1000727c       0x64 CMakeFiles/atividade_adc_embarcatech.dir/C_/Users/gabri/.pico-sdk/sdk/2.1.0/lib/tinyusb/src/tusb.c.obj
                0x1000727c                tu_edpt_stream_write_xfer
 .text.tu_edpt_stream_read_xfer
                0x100072e0       0xdc CMakeFiles/atividade_adc_embarcatech.dir/C_/Users/gabri/.pico-sdk/sdk/2.1.0/lib/tinyusb/src/tusb.c.obj
                0x100072e0                tu_edpt_stream_read_xfer
 .text.tu_fifo_config
                0x100073bc       0x6c CMakeFiles/atividade_adc_embarcatech.dir/C_/Users/gabri/.pico-sdk/sdk/2.1.0/lib/tinyusb/src/common/tusb_fifo.c.obj
                0x100073bc                tu_fifo_config
 .text.tu_fifo_count
                0x10007428       0x2c CMakeFiles/atividade_adc_embarcatech.dir/C_/Users/gabri/.pico-sdk/sdk/2.1.0/lib/tinyusb/src/common/tusb_fifo.c.obj
                0x10007428                tu_fifo_count
 .text.tu_fifo_empty
                0x10007454       0x10 CMakeFiles/atividade_adc_embarcatech.dir/C_/Users/gabri/.pico-sdk/sdk/2.1.0/lib/tinyusb/src/common/tusb_fifo.c.obj
                0x10007454                tu_fifo_empty
 .text.tu_fifo_remaining
                0x10007464       0x2c CMakeFiles/atividade_adc_embarcatech.dir/C_/Users/gabri/.pico-sdk/sdk/2.1.0/lib/tinyusb/src/common/tusb_fifo.c.obj
                0x10007464                tu_fifo_remaining
 .text.tu_fifo_read
                0x10007490       0x9c CMakeFiles/atividade_adc_embarcatech.dir/C_/Users/gabri/.pico-sdk/sdk/2.1.0/lib/tinyusb/src/common/tusb_fifo.c.obj
                0x10007490                tu_fifo_read
 .text.tu_fifo_read_n
                0x1000752c       0xe8 CMakeFiles/atividade_adc_embarcatech.dir/C_/Users/gabri/.pico-sdk/sdk/2.1.0/lib/tinyusb/src/common/tusb_fifo.c.obj
                0x1000752c                tu_fifo_read_n
 .text.tu_fifo_write
                0x10007614       0xa8 CMakeFiles/atividade_adc_embarcatech.dir/C_/Users/gabri/.pico-sdk/sdk/2.1.0/lib/tinyusb/src/common/tusb_fifo.c.obj
                0x10007614                tu_fifo_write
 .text.tu_fifo_write_n
                0x100076bc      0x178 CMakeFiles/atividade_adc_embarcatech.dir/C_/Users/gabri/.pico-sdk/sdk/2.1.0/lib/tinyusb/src/common/tusb_fifo.c.obj
                0x100076bc                tu_fifo_write_n
 .text.tu_fifo_clear
                0x10007834       0x40 CMakeFiles/atividade_adc_embarcatech.dir/C_/Users/gabri/.pico-sdk/sdk/2.1.0/lib/tinyusb/src/common/tusb_fifo.c.obj
                0x10007834                tu_fifo_clear
 .text.tu_fifo_set_overwritable
                0x10007874       0x48 CMakeFiles/atividade_adc_embarcatech.dir/C_/Users/gabri/.pico-sdk/sdk/2.1.0/lib/tinyusb/src/common/tusb_fifo.c.obj
                0x10007874                tu_fifo_set_overwritable
 .text.adc_init
                0x100078bc       0x38 CMakeFiles/atividade_adc_embarcatech.dir/C_/Users/gabri/.pico-sdk/sdk/2.1.0/src/rp2_common/hardware_adc/adc.c.obj
                0x100078bc                adc_init
 .text.i2c_write_blocking_internal.constprop.0
                0x100078f4       0xd0 CMakeFiles/atividade_adc_embarcatech.dir/C_/Users/gabri/.pico-sdk/sdk/2.1.0/src/rp2_common/hardware_i2c/i2c.c.obj
 .text.i2c_set_baudrate
                0x100079c4       0xc0 CMakeFiles/atividade_adc_embarcatech.dir/C_/Users/gabri/.pico-sdk/sdk/2.1.0/src/rp2_common/hardware_i2c/i2c.c.obj
                0x100079c4                i2c_set_baudrate
 .text.i2c_init
                0x10007a84       0x50 CMakeFiles/atividade_adc_embarcatech.dir/C_/Users/gabri/.pico-sdk/sdk/2.1.0/src/rp2_common/hardware_i2c/i2c.c.obj
                0x10007a84                i2c_init
 .text.i2c_write_blocking
                0x10007ad4       0x14 CMakeFiles/atividade_adc_embarcatech.dir/C_/Users/gabri/.pico-sdk/sdk/2.1.0/src/rp2_common/hardware_i2c/i2c.c.obj
                0x10007ad4                i2c_write_blocking
 .text.calloc   0x10007ae8       0x18 C:/Users/gabri/.pico-sdk/toolchain/13_3_Rel1/bin/../lib/gcc/arm-none-eabi/13.3.1/thumb/v6-m/nofp\libg.a(libc_a-calloc.o)
                0x10007ae8                calloc
 .text._calloc_r
                0x10007b00       0xa8 C:/Users/gabri/.pico-sdk/toolchain/13_3_Rel1/bin/../lib/gcc/arm-none-eabi/13.3.1/thumb/v6-m/nofp\libg.a(libc_a-callocr.o)
                0x10007b00                _calloc_r
 .text._malloc_r
                0x10007ba8      0x5c4 C:/Users/gabri/.pico-sdk/toolchain/13_3_Rel1/bin/../lib/gcc/arm-none-eabi/13.3.1/thumb/v6-m/nofp\libg.a(libc_a-mallocr.o)
                0x10007ba8                _malloc_r
 .text.__malloc_lock
                0x1000816c       0x10 C:/Users/gabri/.pico-sdk/toolchain/13_3_Rel1/bin/../lib/gcc/arm-none-eabi/13.3.1/thumb/v6-m/nofp\libg.a(libc_a-mlock.o)
                0x1000816c                __malloc_lock
 .text.__malloc_unlock
                0x1000817c       0x10 C:/Users/gabri/.pico-sdk/toolchain/13_3_Rel1/bin/../lib/gcc/arm-none-eabi/13.3.1/thumb/v6-m/nofp\libg.a(libc_a-mlock.o)
                0x1000817c                __malloc_unlock
 .text._sbrk_r  0x1000818c       0x24 C:/Users/gabri/.pico-sdk/toolchain/13_3_Rel1/bin/../lib/gcc/arm-none-eabi/13.3.1/thumb/v6-m/nofp\libg.a(libc_a-sbrkr.o)
                0x1000818c                _sbrk_r
 .text.__errno  0x100081b0        0xc C:/Users/gabri/.pico-sdk/toolchain/13_3_Rel1/bin/../lib/gcc/arm-none-eabi/13.3.1/thumb/v6-m/nofp\libg.a(libc_a-errno.o)
                0x100081b0                __errno
 .text.__retarget_lock_acquire_recursive
                0x100081bc        0x4 C:/Users/gabri/.pico-sdk/toolchain/13_3_Rel1/bin/../lib/gcc/arm-none-eabi/13.3.1/thumb/v6-m/nofp\libg.a(libc_a-lock.o)
                0x100081bc                __retarget_lock_acquire_recursive
 .text.__retarget_lock_release_recursive
                0x100081c0        0x4 C:/Users/gabri/.pico-sdk/toolchain/13_3_Rel1/bin/../lib/gcc/arm-none-eabi/13.3.1/thumb/v6-m/nofp\libg.a(libc_a-lock.o)
                0x100081c0                __retarget_lock_release_recursive
 .text.sysconf  0x100081c4       0x1c C:/Users/gabri/.pico-sdk/toolchain/13_3_Rel1/bin/../lib/gcc/arm-none-eabi/13.3.1/thumb/v6-m/nofp\libg.a(libc_a-sysconf.o)
                0x100081c4                sysconf
 .text.strlen   0x100081e0       0x5c C:/Users/gabri/.pico-sdk/toolchain/13_3_Rel1/bin/../lib/gcc/arm-none-eabi/13.3.1/thumb/v6-m/nofp\libg.a(libc_a-strlen-stub.o)
                0x100081e0                strlen
 .text._malloc_trim_r
                0x1000823c       0xb4 C:/Users/gabri/.pico-sdk/toolchain/13_3_Rel1/bin/../lib/gcc/arm-none-eabi/13.3.1/thumb/v6-m/nofp\libg.a(libc_a-freer.o)
                0x1000823c                _malloc_trim_r
 .text._free_r  0x100082f0      0x1d4 C:/Users/gabri/.pico-sdk/toolchain/13_3_Rel1/bin/../lib/gcc/arm-none-eabi/13.3.1/thumb/v6-m/nofp\libg.a(libc_a-freer.o)
                0x100082f0                _free_r
 *(.fini)
 .fini          0x100084c4        0x4 C:/Users/gabri/.pico-sdk/toolchain/13_3_Rel1/bin/../lib/gcc/arm-none-eabi/13.3.1/thumb/v6-m/nofp/crti.o
                0x100084c4                _fini
 .fini.__stub   0x100084c8       0xc0 linker stubs
 *crtbegin.o(.ctors)
 *crtbegin?.o(.ctors)
 *(EXCLUDE_FILE(*crtend.o *crtend?.o) .ctors)
 *(SORT_BY_NAME(.ctors.*))
 *(.ctors)
 *crtbegin.o(.dtors)
 *crtbegin?.o(.dtors)
 *(EXCLUDE_FILE(*crtend.o *crtend?.o) .dtors)
 *(SORT_BY_NAME(.dtors.*))
 *(.dtors)
                0x10008588                        . = ALIGN (0x4)
                0x10008588                        PROVIDE (__preinit_array_start = .)
 *(SORT_BY_NAME(.preinit_array.*))
 .preinit_array.00100
                0x10008588        0x4 CMakeFiles/atividade_adc_embarcatech.dir/C_/Users/gabri/.pico-sdk/sdk/2.1.0/src/rp2_common/pico_runtime_init/runtime_init.c.obj
                0x10008588                __pre_init_runtime_init_early_resets
 .preinit_array.00101
                0x1000858c        0x4 CMakeFiles/atividade_adc_embarcatech.dir/C_/Users/gabri/.pico-sdk/sdk/2.1.0/src/rp2_common/pico_runtime_init/runtime_init.c.obj
                0x1000858c                __pre_init_runtime_init_usb_power_down
 .preinit_array.00275
                0x10008590        0x4 CMakeFiles/atividade_adc_embarcatech.dir/C_/Users/gabri/.pico-sdk/sdk/2.1.0/src/rp2_common/pico_bit_ops/bit_ops_aeabi.S.obj
 .preinit_array.00300
                0x10008594        0x4 CMakeFiles/atividade_adc_embarcatech.dir/C_/Users/gabri/.pico-sdk/sdk/2.1.0/src/rp2_common/pico_mem_ops/mem_ops_aeabi.S.obj
 .preinit_array.00350
                0x10008598        0x4 CMakeFiles/atividade_adc_embarcatech.dir/C_/Users/gabri/.pico-sdk/sdk/2.1.0/src/rp2_common/pico_double/double_aeabi_rp2040.S.obj
 .preinit_array.00350
                0x1000859c        0x4 CMakeFiles/atividade_adc_embarcatech.dir/C_/Users/gabri/.pico-sdk/sdk/2.1.0/src/rp2_common/pico_float/float_aeabi_rp2040.S.obj
 .preinit_array.00500
                0x100085a0        0x4 CMakeFiles/atividade_adc_embarcatech.dir/C_/Users/gabri/.pico-sdk/sdk/2.1.0/src/rp2_common/pico_runtime_init/runtime_init.c.obj
                0x100085a0                __pre_init_runtime_init_clocks
 .preinit_array.00600
                0x100085a4        0x4 CMakeFiles/atividade_adc_embarcatech.dir/C_/Users/gabri/.pico-sdk/sdk/2.1.0/src/rp2_common/pico_runtime_init/runtime_init.c.obj
                0x100085a4                __pre_init_runtime_init_post_clock_resets
 .preinit_array.00700
                0x100085a8        0x4 CMakeFiles/atividade_adc_embarcatech.dir/C_/Users/gabri/.pico-sdk/sdk/2.1.0/src/rp2_common/pico_runtime_init/runtime_init.c.obj
                0x100085a8                __pre_init_runtime_init_rp2040_gpio_ie_disable
 .preinit_array.01000
                0x100085ac        0x4 CMakeFiles/atividade_adc_embarcatech.dir/C_/Users/gabri/.pico-sdk/sdk/2.1.0/src/rp2_common/pico_runtime_init/runtime_init.c.obj
                0x100085ac                __pre_init_runtime_init_spin_locks_reset
 .preinit_array.01100
                0x100085b0        0x4 CMakeFiles/atividade_adc_embarcatech.dir/C_/Users/gabri/.pico-sdk/sdk/2.1.0/src/common/pico_sync/mutex.c.obj
                0x100085b0                __pre_init_runtime_init_mutex
 .preinit_array.10080
                0x100085b4        0x4 CMakeFiles/atividade_adc_embarcatech.dir/C_/Users/gabri/.pico-sdk/sdk/2.1.0/src/rp2_common/pico_runtime_init/runtime_init.c.obj
                0x100085b4                __pre_init_runtime_init_install_ram_vector_table
 .preinit_array.11000
                0x100085b8        0x4 CMakeFiles/atividade_adc_embarcatech.dir/C_/Users/gabri/.pico-sdk/sdk/2.1.0/src/common/pico_time/time.c.obj
                0x100085b8                __pre_init_runtime_init_default_alarm_pool
 .preinit_array.YYYYY
                0x100085bc        0x4 CMakeFiles/atividade_adc_embarcatech.dir/C_/Users/gabri/.pico-sdk/sdk/2.1.0/src/rp2_common/pico_runtime/runtime.c.obj
                0x100085bc                __pre_init_first_per_core_initializer
 .preinit_array.ZZZZZ.01200
                0x100085c0        0x4 CMakeFiles/atividade_adc_embarcatech.dir/C_/Users/gabri/.pico-sdk/sdk/2.1.0/src/rp2_common/hardware_irq/irq.c.obj
                0x100085c0                __pre_init_runtime_init_per_core_irq_priorities
 *(.preinit_array)
                0x100085c4                        PROVIDE (__preinit_array_end = .)
                0x100085c4                        . = ALIGN (0x4)
                0x100085c4                        PROVIDE (__init_array_start = .)
 *(SORT_BY_NAME(.init_array.*))
 *(.init_array)
 .init_array    0x100085c4        0x4 C:/Users/gabri/.pico-sdk/toolchain/13_3_Rel1/bin/../lib/gcc/arm-none-eabi/13.3.1/thumb/v6-m/nofp/crtbegin.o
 .init_array    0x100085c8        0x4 CMakeFiles/atividade_adc_embarcatech.dir/C_/Users/gabri/.pico-sdk/sdk/2.1.0/src/rp2_common/pico_unique_id/unique_id.c.obj
                0x100085cc                        PROVIDE (__init_array_end = .)
                0x100085cc                        . = ALIGN (0x4)
                [!provide]                        PROVIDE (__fini_array_start = .)
 *(SORT_BY_NAME(.fini_array.*))
 *(.fini_array)
                [!provide]                        PROVIDE (__fini_array_end = .)
 *(.eh_frame*)
 .eh_frame      0x100085cc        0x0 C:/Users/gabri/.pico-sdk/toolchain/13_3_Rel1/bin/../lib/gcc/arm-none-eabi/13.3.1/thumb/v6-m/nofp/crtbegin.o
                0x100085cc                        . = ALIGN (0x4)

.glue_7         0x100085cc        0x0
 .glue_7        0x100085cc        0x0 linker stubs

.glue_7t        0x100085cc        0x0
 .glue_7t       0x100085cc        0x0 linker stubs

.vfp11_veneer   0x100085cc        0x0
 .vfp11_veneer  0x100085cc        0x0 linker stubs

.v4_bx          0x100085cc        0x0
 .v4_bx         0x100085cc        0x0 linker stubs

.iplt           0x100085cc        0x0
 .iplt          0x100085cc        0x0 C:/Users/gabri/.pico-sdk/toolchain/13_3_Rel1/bin/../lib/gcc/arm-none-eabi/13.3.1/thumb/v6-m/nofp/crtbegin.o

.rodata         0x100085d0      0x710
 *(EXCLUDE_FILE(*libm.a: *libc.a:*lib_a-mem*.o *libgcc.a:) .rodata*)
 .rodata.gpio_irq_handler.str1.4
                0x100085d0      0x240 CMakeFiles/atividade_adc_embarcatech.dir/src/main.c.obj
                                 0x37 (size before relaxing)
 .rodata.main.str1.4
                0x10008810       0x32 CMakeFiles/atividade_adc_embarcatech.dir/src/main.c.obj
 .rodata.panic.str1.4
                0x10008810       0x12 CMakeFiles/atividade_adc_embarcatech.dir/C_/Users/gabri/.pico-sdk/sdk/2.1.0/src/rp2_common/pico_platform_panic/panic.c.obj
 .rodata.spin_lock_claim_unused.str1.4
                0x10008810       0x1b CMakeFiles/atividade_adc_embarcatech.dir/C_/Users/gabri/.pico-sdk/sdk/2.1.0/src/rp2_common/hardware_sync/sync.c.obj
 .rodata.user_irq_claim_unused.str1.4
                0x10008810       0x1b CMakeFiles/atividade_adc_embarcatech.dir/C_/Users/gabri/.pico-sdk/sdk/2.1.0/src/rp2_common/hardware_irq/irq.c.obj
 .rodata.timer_hardware_alarm_claim.str1.4
                0x10008810       0x22 CMakeFiles/atividade_adc_embarcatech.dir/C_/Users/gabri/.pico-sdk/sdk/2.1.0/src/rp2_common/hardware_timer/timer.c.obj
 .rodata.hard_assertion_failure.str1.4
                0x10008810        0xc CMakeFiles/atividade_adc_embarcatech.dir/C_/Users/gabri/.pico-sdk/sdk/2.1.0/src/rp2_common/pico_runtime/runtime.c.obj
 .rodata.missing_double_func_shim.str1.4
                0x10008810       0x18 CMakeFiles/atividade_adc_embarcatech.dir/C_/Users/gabri/.pico-sdk/sdk/2.1.0/src/rp2_common/pico_double/double_init_rom_rp2040.c.obj
 .rodata.missing_float_func_shim.str1.4
                0x10008810        0x1 CMakeFiles/atividade_adc_embarcatech.dir/C_/Users/gabri/.pico-sdk/sdk/2.1.0/src/rp2_common/pico_float/float_init_rom_rp2040.c.obj
 .rodata.__wrap_malloc.str1.4
                0x10008810        0xe CMakeFiles/atividade_adc_embarcatech.dir/C_/Users/gabri/.pico-sdk/sdk/2.1.0/src/rp2_common/pico_malloc/malloc.c.obj
 .rodata.str1.4
                0x10008810       0x54 CMakeFiles/atividade_adc_embarcatech.dir/C_/Users/gabri/.pico-sdk/sdk/2.1.0/src/rp2_common/pico_standard_binary_info/standard_binary_info.c.obj
 .rodata.__bi_84
                0x10008810        0xc CMakeFiles/atividade_adc_embarcatech.dir/C_/Users/gabri/.pico-sdk/sdk/2.1.0/src/rp2_common/pico_standard_binary_info/standard_binary_info.c.obj
 .rodata.__bi_78
                0x1000881c        0xc CMakeFiles/atividade_adc_embarcatech.dir/C_/Users/gabri/.pico-sdk/sdk/2.1.0/src/rp2_common/pico_standard_binary_info/standard_binary_info.c.obj
 .rodata.__bi_60
                0x10008828        0xc CMakeFiles/atividade_adc_embarcatech.dir/C_/Users/gabri/.pico-sdk/sdk/2.1.0/src/rp2_common/pico_standard_binary_info/standard_binary_info.c.obj
 .rodata.__bi_54
                0x10008834        0xc CMakeFiles/atividade_adc_embarcatech.dir/C_/Users/gabri/.pico-sdk/sdk/2.1.0/src/rp2_common/pico_standard_binary_info/standard_binary_info.c.obj
 .rodata.__bi_48
                0x10008840        0xc CMakeFiles/atividade_adc_embarcatech.dir/C_/Users/gabri/.pico-sdk/sdk/2.1.0/src/rp2_common/pico_standard_binary_info/standard_binary_info.c.obj
 .rodata.__bi_42
                0x1000884c        0xc CMakeFiles/atividade_adc_embarcatech.dir/C_/Users/gabri/.pico-sdk/sdk/2.1.0/src/rp2_common/pico_standard_binary_info/standard_binary_info.c.obj
 .rodata.__bi_34
                0x10008858        0xc CMakeFiles/atividade_adc_embarcatech.dir/C_/Users/gabri/.pico-sdk/sdk/2.1.0/src/rp2_common/pico_standard_binary_info/standard_binary_info.c.obj
 .rodata.__bi_26
                0x10008864        0xc CMakeFiles/atividade_adc_embarcatech.dir/C_/Users/gabri/.pico-sdk/sdk/2.1.0/src/rp2_common/pico_standard_binary_info/standard_binary_info.c.obj
 .rodata._ftoa.str1.4
                0x10008870       0x15 CMakeFiles/atividade_adc_embarcatech.dir/C_/Users/gabri/.pico-sdk/sdk/2.1.0/src/rp2_common/pico_printf/printf.c.obj
 .rodata._vsnprintf
                0x10008870      0x19c CMakeFiles/atividade_adc_embarcatech.dir/C_/Users/gabri/.pico-sdk/sdk/2.1.0/src/rp2_common/pico_printf/printf.c.obj
 *fill*         0x10008a0c        0x4 
 .rodata.pow10.0
                0x10008a10       0x50 CMakeFiles/atividade_adc_embarcatech.dir/C_/Users/gabri/.pico-sdk/sdk/2.1.0/src/rp2_common/pico_printf/printf.c.obj
 .rodata.crlf_str.0
                0x10008a60        0x2 CMakeFiles/atividade_adc_embarcatech.dir/C_/Users/gabri/.pico-sdk/sdk/2.1.0/src/rp2_common/pico_stdio/stdio.c.obj
 .rodata.str1.4
                0x10008a62       0x2c CMakeFiles/atividade_adc_embarcatech.dir/C_/Users/gabri/.pico-sdk/sdk/2.1.0/src/rp2_common/pico_stdio_uart/stdio_uart.c.obj
 *fill*         0x10008a62        0x2 
 .rodata.__bi_45.4
                0x10008a64        0xc CMakeFiles/atividade_adc_embarcatech.dir/C_/Users/gabri/.pico-sdk/sdk/2.1.0/src/rp2_common/pico_stdio_uart/stdio_uart.c.obj
 .rodata.__bi_49.5
                0x10008a70        0x8 CMakeFiles/atividade_adc_embarcatech.dir/C_/Users/gabri/.pico-sdk/sdk/2.1.0/src/rp2_common/pico_stdio_uart/stdio_uart.c.obj
 .rodata.__bi_50.6
                0x10008a78        0x8 CMakeFiles/atividade_adc_embarcatech.dir/C_/Users/gabri/.pico-sdk/sdk/2.1.0/src/rp2_common/pico_stdio_uart/stdio_uart.c.obj
 .rodata._resetd_driver
                0x10008a80       0x20 CMakeFiles/atividade_adc_embarcatech.dir/C_/Users/gabri/.pico-sdk/sdk/2.1.0/src/rp2_common/pico_stdio_usb/reset_interface.c.obj
 .rodata.desc_ms_os_20
                0x10008aa0       0xa6 CMakeFiles/atividade_adc_embarcatech.dir/C_/Users/gabri/.pico-sdk/sdk/2.1.0/src/rp2_common/pico_stdio_usb/reset_interface.c.obj
 *fill*         0x10008b46        0x2 
 .rodata.desc_bos
                0x10008b48       0x21 CMakeFiles/atividade_adc_embarcatech.dir/C_/Users/gabri/.pico-sdk/sdk/2.1.0/src/rp2_common/pico_stdio_usb/reset_interface.c.obj
                0x10008b48                desc_bos
 .rodata.str1.4
                0x10008b69       0x13 CMakeFiles/atividade_adc_embarcatech.dir/C_/Users/gabri/.pico-sdk/sdk/2.1.0/src/rp2_common/pico_stdio_usb/stdio_usb.c.obj
 *fill*         0x10008b69        0x3 
 .rodata.__bi_197.0
                0x10008b6c        0xc CMakeFiles/atividade_adc_embarcatech.dir/C_/Users/gabri/.pico-sdk/sdk/2.1.0/src/rp2_common/pico_stdio_usb/stdio_usb.c.obj
 .rodata.str1.4
                0x10008b78       0x2a CMakeFiles/atividade_adc_embarcatech.dir/C_/Users/gabri/.pico-sdk/sdk/2.1.0/src/rp2_common/pico_stdio_usb/stdio_usb_descriptors.c.obj
 .rodata.usbd_desc_str
                0x10008b78       0x18 CMakeFiles/atividade_adc_embarcatech.dir/C_/Users/gabri/.pico-sdk/sdk/2.1.0/src/rp2_common/pico_stdio_usb/stdio_usb_descriptors.c.obj
 .rodata.usbd_desc_cfg
                0x10008b90       0x54 CMakeFiles/atividade_adc_embarcatech.dir/C_/Users/gabri/.pico-sdk/sdk/2.1.0/src/rp2_common/pico_stdio_usb/stdio_usb_descriptors.c.obj
 .rodata.usbd_desc_device
                0x10008be4       0x12 CMakeFiles/atividade_adc_embarcatech.dir/C_/Users/gabri/.pico-sdk/sdk/2.1.0/src/rp2_common/pico_stdio_usb/stdio_usb_descriptors.c.obj
 .rodata.str1.4
                0x10008bf6       0x14 CMakeFiles/atividade_adc_embarcatech.dir/C_/Users/gabri/.pico-sdk/sdk/2.1.0/lib/tinyusb/src/portable/raspberrypi/rp2040/dcd_rp2040.c.obj
 .rodata.str1.4
                0x10008bf6       0x48 CMakeFiles/atividade_adc_embarcatech.dir/C_/Users/gabri/.pico-sdk/sdk/2.1.0/lib/tinyusb/src/portable/raspberrypi/rp2040/rp2040_usb.c.obj
 *fill*         0x10008bf6        0x2 
 .rodata.tud_task_ext
                0x10008bf8       0x8c CMakeFiles/atividade_adc_embarcatech.dir/C_/Users/gabri/.pico-sdk/sdk/2.1.0/lib/tinyusb/src/device/usbd.c.obj
 .rodata        0x10008c84       0x1c CMakeFiles/atividade_adc_embarcatech.dir/C_/Users/gabri/.pico-sdk/sdk/2.1.0/lib/tinyusb/src/device/usbd.c.obj
 .rodata._usbd_driver
                0x10008ca0       0x40 CMakeFiles/atividade_adc_embarcatech.dir/C_/Users/gabri/.pico-sdk/sdk/2.1.0/lib/tinyusb/src/device/usbd.c.obj
                0x10008ce0                        . = ALIGN (0x4)
 *(SORT_BY_ALIGNMENT(SORT_BY_NAME(.flashdata*)))
                0x10008ce0                        . = ALIGN (0x4)

.ARM.extab
 *(.ARM.extab* .gnu.linkonce.armextab.*)
                0x10008ce0                        __exidx_start = .

.ARM.exidx
 *(.ARM.exidx* .gnu.linkonce.armexidx.*)
                0x10008ce0                        __exidx_end = .
                0x10008ce0                        . = ALIGN (0x4)
                0x10008ce0                        __binary_info_start = .

.binary_info    0x10008ce0       0x30
 *(.binary_info.keep.*)
 .binary_info.keep.__bi_ptr84
                0x10008ce0        0x4 CMakeFiles/atividade_adc_embarcatech.dir/C_/Users/gabri/.pico-sdk/sdk/2.1.0/src/rp2_common/pico_standard_binary_info/standard_binary_info.c.obj
 .binary_info.keep.__bi_ptr78
                0x10008ce4        0x4 CMakeFiles/atividade_adc_embarcatech.dir/C_/Users/gabri/.pico-sdk/sdk/2.1.0/src/rp2_common/pico_standard_binary_info/standard_binary_info.c.obj
 .binary_info.keep.__bi_ptr60
                0x10008ce8        0x4 CMakeFiles/atividade_adc_embarcatech.dir/C_/Users/gabri/.pico-sdk/sdk/2.1.0/src/rp2_common/pico_standard_binary_info/standard_binary_info.c.obj
 .binary_info.keep.__bi_ptr54
                0x10008cec        0x4 CMakeFiles/atividade_adc_embarcatech.dir/C_/Users/gabri/.pico-sdk/sdk/2.1.0/src/rp2_common/pico_standard_binary_info/standard_binary_info.c.obj
 .binary_info.keep.__bi_ptr48
                0x10008cf0        0x4 CMakeFiles/atividade_adc_embarcatech.dir/C_/Users/gabri/.pico-sdk/sdk/2.1.0/src/rp2_common/pico_standard_binary_info/standard_binary_info.c.obj
 .binary_info.keep.__bi_ptr42
                0x10008cf4        0x4 CMakeFiles/atividade_adc_embarcatech.dir/C_/Users/gabri/.pico-sdk/sdk/2.1.0/src/rp2_common/pico_standard_binary_info/standard_binary_info.c.obj
 .binary_info.keep.__bi_ptr34
                0x10008cf8        0x4 CMakeFiles/atividade_adc_embarcatech.dir/C_/Users/gabri/.pico-sdk/sdk/2.1.0/src/rp2_common/pico_standard_binary_info/standard_binary_info.c.obj
 .binary_info.keep.__bi_ptr26
                0x10008cfc        0x4 CMakeFiles/atividade_adc_embarcatech.dir/C_/Users/gabri/.pico-sdk/sdk/2.1.0/src/rp2_common/pico_standard_binary_info/standard_binary_info.c.obj
 *(.binary_info.*)
 .binary_info.__bi_ptr50
                0x10008d00        0x4 CMakeFiles/atividade_adc_embarcatech.dir/C_/Users/gabri/.pico-sdk/sdk/2.1.0/src/rp2_common/pico_stdio_uart/stdio_uart.c.obj
 .binary_info.__bi_ptr49
                0x10008d04        0x4 CMakeFiles/atividade_adc_embarcatech.dir/C_/Users/gabri/.pico-sdk/sdk/2.1.0/src/rp2_common/pico_stdio_uart/stdio_uart.c.obj
 .binary_info.__bi_ptr45
                0x10008d08        0x4 CMakeFiles/atividade_adc_embarcatech.dir/C_/Users/gabri/.pico-sdk/sdk/2.1.0/src/rp2_common/pico_stdio_uart/stdio_uart.c.obj
 .binary_info.__bi_ptr197
                0x10008d0c        0x4 CMakeFiles/atividade_adc_embarcatech.dir/C_/Users/gabri/.pico-sdk/sdk/2.1.0/src/rp2_common/pico_stdio_usb/stdio_usb.c.obj
                0x10008d10                        __binary_info_end = .

.rel.dyn        0x10008d10        0x0
 .rel.iplt      0x10008d10        0x0 C:/Users/gabri/.pico-sdk/toolchain/13_3_Rel1/bin/../lib/gcc/arm-none-eabi/13.3.1/thumb/v6-m/nofp/crtbegin.o
                0x10008d10                        . = ALIGN (0x4)

.ram_vector_table
                0x20000000       0xc0
 *(.ram_vector_table)
 .ram_vector_table
                0x20000000       0xc0 CMakeFiles/atividade_adc_embarcatech.dir/C_/Users/gabri/.pico-sdk/sdk/2.1.0/src/rp2_common/pico_runtime_init/runtime_init.c.obj
                0x20000000                ram_vector_table

.uninitialized_data
                0x200000c0        0x0
                0x200000c0                        . = ALIGN (0x4)
 *(.uninitialized_data*)

.data           0x200000c0     0x1530 load address 0x10008d10
                0x200000c0                        __data_start__ = .
 *(vtable)
 *(.time_critical*)
 .time_critical.mutex_try_enter
                0x200000c0       0x40 CMakeFiles/atividade_adc_embarcatech.dir/C_/Users/gabri/.pico-sdk/sdk/2.1.0/src/common/pico_sync/mutex.c.obj
                0x200000c0                mutex_try_enter
 .time_critical.mutex_try_enter_block_until
                0x20000100       0x9c CMakeFiles/atividade_adc_embarcatech.dir/C_/Users/gabri/.pico-sdk/sdk/2.1.0/src/common/pico_sync/mutex.c.obj
                0x20000100                mutex_try_enter_block_until
 .time_critical.mutex_enter_timeout_ms
                0x2000019c       0x90 CMakeFiles/atividade_adc_embarcatech.dir/C_/Users/gabri/.pico-sdk/sdk/2.1.0/src/common/pico_sync/mutex.c.obj
                0x2000019c                mutex_enter_timeout_ms
 .time_critical.mutex_exit
                0x2000022c       0x28 CMakeFiles/atividade_adc_embarcatech.dir/C_/Users/gabri/.pico-sdk/sdk/2.1.0/src/common/pico_sync/mutex.c.obj
                0x2000022c                mutex_exit
 .time_critical.flash_init_boot2_copyout
                0x20000254       0x30 CMakeFiles/atividade_adc_embarcatech.dir/C_/Users/gabri/.pico-sdk/sdk/2.1.0/src/rp2_common/hardware_flash/flash.c.obj
 .time_critical.flash_enable_xip_via_boot2
                0x20000284        0xc CMakeFiles/atividade_adc_embarcatech.dir/C_/Users/gabri/.pico-sdk/sdk/2.1.0/src/rp2_common/hardware_flash/flash.c.obj
 .time_critical.flash_cs_force
                0x20000290       0x38 CMakeFiles/atividade_adc_embarcatech.dir/C_/Users/gabri/.pico-sdk/sdk/2.1.0/src/rp2_common/hardware_flash/flash.c.obj
 .time_critical.flash_do_cmd
                0x200002c8       0xc0 CMakeFiles/atividade_adc_embarcatech.dir/C_/Users/gabri/.pico-sdk/sdk/2.1.0/src/rp2_common/hardware_flash/flash.c.obj
                0x200002c8                flash_do_cmd
 .time_critical.reset_non_control_endpoints
                0x20000388       0x68 CMakeFiles/atividade_adc_embarcatech.dir/C_/Users/gabri/.pico-sdk/sdk/2.1.0/lib/tinyusb/src/portable/raspberrypi/rp2040/dcd_rp2040.c.obj
 .time_critical.hw_handle_buff_status
                0x200003f0       0xb0 CMakeFiles/atividade_adc_embarcatech.dir/C_/Users/gabri/.pico-sdk/sdk/2.1.0/lib/tinyusb/src/portable/raspberrypi/rp2040/dcd_rp2040.c.obj
 .time_critical.dcd_rp2040_irq
                0x200004a0      0x578 CMakeFiles/atividade_adc_embarcatech.dir/C_/Users/gabri/.pico-sdk/sdk/2.1.0/lib/tinyusb/src/portable/raspberrypi/rp2040/dcd_rp2040.c.obj
 .time_critical.prepare_ep_buffer
                0x20000a18       0xe0 CMakeFiles/atividade_adc_embarcatech.dir/C_/Users/gabri/.pico-sdk/sdk/2.1.0/lib/tinyusb/src/portable/raspberrypi/rp2040/rp2040_usb.c.obj
 .time_critical.sync_ep_buffer
                0x20000af8       0xa8 CMakeFiles/atividade_adc_embarcatech.dir/C_/Users/gabri/.pico-sdk/sdk/2.1.0/lib/tinyusb/src/portable/raspberrypi/rp2040/rp2040_usb.c.obj
 .time_critical._hw_endpoint_xfer_sync
                0x20000ba0       0x28 CMakeFiles/atividade_adc_embarcatech.dir/C_/Users/gabri/.pico-sdk/sdk/2.1.0/lib/tinyusb/src/portable/raspberrypi/rp2040/rp2040_usb.c.obj
 .time_critical.e15_is_bulkin_ep
                0x20000bc8       0x28 CMakeFiles/atividade_adc_embarcatech.dir/C_/Users/gabri/.pico-sdk/sdk/2.1.0/lib/tinyusb/src/portable/raspberrypi/rp2040/rp2040_usb.c.obj
 .time_critical.e15_is_critical_frame_period
                0x20000bf0       0x34 CMakeFiles/atividade_adc_embarcatech.dir/C_/Users/gabri/.pico-sdk/sdk/2.1.0/lib/tinyusb/src/portable/raspberrypi/rp2040/rp2040_usb.c.obj
 .time_critical.hw_endpoint_reset_transfer
                0x20000c24        0xc CMakeFiles/atividade_adc_embarcatech.dir/C_/Users/gabri/.pico-sdk/sdk/2.1.0/lib/tinyusb/src/portable/raspberrypi/rp2040/rp2040_usb.c.obj
                0x20000c24                hw_endpoint_reset_transfer
 .time_critical._hw_endpoint_buffer_control_update32
                0x20000c30       0x50 CMakeFiles/atividade_adc_embarcatech.dir/C_/Users/gabri/.pico-sdk/sdk/2.1.0/lib/tinyusb/src/portable/raspberrypi/rp2040/rp2040_usb.c.obj
                0x20000c30                _hw_endpoint_buffer_control_update32
 .time_critical.hw_endpoint_start_next_buffer
                0x20000c80       0x6c CMakeFiles/atividade_adc_embarcatech.dir/C_/Users/gabri/.pico-sdk/sdk/2.1.0/lib/tinyusb/src/portable/raspberrypi/rp2040/rp2040_usb.c.obj
                0x20000c80                hw_endpoint_start_next_buffer
 .time_critical.hw_endpoint_xfer_continue
                0x20000cec       0x40 CMakeFiles/atividade_adc_embarcatech.dir/C_/Users/gabri/.pico-sdk/sdk/2.1.0/lib/tinyusb/src/portable/raspberrypi/rp2040/rp2040_usb.c.obj
                0x20000cec                hw_endpoint_xfer_continue
 .time_critical.tinyusb
                0x20000d2c      0x1e4 CMakeFiles/atividade_adc_embarcatech.dir/C_/Users/gabri/.pico-sdk/sdk/2.1.0/lib/tinyusb/src/device/usbd.c.obj
                0x20000d2c                dcd_event_handler
 *(.text*)
 .text          0x20000f10        0x4 C:/Users/gabri/.pico-sdk/toolchain/13_3_Rel1/bin/../lib/gcc/arm-none-eabi/13.3.1/thumb/v6-m/nofp\libgcc.a(_dvmd_tls.o)
                0x20000f10                __aeabi_idiv0
                0x20000f10                __aeabi_ldiv0
 *fill*         0x20000f14        0x4 
 .text.__stub   0x20000f18       0x80 linker stubs
                0x20000f98                        . = ALIGN (0x4)
 *(.rodata*)
                0x20000f98                        . = ALIGN (0x4)
 *(.data*)
 .data.leds_pwm_state
                0x20000f98        0x1 CMakeFiles/atividade_adc_embarcatech.dir/src/main.c.obj
                0x20000f98                leds_pwm_state
 *fill*         0x20000f99        0x3 
 .data.clk_divider
                0x20000f9c        0x4 CMakeFiles/atividade_adc_embarcatech.dir/src/main.c.obj
                0x20000f9c                clk_divider
 .data.striped_spin_lock_num
                0x20000fa0        0x1 CMakeFiles/atividade_adc_embarcatech.dir/C_/Users/gabri/.pico-sdk/sdk/2.1.0/src/rp2_common/hardware_sync/sync.c.obj
 *fill*         0x20000fa1        0x3 
 .data          0x20000fa4       0x48 CMakeFiles/atividade_adc_embarcatech.dir/C_/Users/gabri/.pico-sdk/sdk/2.1.0/src/rp2_common/hardware_irq/irq_handler_chain.S.obj
                0x20000fa4                irq_handler_chain_slots
                0x20000fd4                irq_handler_chain_first_slot
                0x20000fde                irq_handler_chain_remove_tail
 .data.default_alarm_pool
                0x20000fec       0x18 CMakeFiles/atividade_adc_embarcatech.dir/C_/Users/gabri/.pico-sdk/sdk/2.1.0/src/common/pico_time/time.c.obj
 *fill*         0x20001004        0xc 
 .data.aeabi_bits_funcs
                0x20001010       0x10 CMakeFiles/atividade_adc_embarcatech.dir/C_/Users/gabri/.pico-sdk/sdk/2.1.0/src/rp2_common/pico_bit_ops/bit_ops_aeabi.S.obj
                0x20001010                aeabi_bits_funcs
                0x20001020                aeabi_bits_funcs_end
 .data.aeabi_mem_funcs
                0x20001020       0x10 CMakeFiles/atividade_adc_embarcatech.dir/C_/Users/gabri/.pico-sdk/sdk/2.1.0/src/rp2_common/pico_mem_ops/mem_ops_aeabi.S.obj
                0x20001020                aeabi_mem_funcs
                0x20001030                aeabi_mem_funcs_end
 .data.stdio_uart
                0x20001030       0x18 CMakeFiles/atividade_adc_embarcatech.dir/C_/Users/gabri/.pico-sdk/sdk/2.1.0/src/rp2_common/pico_stdio_uart/stdio_uart.c.obj
                0x20001030                stdio_uart
 .data.stdio_usb
                0x20001048       0x18 CMakeFiles/atividade_adc_embarcatech.dir/C_/Users/gabri/.pico-sdk/sdk/2.1.0/src/rp2_common/pico_stdio_usb/stdio_usb.c.obj
                0x20001048                stdio_usb
 .data._usbd_qdef
                0x20001060       0x1c CMakeFiles/atividade_adc_embarcatech.dir/C_/Users/gabri/.pico-sdk/sdk/2.1.0/lib/tinyusb/src/device/usbd.c.obj
                0x20001060                _usbd_qdef
 .data._usbd_rhport
                0x2000107c        0x1 CMakeFiles/atividade_adc_embarcatech.dir/C_/Users/gabri/.pico-sdk/sdk/2.1.0/lib/tinyusb/src/device/usbd.c.obj
 *fill*         0x2000107d        0x3 
 .data.i2c1_inst
                0x20001080        0x8 CMakeFiles/atividade_adc_embarcatech.dir/C_/Users/gabri/.pico-sdk/sdk/2.1.0/src/rp2_common/hardware_i2c/i2c.c.obj
                0x20001080                i2c1_inst
 .data.i2c0_inst
                0x20001088        0x8 CMakeFiles/atividade_adc_embarcatech.dir/C_/Users/gabri/.pico-sdk/sdk/2.1.0/src/rp2_common/hardware_i2c/i2c.c.obj
                0x20001088                i2c0_inst
 .data.__malloc_sbrk_base
                0x20001090        0x4 C:/Users/gabri/.pico-sdk/toolchain/13_3_Rel1/bin/../lib/gcc/arm-none-eabi/13.3.1/thumb/v6-m/nofp\libg.a(libc_a-mallocr.o)
                0x20001090                __malloc_sbrk_base
 .data.__malloc_trim_threshold
                0x20001094        0x4 C:/Users/gabri/.pico-sdk/toolchain/13_3_Rel1/bin/../lib/gcc/arm-none-eabi/13.3.1/thumb/v6-m/nofp\libg.a(libc_a-mallocr.o)
                0x20001094                __malloc_trim_threshold
 .data.__malloc_av_
                0x20001098      0x408 C:/Users/gabri/.pico-sdk/toolchain/13_3_Rel1/bin/../lib/gcc/arm-none-eabi/13.3.1/thumb/v6-m/nofp\libg.a(libc_a-mallocr.o)
                0x20001098                __malloc_av_
 .data._impure_ptr
                0x200014a0        0x4 C:/Users/gabri/.pico-sdk/toolchain/13_3_Rel1/bin/../lib/gcc/arm-none-eabi/13.3.1/thumb/v6-m/nofp\libg.a(libc_a-impure.o)
                0x200014a0                _impure_ptr
 *fill*         0x200014a4        0x4 
 .data._impure_data
                0x200014a8      0x140 C:/Users/gabri/.pico-sdk/toolchain/13_3_Rel1/bin/../lib/gcc/arm-none-eabi/13.3.1/thumb/v6-m/nofp\libg.a(libc_a-impure.o)
                0x200014a8                _impure_data
                0x200015e8                        . = ALIGN (0x4)
 *(.after_data.*)
                0x200015e8                        . = ALIGN (0x4)
                0x200015e8                        PROVIDE (__mutex_array_start = .)
 *(SORT_BY_NAME(.mutex_array.*))
 *(.mutex_array)
 .mutex_array   0x200015e8        0x8 CMakeFiles/atividade_adc_embarcatech.dir/C_/Users/gabri/.pico-sdk/sdk/2.1.0/src/rp2_common/pico_stdio/stdio.c.obj
                0x200015f0                        PROVIDE (__mutex_array_end = .)
                0x200015f0                        . = ALIGN (0x4)
 *(.jcr)
                0x200015f0                        . = ALIGN (0x4)

.tm_clone_table
                0x200015f0        0x0 load address 0x1000a240
 .tm_clone_table
                0x200015f0        0x0 C:/Users/gabri/.pico-sdk/toolchain/13_3_Rel1/bin/../lib/gcc/arm-none-eabi/13.3.1/thumb/v6-m/nofp/crtbegin.o
 .tm_clone_table
                0x200015f0        0x0 C:/Users/gabri/.pico-sdk/toolchain/13_3_Rel1/bin/../lib/gcc/arm-none-eabi/13.3.1/thumb/v6-m/nofp/crtend.o

.igot.plt       0x200015f0        0x0 load address 0x1000a240