Archive member included to satisfy reference by file (symbol)

C:/Users/gabri/.pico-sdk/toolchain/13_3_Rel1/bin/../lib/gcc/arm-none-eabi/13.3.1/thumb/v6-m/nofp\libgcc.a(_dvmd_tls.o)
                              CMakeFiles/atividade_adc_embarcatech.dir/C_/Users/gabri/.pico-sdk/sdk/2.1.0/src/rp2_common/pico_divider/divider_hardware.S.obj (__aeabi_idiv0)
C:/Users/gabri/.pico-sdk/toolchain/13_3_Rel1/bin/../lib/gcc/arm-none-eabi/13.3.1/thumb/v6-m/nofp\libg.a(libc_a-calloc.o)
                              CMakeFiles/atividade_adc_embarcatech.dir/C_/Users/gabri/.pico-sdk/sdk/2.1.0/src/rp2_common/pico_malloc/malloc.c.obj (calloc)
C:/Users/gabri/.pico-sdk/toolchain/13_3_Rel1/bin/../lib/gcc/arm-none-eabi/13.3.1/thumb/v6-m/nofp\libg.a(libc_a-callocr.o)
                              C:/Users/gabri/.pico-sdk/toolchain/13_3_Rel1/bin/../lib/gcc/arm-none-eabi/13.3.1/thumb/v6-m/nofp\libg.a(libc_a-calloc.o) (_calloc_r)
C:/Users/gabri/.pico-sdk/toolchain/13_3_Rel1/bin/../lib/gcc/arm-none-eabi/13.3.1/thumb/v6-m/nofp\libg.a(libc_a-malloc.o)
                              CMakeFiles/atividade_adc_embarcatech.dir/C_/Users/gabri/.pico-sdk/sdk/2.1.0/src/rp2_common/pico_malloc/malloc.c.obj (malloc)
C:/Users/gabri/.pico-sdk/toolchain/13_3_Rel1/bin/../lib/gcc/arm-none-eabi/13.3.1/thumb/v6-m/nofp\libg.a(libc_a-mallocr.o)
                              C:/Users/gabri/.pico-sdk/toolchain/13_3_Rel1/bin/../lib/gcc/arm-none-eabi/13.3.1/thumb/v6-m/nofp\libg.a(libc_a-callocr.o) (_malloc_r)
C:/Users/gabri/.pico-sdk/toolchain/13_3_Rel1/bin/../lib/gcc/arm-none-eabi/13.3.1/thumb/v6-m/nofp\libg.a(libc_a-mlock.o)
                              C:/Users/gabri/.pico-sdk/toolchain/13_3_Rel1/bin/../lib/gcc/arm-none-eabi/13.3.1/thumb/v6-m/nofp\libg.a(libc_a-mallocr.o) (__malloc_lock)
C:/Users/gabri/.pico-sdk/toolchain/13_3_Rel1/bin/../lib/gcc/arm-none-eabi/13.3.1/thumb/v6-m/nofp\libg.a(libc_a-realloc.o)
                              CMakeFiles/atividade_adc_embarcatech.dir/C_/Users/gabri/.pico-sdk/sdk/2.1.0/src/rp2_common/pico_malloc/malloc.c.obj (realloc)
C:/Users/gabri/.pico-sdk/toolchain/13_3_Rel1/bin/../lib/gcc/arm-none-eabi/13.3.1/thumb/v6-m/nofp\libg.a(libc_a-reallocr.o)
                              C:/Users/gabri/.pico-sdk/toolchain/13_3_Rel1/bin/../lib/gcc/arm-none-eabi/13.3.1/thumb/v6-m/nofp\libg.a(libc_a-realloc.o) (_realloc_r)
C:/Users/gabri/.pico-sdk/toolchain/13_3_Rel1/bin/../lib/gcc/arm-none-eabi/13.3.1/thumb/v6-m/nofp\libg.a(libc_a-memcmp.o)
                              CMakeFiles/atividade_adc_embarcatech.dir/C_/Users/gabri/.pico-sdk/sdk/2.1.0/src/rp2_common/pico_atomic/atomic.c.obj (memcmp)
C:/Users/gabri/.pico-sdk/toolchain/13_3_Rel1/bin/../lib/gcc/arm-none-eabi/13.3.1/thumb/v6-m/nofp\libg.a(libc_a-memmove.o)
                              C:/Users/gabri/.pico-sdk/toolchain/13_3_Rel1/bin/../lib/gcc/arm-none-eabi/13.3.1/thumb/v6-m/nofp\libg.a(libc_a-reallocr.o) (memmove)
C:/Users/gabri/.pico-sdk/toolchain/13_3_Rel1/bin/../lib/gcc/arm-none-eabi/13.3.1/thumb/v6-m/nofp\libg.a(libc_a-lcltime_r.o)
                              CMakeFiles/atividade_adc_embarcatech.dir/C_/Users/gabri/.pico-sdk/sdk/2.1.0/src/common/pico_util/datetime.c.obj (localtime_r)
C:/Users/gabri/.pico-sdk/toolchain/13_3_Rel1/bin/../lib/gcc/arm-none-eabi/13.3.1/thumb/v6-m/nofp\libg.a(libc_a-mktime.o)
                              CMakeFiles/atividade_adc_embarcatech.dir/C_/Users/gabri/.pico-sdk/sdk/2.1.0/src/common/pico_util/datetime.c.obj (mktime)
C:/Users/gabri/.pico-sdk/toolchain/13_3_Rel1/bin/../lib/gcc/arm-none-eabi/13.3.1/thumb/v6-m/nofp\libg.a(libc_a-month_lengths.o)
                              C:/Users/gabri/.pico-sdk/toolchain/13_3_Rel1/bin/../lib/gcc/arm-none-eabi/13.3.1/thumb/v6-m/nofp\libg.a(libc_a-lcltime_r.o) (__month_lengths)
C:/Users/gabri/.pico-sdk/toolchain/13_3_Rel1/bin/../lib/gcc/arm-none-eabi/13.3.1/thumb/v6-m/nofp\libg.a(libc_a-tzcalc_limits.o)
                              C:/Users/gabri/.pico-sdk/toolchain/13_3_Rel1/bin/../lib/gcc/arm-none-eabi/13.3.1/thumb/v6-m/nofp\libg.a(libc_a-lcltime_r.o) (__tzcalc_limits)
C:/Users/gabri/.pico-sdk/toolchain/13_3_Rel1/bin/../lib/gcc/arm-none-eabi/13.3.1/thumb/v6-m/nofp\libg.a(libc_a-tzlock.o)
                              C:/Users/gabri/.pico-sdk/toolchain/13_3_Rel1/bin/../lib/gcc/arm-none-eabi/13.3.1/thumb/v6-m/nofp\libg.a(libc_a-lcltime_r.o) (__tz_lock)
C:/Users/gabri/.pico-sdk/toolchain/13_3_Rel1/bin/../lib/gcc/arm-none-eabi/13.3.1/thumb/v6-m/nofp\libg.a(libc_a-tzset.o)
                              C:/Users/gabri/.pico-sdk/toolchain/13_3_Rel1/bin/../lib/gcc/arm-none-eabi/13.3.1/thumb/v6-m/nofp\libg.a(libc_a-lcltime_r.o) (_tzset_unlocked)
C:/Users/gabri/.pico-sdk/toolchain/13_3_Rel1/bin/../lib/gcc/arm-none-eabi/13.3.1/thumb/v6-m/nofp\libg.a(libc_a-tzset_r.o)
                              C:/Users/gabri/.pico-sdk/toolchain/13_3_Rel1/bin/../lib/gcc/arm-none-eabi/13.3.1/thumb/v6-m/nofp\libg.a(libc_a-tzset.o) (_tzset_unlocked_r)
[...]
Memory Configuration

Name             Origin             Length             Attributes
FLASH            0x10000000         0x00200000         xr
RAM              0x20000000         0x00040000         xrw
SCRATCH_X        0x20040000         0x00001000         xrw
SCRATCH_Y        0x20041000         0x00001000         xrw
*default*        0x00000000         0xffffffff

Linker script and memory map

LOAD C:/Users/gabri/.pico-sdk/toolchain/13_3_Rel1/bin/../lib/gcc/arm-none-eabi/13.3.1/thumb/v6-m/nofp/crti.o
LOAD C:/Users/gabri/.pico-sdk/toolchain/13_3_Rel1/bin/../lib/gcc/arm-none-eabi/13.3.1/thumb/v6-m/nofp/crtbegin.o
LOAD C:/Users/gabri/.pico-sdk/toolchain/13_3_Rel1/bin/../lib/gcc/arm-none-eabi/13.3.1/thumb/v6-m/nofp/crt0.o

.flash_begin    0x10000000        0x0
                0x10000000                        __flash_binary_start = .

.boot2          0x10000000      0x100
                0x10000000                        __boot2_start__ = .
 *(.boot2)
 .boot2         0x10000000      0x100 pico-sdk/src/rp2040/boot_stage2/CMakeFiles/bs2_default_library.dir/./bs2_default_padded_checksummed.S.obj
                0x10000100                        __boot2_end__ = .
                0x00000001                        ASSERT (((__boot2_end__ - __boot2_start__) == 0x100), ERROR: Pico second stage bootloader must be 256 bytes in size)

.text           0x10000100     0x7104
                0x10000100                        __logical_binary_start = .
 *(.vectors)
 .vectors       0x10000100       0xd4 CMakeFiles/atividade_adc_embarcatech.dir/C_/Users/gabri/.pico-sdk/sdk/2.1.0/src/rp2_common/pico_crt0/crt0.S.obj
                0x10000100                __VECTOR_TABLE
                0x10000100                __vectors
                0x100001c0                isr_invalid
                0x100001c0                __default_isrs_start
                0x100001c2                isr_nmi
                0x100001c4                isr_hardfault
                0x100001c6                isr_svcall
                0x100001c8                isr_pendsv
                0x100001ca                isr_systick
                0x100001cc                isr_irq23
                0x100001cc                isr_irq18
                0x100001cc                isr_irq11
                0x100001cc                isr_irq28
                0x100001cc                isr_irq19
                0x100001cc                isr_irq0
                0x100001cc                isr_irq6
                0x100001cc                isr_irq5
                0x100001cc                isr_irq12
                0x100001cc                isr_irq22
                0x100001cc                isr_irq31
                0x100001cc                isr_irq17
                0x100001cc                isr_irq27
                0x100001cc                isr_irq30
                0x100001cc                isr_irq2
                0x100001cc                isr_irq10
                0x100001cc                isr_irq8
                0x100001cc                isr_irq24
                0x100001cc                isr_irq1
                0x100001cc                isr_irq7
                0x100001cc                isr_irq21
                0x100001cc                isr_irq20
                0x100001cc                isr_irq15
                0x100001cc                isr_irq25
                0x100001cc                isr_irq13
                0x100001cc                __unhandled_user_irq
                0x100001cc                isr_irq4
                0x100001cc                isr_irq16
                0x100001cc                isr_irq29
                0x100001cc                isr_irq26
                0x100001cc                __default_isrs_end
                0x100001cc                isr_irq3
                0x100001cc                isr_irq14
                0x100001cc                isr_irq9
                0x100001d2                unhandled_user_irq_num_in_r0
 *(.binary_info_header)
 .binary_info_header
                0x100001d4       0x14 CMakeFiles/atividade_adc_embarcatech.dir/C_/Users/gabri/.pico-sdk/sdk/2.1.0/src/rp2_common/pico_crt0/crt0.S.obj
                0x100001e8                        __binary_info_header_end = .
 *(.embedded_block)
                0x100001e8                        __embedded_block_end = .
 *(.reset)
 .reset         0x100001e8       0x9c CMakeFiles/atividade_adc_embarcatech.dir/C_/Users/gabri/.pico-sdk/sdk/2.1.0/src/rp2_common/pico_crt0/crt0.S.obj
                0x100001e8                _entry_point
 *(.init)
 .init          0x10000284        0x4 C:/Users/gabri/.pico-sdk/toolchain/13_3_Rel1/bin/../lib/gcc/arm-none-eabi/13.3.1/thumb/v6-m/nofp/crti.o
                0x10000284                _init
 *(EXCLUDE_FILE(*libm.a: *libc.a:*lib_a-mem*.o *libgcc.a:) .text*)
 .text.register_tm_clones
                0x10000288       0x28 C:/Users/gabri/.pico-sdk/toolchain/13_3_Rel1/bin/../lib/gcc/arm-none-eabi/13.3.1/thumb/v6-m/nofp/crtbegin.o
 .text.frame_dummy
                0x100002b0       0x24 C:/Users/gabri/.pico-sdk/toolchain/13_3_Rel1/bin/../lib/gcc/arm-none-eabi/13.3.1/thumb/v6-m/nofp/crtbegin.o
 .text.gpio_irq_handler
                0x100002d4       0xe0 CMakeFiles/atividade_adc_embarcatech.dir/src/main.c.obj
                0x100002d4                gpio_irq_handler
 .text.btn_init
                0x100003b4       0x20 CMakeFiles/atividade_adc_embarcatech.dir/src/main.c.obj
                0x100003b4                btn_init
 .text.adc_setup
                0x100003d4       0x3c CMakeFiles/atividade_adc_embarcatech.dir/src/main.c.obj
                0x100003d4                adc_setup
 .text.pwm_setup
                0x10000410       0xd4 CMakeFiles/atividade_adc_embarcatech.dir/src/main.c.obj
                0x10000410                pwm_setup
 .text.startup.main
                0x100004e4      0x234 CMakeFiles/atividade_adc_embarcatech.dir/src/main.c.obj
                0x100004e4                main
 .text.gpio_default_irq_handler
                0x10000718      0x274 CMakeFiles/atividade_adc_embarcatech.dir/C_/Users/gabri/.pico-sdk/sdk/2.1.0/src/rp2_common/hardware_gpio/gpio.c.obj
 .text.gpio_set_function
                0x1000098c       0x34 CMakeFiles/atividade_adc_embarcatech.dir/C_/Users/gabri/.pico-sdk/sdk/2.1.0/src/rp2_common/hardware_gpio/gpio.c.obj
                0x1000098c                gpio_set_function
 .text.gpio_set_pulls
                0x100009c0       0x28 CMakeFiles/atividade_adc_embarcatech.dir/C_/Users/gabri/.pico-sdk/sdk/2.1.0/src/rp2_common/hardware_gpio/gpio.c.obj
                0x100009c0                gpio_set_pulls
 .text.gpio_set_irq_enabled
                0x100009e8       0x58 CMakeFiles/atividade_adc_embarcatech.dir/C_/Users/gabri/.pico-sdk/sdk/2.1.0/src/rp2_common/hardware_gpio/gpio.c.obj
                0x100009e8                gpio_set_irq_enabled
 .text.gpio_set_irq_enabled_with_callback
                0x10000a40       0xd0 CMakeFiles/atividade_adc_embarcatech.dir/C_/Users/gabri/.pico-sdk/sdk/2.1.0/src/rp2_common/hardware_gpio/gpio.c.obj
                0x10000a40                gpio_set_irq_enabled_with_callback
 .text.gpio_set_input_enabled
                0x10000b10       0x28 CMakeFiles/atividade_adc_embarcatech.dir/C_/Users/gabri/.pico-sdk/sdk/2.1.0/src/rp2_common/hardware_gpio/gpio.c.obj
                0x10000b10                gpio_set_input_enabled
 .text.gpio_init
                0x10000b38       0x40 CMakeFiles/atividade_adc_embarcatech.dir/C_/Users/gabri/.pico-sdk/sdk/2.1.0/src/rp2_common/hardware_gpio/gpio.c.obj
                0x10000b38                gpio_init
 .text.rp2040_chip_version
                0x10000b78        0xc CMakeFiles/atividade_adc_embarcatech.dir/C_/Users/gabri/.pico-sdk/sdk/2.1.0/src/rp2040/pico_platform/platform.c.obj
                0x10000b78                rp2040_chip_version
 .text.panic    0x10000b84       0x30 CMakeFiles/atividade_adc_embarcatech.dir/C_/Users/gabri/.pico-sdk/sdk/2.1.0/src/rp2_common/pico_platform_panic/panic.c.obj
                0x10000b84                panic
 .text.hw_claim_or_assert
                0x10000bb4       0x44 CMakeFiles/atividade_adc_embarcatech.dir/C_/Users/gabri/.pico-sdk/sdk/2.1.0/src/common/hardware_claim/claim.c.obj
                0x10000bb4                hw_claim_or_assert
 .text.hw_claim_unused_from_range
                0x10000bf8       0x9c CMakeFiles/atividade_adc_embarcatech.dir/C_/Users/gabri/.pico-sdk/sdk/2.1.0/src/common/hardware_claim/claim.c.obj
                0x10000bf8                hw_claim_unused_from_range
 .text.next_striped_spin_lock_num
                0x10000c94       0x18 CMakeFiles/atividade_adc_embarcatech.dir/C_/Users/gabri/.pico-sdk/sdk/2.1.0/src/rp2_common/hardware_sync/sync.c.obj
                0x10000c94                next_striped_spin_lock_num
 .text.spin_lock_claim_unused
                0x10000cac       0x24 CMakeFiles/atividade_adc_embarcatech.dir/C_/Users/gabri/.pico-sdk/sdk/2.1.0/src/rp2_common/hardware_sync/sync.c.obj
                0x10000cac                spin_lock_claim_unused
 .text.spin_locks_reset
                0x10000cd0       0x1c CMakeFiles/atividade_adc_embarcatech.dir/C_/Users/gabri/.pico-sdk/sdk/2.1.0/src/rp2_common/hardware_sync_spin_lock/sync_spin_lock.c.obj
                0x10000cd0                spin_locks_reset
 .text.runtime_init_per_core_irq_priorities
                0x10000cec       0x24 CMakeFiles/atividade_adc_embarcatech.dir/C_/Users/gabri/.pico-sdk/sdk/2.1.0/src/rp2_common/hardware_irq/irq.c.obj
                0x10000cec                runtime_init_per_core_irq_priorities
 .text.irq_set_enabled
                0x10000d10       0x24 CMakeFiles/atividade_adc_embarcatech.dir/C_/Users/gabri/.pico-sdk/sdk/2.1.0/src/rp2_common/hardware_irq/irq.c.obj
                0x10000d10                irq_set_enabled
 .text.irq_is_enabled
                0x10000d34       0x18 CMakeFiles/atividade_adc_embarcatech.dir/C_/Users/gabri/.pico-sdk/sdk/2.1.0/src/rp2_common/hardware_irq/irq.c.obj
                0x10000d34                irq_is_enabled
 .text.irq_set_pending
                0x10000d4c       0x10 CMakeFiles/atividade_adc_embarcatech.dir/C_/Users/gabri/.pico-sdk/sdk/2.1.0/src/rp2_common/hardware_irq/irq.c.obj
                0x10000d4c                irq_set_pending
 .text.irq_has_shared_handler
                0x10000d5c       0x2c CMakeFiles/atividade_adc_embarcatech.dir/C_/Users/gabri/.pico-sdk/sdk/2.1.0/src/rp2_common/hardware_irq/irq.c.obj
                0x10000d5c                irq_has_shared_handler
 .text.irq_set_exclusive_handler
                0x10000d88       0x54 CMakeFiles/atividade_adc_embarcatech.dir/C_/Users/gabri/.pico-sdk/sdk/2.1.0/src/rp2_common/hardware_irq/irq.c.obj
                0x10000d88                irq_set_exclusive_handler
 .text.irq_add_shared_handler
                0x10000ddc      0x1f4 CMakeFiles/atividade_adc_embarcatech.dir/C_/Users/gabri/.pico-sdk/sdk/2.1.0/src/rp2_common/hardware_irq/irq.c.obj
                0x10000ddc                irq_add_shared_handler
 .text.irq_remove_handler
                0x10000fd0      0x1d4 CMakeFiles/atividade_adc_embarcatech.dir/C_/Users/gabri/.pico-sdk/sdk/2.1.0/src/rp2_common/hardware_irq/irq.c.obj
                0x10000fd0                irq_remove_handler
 .text.irq_add_tail_to_free_list
                0x100011a4       0xb4 CMakeFiles/atividade_adc_embarcatech.dir/C_/Users/gabri/.pico-sdk/sdk/2.1.0/src/rp2_common/hardware_irq/irq.c.obj
                0x100011a4                irq_add_tail_to_free_list
 .text.user_irq_claim_unused
                0x10001258       0x2c CMakeFiles/atividade_adc_embarcatech.dir/C_/Users/gabri/.pico-sdk/sdk/2.1.0/src/rp2_common/hardware_irq/irq.c.obj
                0x10001258                user_irq_claim_unused
 .text.lock_init
                0x10001284       0x10 CMakeFiles/atividade_adc_embarcatech.dir/C_/Users/gabri/.pico-sdk/sdk/2.1.0/src/common/pico_sync/lock_core.c.obj
                0x10001284                lock_init
 .text.runtime_init_mutex
                0x10001294       0x50 CMakeFiles/atividade_adc_embarcatech.dir/C_/Users/gabri/.pico-sdk/sdk/2.1.0/src/common/pico_sync/mutex.c.obj
                0x10001294                runtime_init_mutex
 .text.mutex_init
                0x100012e4       0x1c CMakeFiles/atividade_adc_embarcatech.dir/C_/Users/gabri/.pico-sdk/sdk/2.1.0/src/common/pico_sync/mutex.c.obj
                0x100012e4                mutex_init
 .text.critical_section_init
                0x10001300       0x1c CMakeFiles/atividade_adc_embarcatech.dir/C_/Users/gabri/.pico-sdk/sdk/2.1.0/src/common/pico_sync/critical_section.c.obj
                0x10001300                critical_section_init
 .text.critical_section_init_with_lock_num
                0x1000131c       0x14 CMakeFiles/atividade_adc_embarcatech.dir/C_/Users/gabri/.pico-sdk/sdk/2.1.0/src/common/pico_sync/critical_section.c.obj
                0x1000131c                critical_section_init_with_lock_num
 .text.sleep_until_callback
                0x10001330       0x30 CMakeFiles/atividade_adc_embarcatech.dir/C_/Users/gabri/.pico-sdk/sdk/2.1.0/src/common/pico_time/time.c.obj
 .text.alarm_pool_irq_handler
                0x10001360      0x2fc CMakeFiles/atividade_adc_embarcatech.dir/C_/Users/gabri/.pico-sdk/sdk/2.1.0/src/common/pico_time/time.c.obj
 .text.runtime_init_default_alarm_pool
                0x1000165c       0xdc CMakeFiles/atividade_adc_embarcatech.dir/C_/Users/gabri/.pico-sdk/sdk/2.1.0/src/common/pico_time/time.c.obj
                0x1000165c                runtime_init_default_alarm_pool
 .text.alarm_pool_get_default
                0x10001738        0x8 CMakeFiles/atividade_adc_embarcatech.dir/C_/Users/gabri/.pico-sdk/sdk/2.1.0/src/common/pico_time/time.c.obj
                0x10001738                alarm_pool_get_default
 .text.alarm_pool_add_alarm_at
                0x10001740       0xd4 CMakeFiles/atividade_adc_embarcatech.dir/C_/Users/gabri/.pico-sdk/sdk/2.1.0/src/common/pico_time/time.c.obj
                0x10001740                alarm_pool_add_alarm_at
 .text.alarm_pool_add_alarm_at_force_in_context
                0x10001814       0xb0 CMakeFiles/atividade_adc_embarcatech.dir/C_/Users/gabri/.pico-sdk/sdk/2.1.0/src/common/pico_time/time.c.obj
                0x10001814                alarm_pool_add_alarm_at_force_in_context
 .text.alarm_pool_cancel_alarm
                0x100018c4       0x74 CMakeFiles/atividade_adc_embarcatech.dir/C_/Users/gabri/.pico-sdk/sdk/2.1.0/src/common/pico_time/time.c.obj
                0x100018c4                alarm_pool_cancel_alarm
 .text.alarm_pool_core_num
                0x10001938        0x4 CMakeFiles/atividade_adc_embarcatech.dir/C_/Users/gabri/.pico-sdk/sdk/2.1.0/src/common/pico_time/time.c.obj
                0x10001938                alarm_pool_core_num
 .text.sleep_until
                0x1000193c       0xd8 CMakeFiles/atividade_adc_embarcatech.dir/C_/Users/gabri/.pico-sdk/sdk/2.1.0/src/common/pico_time/time.c.obj
                0x1000193c                sleep_until
 .text.sleep_ms
                0x10001a14       0x38 CMakeFiles/atividade_adc_embarcatech.dir/C_/Users/gabri/.pico-sdk/sdk/2.1.0/src/common/pico_time/time.c.obj
                0x10001a14                sleep_ms
 .text.best_effort_wfe_or_timeout
                0x10001a4c       0xe0 CMakeFiles/atividade_adc_embarcatech.dir/C_/Users/gabri/.pico-sdk/sdk/2.1.0/src/common/pico_time/time.c.obj
                0x10001a4c                best_effort_wfe_or_timeout
 .text.timer_hardware_alarm_claim
                0x10001b2c       0x14 CMakeFiles/atividade_adc_embarcatech.dir/C_/Users/gabri/.pico-sdk/sdk/2.1.0/src/rp2_common/hardware_timer/timer.c.obj
                0x10001b2c                timer_hardware_alarm_claim
 .text.timer_time_us_64
                0x10001b40       0x10 CMakeFiles/atividade_adc_embarcatech.dir/C_/Users/gabri/.pico-sdk/sdk/2.1.0/src/rp2_common/hardware_timer/timer.c.obj
                0x10001b40                timer_time_us_64
 .text.time_us_64
                0x10001b50       0x14 CMakeFiles/atividade_adc_embarcatech.dir/C_/Users/gabri/.pico-sdk/sdk/2.1.0/src/rp2_common/hardware_timer/timer.c.obj
                0x10001b50                time_us_64
 .text.busy_wait_us
                0x10001b64       0x68 CMakeFiles/atividade_adc_embarcatech.dir/C_/Users/gabri/.pico-sdk/sdk/2.1.0/src/rp2_common/hardware_timer/timer.c.obj
                0x10001b64                busy_wait_us
 .text.busy_wait_until
                0x10001bcc       0x20 CMakeFiles/atividade_adc_embarcatech.dir/C_/Users/gabri/.pico-sdk/sdk/2.1.0/src/rp2_common/hardware_timer/timer.c.obj
                0x10001bcc                busy_wait_until
 .text.uart_init
                0x10001bec      0x120 CMakeFiles/atividade_adc_embarcatech.dir/C_/Users/gabri/.pico-sdk/sdk/2.1.0/src/rp2_common/hardware_uart/uart.c.obj
                0x10001bec                uart_init
 .text.clock_configure_int_divider
                0x10001d0c       0xf4 CMakeFiles/atividade_adc_embarcatech.dir/C_/Users/gabri/.pico-sdk/sdk/2.1.0/src/rp2_common/hardware_clocks/clocks.c.obj
                0x10001d0c                clock_configure_int_divider
 .text.clock_configure_undivided
                0x10001e00       0xe8 CMakeFiles/atividade_adc_embarcatech.dir/C_/Users/gabri/.pico-sdk/sdk/2.1.0/src/rp2_common/hardware_clocks/clocks.c.obj
                0x10001e00                clock_configure_undivided
 .text.clock_get_hz
                0x10001ee8        0xc CMakeFiles/atividade_adc_embarcatech.dir/C_/Users/gabri/.pico-sdk/sdk/2.1.0/src/rp2_common/hardware_clocks/clocks.c.obj
                0x10001ee8                clock_get_hz
 .text.pll_init
                0x10001ef4       0xa4 CMakeFiles/atividade_adc_embarcatech.dir/C_/Users/gabri/.pico-sdk/sdk/2.1.0/src/rp2_common/hardware_pll/pll.c.obj
                0x10001ef4                pll_init
 .text.watchdog_reboot
                0x10001f98       0x9c CMakeFiles/atividade_adc_embarcatech.dir/C_/Users/gabri/.pico-sdk/sdk/2.1.0/src/rp2_common/hardware_watchdog/watchdog.c.obj
                0x10001f98                watchdog_reboot
 .text.tick_start
                0x10002034       0x10 CMakeFiles/atividade_adc_embarcatech.dir/C_/Users/gabri/.pico-sdk/sdk/2.1.0/src/rp2_common/hardware_ticks/ticks.c.obj
                0x10002034                tick_start
 .text.rom_func_lookup
                0x10002044       0x10 CMakeFiles/atividade_adc_embarcatech.dir/C_/Users/gabri/.pico-sdk/sdk/2.1.0/src/rp2_common/pico_bootrom/bootrom.c.obj
                0x10002044                rom_func_lookup
 .text.rom_data_lookup
                0x10002054       0x10 CMakeFiles/atividade_adc_embarcatech.dir/C_/Users/gabri/.pico-sdk/sdk/2.1.0/src/rp2_common/pico_bootrom/bootrom.c.obj
                0x10002054                rom_data_lookup
 .text.rom_funcs_lookup
                0x10002064       0x44 CMakeFiles/atividade_adc_embarcatech.dir/C_/Users/gabri/.pico-sdk/sdk/2.1.0/src/rp2_common/pico_bootrom/bootrom.c.obj
                0x10002064                rom_funcs_lookup
 .text.rom_reset_usb_boot_extra
                0x100020a8       0x28 CMakeFiles/atividade_adc_embarcatech.dir/C_/Users/gabri/.pico-sdk/sdk/2.1.0/src/rp2_common/pico_bootrom/bootrom.c.obj
                0x100020a8                rom_reset_usb_boot_extra
 .text.xosc_init
                0x100020d0       0x28 CMakeFiles/atividade_adc_embarcatech.dir/C_/Users/gabri/.pico-sdk/sdk/2.1.0/src/rp2_common/hardware_xosc/xosc.c.obj
                0x100020d0                xosc_init
 .text.first_per_core_initializer
                0x100020f8        0x4 CMakeFiles/atividade_adc_embarcatech.dir/C_/Users/gabri/.pico-sdk/sdk/2.1.0/src/rp2_common/pico_runtime/runtime.c.obj
 .text.hard_assertion_failure
                0x100020fc        0xc CMakeFiles/atividade_adc_embarcatech.dir/C_/Users/gabri/.pico-sdk/sdk/2.1.0/src/rp2_common/pico_runtime/runtime.c.obj
                0x100020fc                hard_assertion_failure
 .text.runtime_run_initializers
                0x10002108       0x28 CMakeFiles/atividade_adc_embarcatech.dir/C_/Users/gabri/.pico-sdk/sdk/2.1.0/src/rp2_common/pico_runtime/runtime.c.obj
                0x10002108                runtime_run_initializers
 .text.runtime_init_early_resets
                0x10002130       0x2c CMakeFiles/atividade_adc_embarcatech.dir/C_/Users/gabri/.pico-sdk/sdk/2.1.0/src/rp2_common/pico_runtime_init/runtime_init.c.obj
                0x10002130                runtime_init_early_resets
 .text.runtime_init_usb_power_down
                0x1000215c       0x1c CMakeFiles/atividade_adc_embarcatech.dir/C_/Users/gabri/.pico-sdk/sdk/2.1.0/src/rp2_common/pico_runtime_init/runtime_init.c.obj
                0x1000215c                runtime_init_usb_power_down
 .text.runtime_init_post_clock_resets
                0x10002178       0x20 CMakeFiles/atividade_adc_embarcatech.dir/C_/Users/gabri/.pico-sdk/sdk/2.1.0/src/rp2_common/pico_runtime_init/runtime_init.c.obj
                0x10002178                runtime_init_post_clock_resets
 .text.runtime_init_rp2040_gpio_ie_disable
                0x10002198       0x14 CMakeFiles/atividade_adc_embarcatech.dir/C_/Users/gabri/.pico-sdk/sdk/2.1.0/src/rp2_common/pico_runtime_init/runtime_init.c.obj
                0x10002198                runtime_init_rp2040_gpio_ie_disable
 .text.runtime_init_spin_locks_reset
                0x100021ac        0x8 CMakeFiles/atividade_adc_embarcatech.dir/C_/Users/gabri/.pico-sdk/sdk/2.1.0/src/rp2_common/pico_runtime_init/runtime_init.c.obj
                0x100021ac                runtime_init_spin_locks_reset
 .text.runtime_init_install_ram_vector_table
                0x100021b4       0x1c CMakeFiles/atividade_adc_embarcatech.dir/C_/Users/gabri/.pico-sdk/sdk/2.1.0/src/rp2_common/pico_runtime_init/runtime_init.c.obj
                0x100021b4                runtime_init_install_ram_vector_table
 .text.runtime_init_clocks
                0x100021d0       0xd8 CMakeFiles/atividade_adc_embarcatech.dir/C_/Users/gabri/.pico-sdk/sdk/2.1.0/src/rp2_common/pico_runtime_init/runtime_init_clocks.c.obj
                0x100021d0                runtime_init_clocks
 .text          0x100022a8       0x10 CMakeFiles/atividade_adc_embarcatech.dir/C_/Users/gabri/.pico-sdk/sdk/2.1.0/src/rp2_common/pico_bit_ops/bit_ops_aeabi.S.obj
 .text.__wrap___aeabi_idiv
                0x100022b8       0x50 CMakeFiles/atividade_adc_embarcatech.dir/C_/Users/gabri/.pico-sdk/sdk/2.1.0/src/rp2_common/pico_divider/divider_hardware.S.obj
                0x100022b8                __wrap___aeabi_idivmod
                0x100022b8                divmod_s32s32
                0x100022b8                div_s32s32
                0x100022b8                __wrap___aeabi_idiv
                0x100022c0                divmod_s32s32_unsafe
                0x100022ec                divmod_s32s32_savestate
 .text.__wrap___aeabi_uidiv
                0x10002308       0x4c CMakeFiles/atividade_adc_embarcatech.dir/C_/Users/gabri/.pico-sdk/sdk/2.1.0/src/rp2_common/pico_divider/divider_hardware.S.obj
                0x10002308                __wrap___aeabi_uidiv
                0x10002308                __wrap___aeabi_uidivmod
                0x10002308                div_u32u32
                0x10002308                divmod_u32u32
                0x10002310                divmod_u32u32_unsafe
                0x10002338                divmod_u32u32_savestate
 .text.__wrap___aeabi_ldiv
                0x10002354      0x424 CMakeFiles/atividade_adc_embarcatech.dir/C_/Users/gabri/.pico-sdk/sdk/2.1.0/src/rp2_common/pico_divider/divider_hardware.S.obj
                0x10002354                div_s64s64
                0x10002354                divmod_s64s64
                0x10002354                __wrap___aeabi_ldivmod
                0x10002384                divmod_u64u64
                0x10002384                div_u64u64
                0x10002384                __wrap___aeabi_uldivmod
                0x10002394                divmod_u64u64_savestate
                0x100023b4                divmod_s64s64_unsafe
                0x1000243c                divmod_u64u64_unsafe
 .text.__wrap___aeabi_darithmetic
                0x10002778       0x60 CMakeFiles/atividade_adc_embarcatech.dir/C_/Users/gabri/.pico-sdk/sdk/2.1.0/src/rp2_common/pico_double/double_aeabi_rp2040.S.obj
                0x10002778                __wrap___aeabi_drsub
                0x1000277e                __wrap___aeabi_dsub
                0x10002788                __wrap___aeabi_dadd
                0x10002792                __wrap___aeabi_ddiv
                0x100027c6                __wrap___aeabi_dmul
 .text.__wrap___aeabi_cdcmple
                0x100027d8       0x6c CMakeFiles/atividade_adc_embarcatech.dir/C_/Users/gabri/.pico-sdk/sdk/2.1.0/src/rp2_common/pico_double/double_aeabi_rp2040.S.obj
                0x100027d8                __wrap___aeabi_cdrcmple
                0x100027e8                __wrap___aeabi_cdcmpeq
                0x100027e8                __wrap___aeabi_cdcmple
 .text.__wrap___aeabi_dcmplt
                0x10002844        0xc CMakeFiles/atividade_adc_embarcatech.dir/C_/Users/gabri/.pico-sdk/sdk/2.1.0/src/rp2_common/pico_double/double_aeabi_rp2040.S.obj
                0x10002844                __wrap___aeabi_dcmplt
 .text.__wrap___aeabi_dcmpge
                0x10002850       0x10 CMakeFiles/atividade_adc_embarcatech.dir/C_/Users/gabri/.pico-sdk/sdk/2.1.0/src/rp2_common/pico_double/double_aeabi_rp2040.S.obj
                0x10002850                __wrap___aeabi_dcmpge
 .text.__wrap___aeabi_dcmpgt
                0x10002860        0xa CMakeFiles/atividade_adc_embarcatech.dir/C_/Users/gabri/.pico-sdk/sdk/2.1.0/src/rp2_common/pico_double/double_aeabi_rp2040.S.obj
                0x10002860                __wrap___aeabi_dcmpgt
 .text.__wrap___aeabi_dcmpun
                0x1000286a       0x18 CMakeFiles/atividade_adc_embarcatech.dir/C_/Users/gabri/.pico-sdk/sdk/2.1.0/src/rp2_common/pico_double/double_aeabi_rp2040.S.obj
                0x1000286a                __wrap___aeabi_dcmpun
 *fill*         0x10002882        0x2 
 .text.__wrap___aeabi_i2d
                0x10002884       0x38 CMakeFiles/atividade_adc_embarcatech.dir/C_/Users/gabri/.pico-sdk/sdk/2.1.0/src/rp2_common/pico_double/double_aeabi_rp2040.S.obj
                0x10002884                __wrap___aeabi_ui2d
                0x1000288c                __wrap___aeabi_i2d
 .text.__wrap___aeabi_d2iz
                0x100028bc       0x48 CMakeFiles/atividade_adc_embarcatech.dir/C_/Users/gabri/.pico-sdk/sdk/2.1.0/src/rp2_common/pico_double/double_aeabi_rp2040.S.obj
                0x100028bc                double2int_z
                0x100028bc                __wrap___aeabi_d2iz
 .text.__wrap___aeabi_d2uiz
                0x10002904       0x10 CMakeFiles/atividade_adc_embarcatech.dir/C_/Users/gabri/.pico-sdk/sdk/2.1.0/src/rp2_common/pico_double/double_aeabi_rp2040.S.obj
                0x10002904                __wrap___aeabi_d2uiz
                0x10002904                double2uint
 .text.missing_double_func_shim
                0x10002914        0xc CMakeFiles/atividade_adc_embarcatech.dir/C_/Users/gabri/.pico-sdk/sdk/2.1.0/src/rp2_common/pico_double/double_init_rom_rp2040.c.obj
 .text.__aeabi_double_init
                0x10002920       0xa0 CMakeFiles/atividade_adc_embarcatech.dir/C_/Users/gabri/.pico-sdk/sdk/2.1.0/src/rp2_common/pico_double/double_init_rom_rp2040.c.obj
                0x10002920                __aeabi_double_init
 .text.double_table_shim_on_use_helper
                0x100029c0       0x2c CMakeFiles/atividade_adc_embarcatech.dir/C_/Users/gabri/.pico-sdk/sdk/2.1.0/src/rp2_common/pico_double/double_v1_rom_shim_rp2040.S.obj
                0x100029c0                double_table_shim_on_use_helper
 .text.__aeabi_lmul
                0x100029ec       0x32 CMakeFiles/atividade_adc_embarcatech.dir/C_/Users/gabri/.pico-sdk/sdk/2.1.0/src/rp2_common/pico_int64_ops/pico_int64_ops_aeabi.S.obj
                0x100029ec                __wrap___aeabi_lmul
 *fill*         0x10002a1e        0x2 
 .text.__wrap___aeabi_farithmetic
                0x10002a20       0x48 CMakeFiles/atividade_adc_embarcatech.dir/C_/Users/gabri/.pico-sdk/sdk/2.1.0/src/rp2_common/pico_float/float_aeabi_rp2040.S.obj
                0x10002a20                __wrap___aeabi_frsub
                0x10002a26                __wrap___aeabi_fsub
                0x10002a2c                __wrap___aeabi_fadd
                0x10002a32                __wrap___aeabi_fdiv
                0x10002a5a                __wrap___aeabi_fmul
 .text.__wrap___aeabi_i2f
                0x10002a68       0x44 CMakeFiles/atividade_adc_embarcatech.dir/C_/Users/gabri/.pico-sdk/sdk/2.1.0/src/rp2_common/pico_float/float_aeabi_rp2040.S.obj
                0x10002a68                __wrap___aeabi_i2f
                0x10002a68                int2float
 .text.__wrap___aeabi_f2uiz
                0x10002aac        0xc CMakeFiles/atividade_adc_embarcatech.dir/C_/Users/gabri/.pico-sdk/sdk/2.1.0/src/rp2_common/pico_float/float_aeabi_rp2040.S.obj
                0x10002aac                __wrap___aeabi_f2uiz
                0x10002aac                float2uint_z
 .text.missing_float_func_shim
                0x10002ab8        0xc CMakeFiles/atividade_adc_embarcatech.dir/C_/Users/gabri/.pico-sdk/sdk/2.1.0/src/rp2_common/pico_float/float_init_rom_rp2040.c.obj
 .text.__aeabi_float_init
                0x10002ac4       0x5c CMakeFiles/atividade_adc_embarcatech.dir/C_/Users/gabri/.pico-sdk/sdk/2.1.0/src/rp2_common/pico_float/float_init_rom_rp2040.c.obj
                0x10002ac4                __aeabi_float_init
 .text          0x10002b20       0x10 CMakeFiles/atividade_adc_embarcatech.dir/C_/Users/gabri/.pico-sdk/sdk/2.1.0/src/rp2_common/pico_mem_ops/mem_ops_aeabi.S.obj
                0x10002b20                __aeabi_mem_init
 .text.memset   0x10002b30        0xc CMakeFiles/atividade_adc_embarcatech.dir/C_/Users/gabri/.pico-sdk/sdk/2.1.0/src/rp2_common/pico_mem_ops/mem_ops_aeabi.S.obj
                0x10002b30                __wrap_memset
 .text.memcpy   0x10002b3c        0xc CMakeFiles/atividade_adc_embarcatech.dir/C_/Users/gabri/.pico-sdk/sdk/2.1.0/src/rp2_common/pico_mem_ops/mem_ops_aeabi.S.obj
                0x10002b3c                __wrap_memcpy
                0x10002b3c                __wrap___aeabi_memcpy
 .text._out_null
                0x10002b48        0x4 CMakeFiles/atividade_adc_embarcatech.dir/C_/Users/gabri/.pico-sdk/sdk/2.1.0/src/rp2_common/pico_printf/printf.c.obj
 .text._out_rev
                0x10002b4c       0xac CMakeFiles/atividade_adc_embarcatech.dir/C_/Users/gabri/.pico-sdk/sdk/2.1.0/src/rp2_common/pico_printf/printf.c.obj
 .text._ntoa_format
                0x10002bf8      0x250 CMakeFiles/atividade_adc_embarcatech.dir/C_/Users/gabri/.pico-sdk/sdk/2.1.0/src/rp2_common/pico_printf/printf.c.obj
 .text._out_char
                0x10002e48       0x10 CMakeFiles/atividade_adc_embarcatech.dir/C_/Users/gabri/.pico-sdk/sdk/2.1.0/src/rp2_common/pico_printf/printf.c.obj
 .text._out_fct
                0x10002e58       0x10 CMakeFiles/atividade_adc_embarcatech.dir/C_/Users/gabri/.pico-sdk/sdk/2.1.0/src/rp2_common/pico_printf/printf.c.obj
 .text._etoa    0x10002e68      0x464 CMakeFiles/atividade_adc_embarcatech.dir/C_/Users/gabri/.pico-sdk/sdk/2.1.0/src/rp2_common/pico_printf/printf.c.obj
 .text._ftoa    0x100032cc      0x3c0 CMakeFiles/atividade_adc_embarcatech.dir/C_/Users/gabri/.pico-sdk/sdk/2.1.0/src/rp2_common/pico_printf/printf.c.obj
 .text._vsnprintf
                0x1000368c      0xbc8 CMakeFiles/atividade_adc_embarcatech.dir/C_/Users/gabri/.pico-sdk/sdk/2.1.0/src/rp2_common/pico_printf/printf.c.obj
 .text.vfctprintf
                0x10004254       0x20 CMakeFiles/atividade_adc_embarcatech.dir/C_/Users/gabri/.pico-sdk/sdk/2.1.0/src/rp2_common/pico_printf/printf.c.obj
                0x10004254                vfctprintf
 .text.weak_raw_vprintf
                0x10004274       0x30 CMakeFiles/atividade_adc_embarcatech.dir/C_/Users/gabri/.pico-sdk/sdk/2.1.0/src/rp2_common/pico_printf/printf.c.obj
                0x10004274                weak_raw_vprintf
 .text._exit    0x100042a4        0x4 CMakeFiles/atividade_adc_embarcatech.dir/C_/Users/gabri/.pico-sdk/sdk/2.1.0/src/rp2_common/pico_clib_interface/newlib_interface.c.obj
                0x100042a4                _exit
 .text.exit     0x100042a8        0x8 CMakeFiles/atividade_adc_embarcatech.dir/C_/Users/gabri/.pico-sdk/sdk/2.1.0/src/rp2_common/pico_clib_interface/newlib_interface.c.obj
                0x100042a8                exit
 .text.runtime_init
                0x100042b0       0x2c CMakeFiles/atividade_adc_embarcatech.dir/C_/Users/gabri/.pico-sdk/sdk/2.1.0/src/rp2_common/pico_clib_interface/newlib_interface.c.obj
                0x100042b0                runtime_init
 .text.stdio_out_chars_no_crlf
                0x100042dc       0x10 CMakeFiles/atividade_adc_embarcatech.dir/C_/Users/gabri/.pico-sdk/sdk/2.1.0/src/rp2_common/pico_stdio/stdio.c.obj
 .text.stdio_out_chars_crlf
                0x100042ec       0x94 CMakeFiles/atividade_adc_embarcatech.dir/C_/Users/gabri/.pico-sdk/sdk/2.1.0/src/rp2_common/pico_stdio/stdio.c.obj
 .text.stdio_buffered_printer
                0x10004380       0x64 CMakeFiles/atividade_adc_embarcatech.dir/C_/Users/gabri/.pico-sdk/sdk/2.1.0/src/rp2_common/pico_stdio/stdio.c.obj
 .text.stdio_put_string
                0x100043e4      0x100 CMakeFiles/atividade_adc_embarcatech.dir/C_/Users/gabri/.pico-sdk/sdk/2.1.0/src/rp2_common/pico_stdio/stdio.c.obj
                0x100043e4                stdio_put_string
 .text.stdio_set_driver_enabled
                0x100044e4       0x30 CMakeFiles/atividade_adc_embarcatech.dir/C_/Users/gabri/.pico-sdk/sdk/2.1.0/src/rp2_common/pico_stdio/stdio.c.obj
                0x100044e4                stdio_set_driver_enabled
 .text.stdio_init_all
                0x10004514       0x10 CMakeFiles/atividade_adc_embarcatech.dir/C_/Users/gabri/.pico-sdk/sdk/2.1.0/src/rp2_common/pico_stdio/stdio.c.obj
                0x10004514                stdio_init_all
 .text.__wrap_putchar
                0x10004524       0x98 CMakeFiles/atividade_adc_embarcatech.dir/C_/Users/gabri/.pico-sdk/sdk/2.1.0/src/rp2_common/pico_stdio/stdio.c.obj
                0x10004524                __wrap_putchar
                0x10004524                stdio_putchar
 .text.__wrap_puts
                0x100045bc       0x3c CMakeFiles/atividade_adc_embarcatech.dir/C_/Users/gabri/.pico-sdk/sdk/2.1.0/src/rp2_common/pico_stdio/stdio.c.obj
                0x100045bc                stdio_puts
                0x100045bc                __wrap_puts
 .text.__wrap_vprintf
                0x100045f8       0xd4 CMakeFiles/atividade_adc_embarcatech.dir/C_/Users/gabri/.pico-sdk/sdk/2.1.0/src/rp2_common/pico_stdio/stdio.c.obj
                0x100045f8                stdio_vprintf
                0x100045f8                __wrap_vprintf
 .text.__wrap_printf
                0x100046cc       0x18 CMakeFiles/atividade_adc_embarcatech.dir/C_/Users/gabri/.pico-sdk/sdk/2.1.0/src/rp2_common/pico_stdio/stdio.c.obj
                0x100046cc                __wrap_printf
                0x100046cc                stdio_printf
 .text.stdio_uart_out_chars
                0x100046e4       0x4c CMakeFiles/atividade_adc_embarcatech.dir/C_/Users/gabri/.pico-sdk/sdk/2.1.0/src/rp2_common/pico_stdio_uart/stdio_uart.c.obj
 .text.stdio_uart_in_chars
                0x10004730       0x90 CMakeFiles/atividade_adc_embarcatech.dir/C_/Users/gabri/.pico-sdk/sdk/2.1.0/src/rp2_common/pico_stdio_uart/stdio_uart.c.obj
                0x10004730                stdio_uart_in_chars
 .text.on_uart_rx
                0x100047c0       0x28 CMakeFiles/atividade_adc_embarcatech.dir/C_/Users/gabri/.pico-sdk/sdk/2.1.0/src/rp2_common/pico_stdio_uart/stdio_uart.c.obj
 .text.stdio_uart_out_flush
                0x100047e8       0x14 CMakeFiles/atividade_adc_embarcatech.dir/C_/Users/gabri/.pico-sdk/sdk/2.1.0/src/rp2_common/pico_stdio_uart/stdio_uart.c.obj
 .text.stdio_uart_set_chars_available_callback
                0x100047fc       0x84 CMakeFiles/atividade_adc_embarcatech.dir/C_/Users/gabri/.pico-sdk/sdk/2.1.0/src/rp2_common/pico_stdio_uart/stdio_uart.c.obj
 .text.stdio_uart_init
                0x10004880       0x50 CMakeFiles/atividade_adc_embarcatech.dir/C_/Users/gabri/.pico-sdk/sdk/2.1.0/src/rp2_common/pico_stdio_uart/stdio_uart.c.obj
                0x10004880                stdio_uart_init
 .text.resetd_init
                0x100048d0        0x4 CMakeFiles/atividade_adc_embarcatech.dir/C_/Users/gabri/.pico-sdk/sdk/2.1.0/src/rp2_common/pico_stdio_usb/reset_interface.c.obj
 .text.resetd_reset
                0x100048d4        0xc CMakeFiles/atividade_adc_embarcatech.dir/C_/Users/gabri/.pico-sdk/sdk/2.1.0/src/rp2_common/pico_stdio_usb/reset_interface.c.obj
 .text.resetd_open
                0x100048e0       0x28 CMakeFiles/atividade_adc_embarcatech.dir/C_/Users/gabri/.pico-sdk/sdk/2.1.0/src/rp2_common/pico_stdio_usb/reset_interface.c.obj
 .text.resetd_xfer_cb
                0x10004908        0x4 CMakeFiles/atividade_adc_embarcatech.dir/C_/Users/gabri/.pico-sdk/sdk/2.1.0/src/rp2_common/pico_stdio_usb/reset_interface.c.obj
 .text.resetd_control_xfer_cb
                0x1000490c       0x5c CMakeFiles/atividade_adc_embarcatech.dir/C_/Users/gabri/.pico-sdk/sdk/2.1.0/src/rp2_common/pico_stdio_usb/reset_interface.c.obj
 .text.tud_descriptor_bos_cb
                0x10004968        0x8 CMakeFiles/atividade_adc_embarcatech.dir/C_/Users/gabri/.pico-sdk/sdk/2.1.0/src/rp2_common/pico_stdio_usb/reset_interface.c.obj
                0x10004968                tud_descriptor_bos_cb
 .text.tud_vendor_control_xfer_cb
                0x10004970       0x34 CMakeFiles/atividade_adc_embarcatech.dir/C_/Users/gabri/.pico-sdk/sdk/2.1.0/src/rp2_common/pico_stdio_usb/reset_interface.c.obj
                0x10004970                tud_vendor_control_xfer_cb
 .text.usbd_app_driver_get_cb
                0x100049a4        0xc CMakeFiles/atividade_adc_embarcatech.dir/C_/Users/gabri/.pico-sdk/sdk/2.1.0/src/rp2_common/pico_stdio_usb/reset_interface.c.obj
                0x100049a4                usbd_app_driver_get_cb
 .text.tud_cdc_line_coding_cb
                0x100049b0       0x2c CMakeFiles/atividade_adc_embarcatech.dir/C_/Users/gabri/.pico-sdk/sdk/2.1.0/src/rp2_common/pico_stdio_usb/reset_interface.c.obj
                0x100049b0                tud_cdc_line_coding_cb
 .text.stdio_usb_set_chars_available_callback
                0x100049dc       0x14 CMakeFiles/atividade_adc_embarcatech.dir/C_/Users/gabri/.pico-sdk/sdk/2.1.0/src/rp2_common/pico_stdio_usb/stdio_usb.c.obj
                0x100049dc                stdio_usb_set_chars_available_callback
 .text.usb_irq  0x100049f0       0x10 CMakeFiles/atividade_adc_embarcatech.dir/C_/Users/gabri/.pico-sdk/sdk/2.1.0/src/rp2_common/pico_stdio_usb/stdio_usb.c.obj
 .text.timer_task
                0x10004a00       0x64 CMakeFiles/atividade_adc_embarcatech.dir/C_/Users/gabri/.pico-sdk/sdk/2.1.0/src/rp2_common/pico_stdio_usb/stdio_usb.c.obj
 .text.stdio_usb_in_chars
                0x10004a64       0x90 CMakeFiles/atividade_adc_embarcatech.dir/C_/Users/gabri/.pico-sdk/sdk/2.1.0/src/rp2_common/pico_stdio_usb/stdio_usb.c.obj
                0x10004a64                stdio_usb_in_chars
 .text.stdio_usb_out_flush
                0x10004af4       0x50 CMakeFiles/atividade_adc_embarcatech.dir/C_/Users/gabri/.pico-sdk/sdk/2.1.0/src/rp2_common/pico_stdio_usb/stdio_usb.c.obj
 .text.stdio_usb_out_chars
                0x10004b44      0x104 CMakeFiles/atividade_adc_embarcatech.dir/C_/Users/gabri/.pico-sdk/sdk/2.1.0/src/rp2_common/pico_stdio_usb/stdio_usb.c.obj
 .text.low_priority_worker_irq
                0x10004c48       0xcc CMakeFiles/atividade_adc_embarcatech.dir/C_/Users/gabri/.pico-sdk/sdk/2.1.0/src/rp2_common/pico_stdio_usb/stdio_usb.c.obj
 .text.stdio_usb_init
                0x10004d14       0xe8 CMakeFiles/atividade_adc_embarcatech.dir/C_/Users/gabri/.pico-sdk/sdk/2.1.0/src/rp2_common/pico_stdio_usb/stdio_usb.c.obj
                0x10004d14                stdio_usb_init
 .text.tud_descriptor_device_cb
                0x10004dfc        0x8 CMakeFiles/atividade_adc_embarcatech.dir/C_/Users/gabri/.pico-sdk/sdk/2.1.0/src/rp2_common/pico_stdio_usb/stdio_usb_descriptors.c.obj
                0x10004dfc                tud_descriptor_device_cb
 .text.tud_descriptor_configuration_cb
                0x10004e04        0x8 CMakeFiles/atividade_adc_embarcatech.dir/C_/Users/gabri/.pico-sdk/sdk/2.1.0/src/rp2_common/pico_stdio_usb/stdio_usb_descriptors.c.obj
                0x10004e04                tud_descriptor_configuration_cb
 .text.tud_descriptor_string_cb
                0x10004e0c       0x78 CMakeFiles/atividade_adc_embarcatech.dir/C_/Users/gabri/.pico-sdk/sdk/2.1.0/src/rp2_common/pico_stdio_usb/stdio_usb_descriptors.c.obj
                0x10004e0c                tud_descriptor_string_cb
 .text.startup._retrieve_unique_id_on_boot
                0x10004e84       0x10 CMakeFiles/atividade_adc_embarcatech.dir/C_/Users/gabri/.pico-sdk/sdk/2.1.0/src/rp2_common/pico_unique_id/unique_id.c.obj
 .text.pico_get_unique_board_id_string
                0x10004e94      0x1a8 CMakeFiles/atividade_adc_embarcatech.dir/C_/Users/gabri/.pico-sdk/sdk/2.1.0/src/rp2_common/pico_unique_id/unique_id.c.obj
                0x10004e94                pico_get_unique_board_id_string
 .text.flash_get_unique_id
                0x1000503c       0x3c CMakeFiles/atividade_adc_embarcatech.dir/C_/Users/gabri/.pico-sdk/sdk/2.1.0/src/rp2_common/hardware_flash/flash.c.obj
                0x1000503c                flash_get_unique_id
 .text.dcd_init
                0x10005078       0x8c CMakeFiles/atividade_adc_embarcatech.dir/C_/Users/gabri/.pico-sdk/sdk/2.1.0/lib/tinyusb/src/portable/raspberrypi/rp2040/dcd_rp2040.c.obj
                0x10005078                dcd_init
 .text.dcd_int_enable
                0x10005104        0xc CMakeFiles/atividade_adc_embarcatech.dir/C_/Users/gabri/.pico-sdk/sdk/2.1.0/lib/tinyusb/src/portable/raspberrypi/rp2040/dcd_rp2040.c.obj
                0x10005104                dcd_int_enable
 .text.dcd_set_address
                0x10005110       0x14 CMakeFiles/atividade_adc_embarcatech.dir/C_/Users/gabri/.pico-sdk/sdk/2.1.0/lib/tinyusb/src/portable/raspberrypi/rp2040/dcd_rp2040.c.obj
                0x10005110                dcd_set_address
 .text.dcd_sof_enable
                0x10005124       0x1c CMakeFiles/atividade_adc_embarcatech.dir/C_/Users/gabri/.pico-sdk/sdk/2.1.0/lib/tinyusb/src/portable/raspberrypi/rp2040/dcd_rp2040.c.obj
                0x10005124                dcd_sof_enable
 .text.dcd_edpt0_status_complete
                0x10005140       0x1c CMakeFiles/atividade_adc_embarcatech.dir/C_/Users/gabri/.pico-sdk/sdk/2.1.0/lib/tinyusb/src/portable/raspberrypi/rp2040/dcd_rp2040.c.obj
                0x10005140                dcd_edpt0_status_complete
 .text.dcd_edpt_open
                0x1000515c      0x108 CMakeFiles/atividade_adc_embarcatech.dir/C_/Users/gabri/.pico-sdk/sdk/2.1.0/lib/tinyusb/src/portable/raspberrypi/rp2040/dcd_rp2040.c.obj
                0x1000515c                dcd_edpt_open
 .text.dcd_edpt_close_all
                0x10005264        0x8 CMakeFiles/atividade_adc_embarcatech.dir/C_/Users/gabri/.pico-sdk/sdk/2.1.0/lib/tinyusb/src/portable/raspberrypi/rp2040/dcd_rp2040.c.obj
                0x10005264                dcd_edpt_close_all
 .text.dcd_edpt_xfer
                0x1000526c       0x24 CMakeFiles/atividade_adc_embarcatech.dir/C_/Users/gabri/.pico-sdk/sdk/2.1.0/lib/tinyusb/src/portable/raspberrypi/rp2040/dcd_rp2040.c.obj
                0x1000526c                dcd_edpt_xfer
 .text.dcd_edpt_stall
                0x10005290       0x34 CMakeFiles/atividade_adc_embarcatech.dir/C_/Users/gabri/.pico-sdk/sdk/2.1.0/lib/tinyusb/src/portable/raspberrypi/rp2040/dcd_rp2040.c.obj
                0x10005290                dcd_edpt_stall
 .text.dcd_edpt_clear_stall
                0x100052c4       0x30 CMakeFiles/atividade_adc_embarcatech.dir/C_/Users/gabri/.pico-sdk/sdk/2.1.0/lib/tinyusb/src/portable/raspberrypi/rp2040/dcd_rp2040.c.obj
                0x100052c4                dcd_edpt_clear_stall
 .text.rp2040_usb_init
                0x100052f4       0x40 CMakeFiles/atividade_adc_embarcatech.dir/C_/Users/gabri/.pico-sdk/sdk/2.1.0/lib/tinyusb/src/portable/raspberrypi/rp2040/rp2040_usb.c.obj
                0x100052f4                rp2040_usb_init
 .text.hw_endpoint_xfer_start
                0x10005334       0x40 CMakeFiles/atividade_adc_embarcatech.dir/C_/Users/gabri/.pico-sdk/sdk/2.1.0/lib/tinyusb/src/portable/raspberrypi/rp2040/rp2040_usb.c.obj
                0x10005334                hw_endpoint_xfer_start
 .text.tud_event_hook_cb
                0x10005374        0x4 CMakeFiles/atividade_adc_embarcatech.dir/C_/Users/gabri/.pico-sdk/sdk/2.1.0/lib/tinyusb/src/device/usbd.c.obj
                0x10005374                tud_event_hook_cb
 .text.tud_sof_cb
                0x10005378        0x4 CMakeFiles/atividade_adc_embarcatech.dir/C_/Users/gabri/.pico-sdk/sdk/2.1.0/lib/tinyusb/src/device/usbd.c.obj
                0x10005378                tud_sof_cb
 .text.tud_descriptor_device_qualifier_cb
                0x1000537c        0x4 CMakeFiles/atividade_adc_embarcatech.dir/C_/Users/gabri/.pico-sdk/sdk/2.1.0/lib/tinyusb/src/device/usbd.c.obj
                0x1000537c                tud_descriptor_device_qualifier_cb
 .text.tud_descriptor_other_speed_configuration_cb
                0x10005380        0x4 CMakeFiles/atividade_adc_embarcatech.dir/C_/Users/gabri/.pico-sdk/sdk/2.1.0/lib/tinyusb/src/device/usbd.c.obj
                0x10005380                tud_descriptor_other_speed_configuration_cb
 .text.tud_mount_cb
                0x10005384        0x4 CMakeFiles/atividade_adc_embarcatech.dir/C_/Users/gabri/.pico-sdk/sdk/2.1.0/lib/tinyusb/src/device/usbd.c.obj
                0x10005384                tud_mount_cb
 .text.tud_umount_cb
                0x10005388        0x4 CMakeFiles/atividade_adc_embarcatech.dir/C_/Users/gabri/.pico-sdk/sdk/2.1.0/lib/tinyusb/src/device/usbd.c.obj
                0x10005388                tud_umount_cb
 .text.tud_suspend_cb
                0x1000538c        0x4 CMakeFiles/atividade_adc_embarcatech.dir/C_/Users/gabri/.pico-sdk/sdk/2.1.0/lib/tinyusb/src/device/usbd.c.obj
                0x1000538c                tud_suspend_cb
 .text.tud_resume_cb
                0x10005390        0x4 CMakeFiles/atividade_adc_embarcatech.dir/C_/Users/gabri/.pico-sdk/sdk/2.1.0/lib/tinyusb/src/device/usbd.c.obj
                0x10005390                tud_resume_cb
 .text.tud_mounted
                0x10005394       0x10 CMakeFiles/atividade_adc_embarcatech.dir/C_/Users/gabri/.pico-sdk/sdk/2.1.0/lib/tinyusb/src/device/usbd.c.obj
                0x10005394                tud_mounted
 .text.tud_suspended
                0x100053a4       0x10 CMakeFiles/atividade_adc_embarcatech.dir/C_/Users/gabri/.pico-sdk/sdk/2.1.0/lib/tinyusb/src/device/usbd.c.obj
                0x100053a4                tud_suspended
 .text.tud_init
                0x100053b4       0xe4 CMakeFiles/atividade_adc_embarcatech.dir/C_/Users/gabri/.pico-sdk/sdk/2.1.0/lib/tinyusb/src/device/usbd.c.obj
                0x100053b4                tud_init
 .text.tud_task_ext
                0x10005498      0x800 CMakeFiles/atividade_adc_embarcatech.dir/C_/Users/gabri/.pico-sdk/sdk/2.1.0/lib/tinyusb/src/device/usbd.c.obj
                0x10005498                tud_task_ext
 .text.usbd_open_edpt_pair
                0x10005c98       0x9c CMakeFiles/atividade_adc_embarcatech.dir/C_/Users/gabri/.pico-sdk/sdk/2.1.0/lib/tinyusb/src/device/usbd.c.obj
                0x10005c98                usbd_open_edpt_pair
 .text.usbd_edpt_open
                0x10005d34       0x34 CMakeFiles/atividade_adc_embarcatech.dir/C_/Users/gabri/.pico-sdk/sdk/2.1.0/lib/tinyusb/src/device/usbd.c.obj
                0x10005d34                usbd_edpt_open
 .text.usbd_edpt_claim
                0x10005d68       0x28 CMakeFiles/atividade_adc_embarcatech.dir/C_/Users/gabri/.pico-sdk/sdk/2.1.0/lib/tinyusb/src/device/usbd.c.obj
                0x10005d68                usbd_edpt_claim
 .text.usbd_edpt_release
                0x10005d90       0x28 CMakeFiles/atividade_adc_embarcatech.dir/C_/Users/gabri/.pico-sdk/sdk/2.1.0/lib/tinyusb/src/device/usbd.c.obj
                0x10005d90                usbd_edpt_release
 .text.usbd_edpt_xfer
                0x10005db8       0x4c CMakeFiles/atividade_adc_embarcatech.dir/C_/Users/gabri/.pico-sdk/sdk/2.1.0/lib/tinyusb/src/device/usbd.c.obj
                0x10005db8                usbd_edpt_xfer
 .text.tud_control_status
                0x10005e04       0x2c CMakeFiles/atividade_adc_embarcatech.dir/C_/Users/gabri/.pico-sdk/sdk/2.1.0/lib/tinyusb/src/device/usbd_control.c.obj
                0x10005e04                tud_control_status
 .text.tud_control_xfer
                0x10005e30       0xac CMakeFiles/atividade_adc_embarcatech.dir/C_/Users/gabri/.pico-sdk/sdk/2.1.0/lib/tinyusb/src/device/usbd_control.c.obj
                0x10005e30                tud_control_xfer
 .text.usbd_control_reset
                0x10005edc       0x14 CMakeFiles/atividade_adc_embarcatech.dir/C_/Users/gabri/.pico-sdk/sdk/2.1.0/lib/tinyusb/src/device/usbd_control.c.obj
                0x10005edc                usbd_control_reset
 .text.usbd_control_set_complete_callback
                0x10005ef0        0xc CMakeFiles/atividade_adc_embarcatech.dir/C_/Users/gabri/.pico-sdk/sdk/2.1.0/lib/tinyusb/src/device/usbd_control.c.obj
                0x10005ef0                usbd_control_set_complete_callback
 .text.usbd_control_set_request
                0x10005efc       0x1c CMakeFiles/atividade_adc_embarcatech.dir/C_/Users/gabri/.pico-sdk/sdk/2.1.0/lib/tinyusb/src/device/usbd_control.c.obj
                0x10005efc                usbd_control_set_request
 .text.usbd_control_xfer_cb
                0x10005f18       0xec CMakeFiles/atividade_adc_embarcatech.dir/C_/Users/gabri/.pico-sdk/sdk/2.1.0/lib/tinyusb/src/device/usbd_control.c.obj
                0x10005f18                usbd_control_xfer_cb
 .text._prep_out_transaction.isra.0
                0x10006004       0x5c CMakeFiles/atividade_adc_embarcatech.dir/C_/Users/gabri/.pico-sdk/sdk/2.1.0/lib/tinyusb/src/class/cdc/cdc_device.c.obj
 .text.tud_cdc_n_connected
                0x10006060       0x30 CMakeFiles/atividade_adc_embarcatech.dir/C_/Users/gabri/.pico-sdk/sdk/2.1.0/lib/tinyusb/src/class/cdc/cdc_device.c.obj
                0x10006060                tud_cdc_n_connected
 .text.tud_cdc_n_available
                0x10006090       0x18 CMakeFiles/atividade_adc_embarcatech.dir/C_/Users/gabri/.pico-sdk/sdk/2.1.0/lib/tinyusb/src/class/cdc/cdc_device.c.obj
                0x10006090                tud_cdc_n_available
 .text.tud_cdc_n_read
                0x100060a8       0x98 CMakeFiles/atividade_adc_embarcatech.dir/C_/Users/gabri/.pico-sdk/sdk/2.1.0/lib/tinyusb/src/class/cdc/cdc_device.c.obj
                0x100060a8                tud_cdc_n_read
 .text.tud_cdc_n_write_flush
                0x10006140       0x78 CMakeFiles/atividade_adc_embarcatech.dir/C_/Users/gabri/.pico-sdk/sdk/2.1.0/lib/tinyusb/src/class/cdc/cdc_device.c.obj
                0x10006140                tud_cdc_n_write_flush
 .text.tud_cdc_n_write
                0x100061b8       0x40 CMakeFiles/atividade_adc_embarcatech.dir/C_/Users/gabri/.pico-sdk/sdk/2.1.0/lib/tinyusb/src/class/cdc/cdc_device.c.obj
                0x100061b8                tud_cdc_n_write
 .text.tud_cdc_n_write_available
                0x100061f8       0x18 CMakeFiles/atividade_adc_embarcatech.dir/C_/Users/gabri/.pico-sdk/sdk/2.1.0/lib/tinyusb/src/class/cdc/cdc_device.c.obj
                0x100061f8                tud_cdc_n_write_available
 .text.cdcd_init
                0x10006210       0x7c CMakeFiles/atividade_adc_embarcatech.dir/C_/Users/gabri/.pico-sdk/sdk/2.1.0/lib/tinyusb/src/class/cdc/cdc_device.c.obj
                0x10006210                cdcd_init
 .text.cdcd_deinit
                0x1000628c       0x34 CMakeFiles/atividade_adc_embarcatech.dir/C_/Users/gabri/.pico-sdk/sdk/2.1.0/lib/tinyusb/src/class/cdc/cdc_device.c.obj
                0x1000628c                cdcd_deinit
 .text.cdcd_reset
                0x100062c0       0x4c CMakeFiles/atividade_adc_embarcatech.dir/C_/Users/gabri/.pico-sdk/sdk/2.1.0/lib/tinyusb/src/class/cdc/cdc_device.c.obj
                0x100062c0                cdcd_reset
 .text.cdcd_open
                0x1000630c       0xb0 CMakeFiles/atividade_adc_embarcatech.dir/C_/Users/gabri/.pico-sdk/sdk/2.1.0/lib/tinyusb/src/class/cdc/cdc_device.c.obj
                0x1000630c                cdcd_open
 .text.cdcd_control_xfer_cb
                0x100063bc       0xe4 CMakeFiles/atividade_adc_embarcatech.dir/C_/Users/gabri/.pico-sdk/sdk/2.1.0/lib/tinyusb/src/class/cdc/cdc_device.c.obj
                0x100063bc                cdcd_control_xfer_cb
 .text.cdcd_xfer_cb
                0x100064a0      0x100 CMakeFiles/atividade_adc_embarcatech.dir/C_/Users/gabri/.pico-sdk/sdk/2.1.0/lib/tinyusb/src/class/cdc/cdc_device.c.obj
                0x100064a0                cdcd_xfer_cb
 .text.vendord_init
                0x100065a0       0x5c CMakeFiles/atividade_adc_embarcatech.dir/C_/Users/gabri/.pico-sdk/sdk/2.1.0/lib/tinyusb/src/class/vendor/vendor_device.c.obj
                0x100065a0                vendord_init
 .text.vendord_deinit
                0x100065fc       0x1c CMakeFiles/atividade_adc_embarcatech.dir/C_/Users/gabri/.pico-sdk/sdk/2.1.0/lib/tinyusb/src/class/vendor/vendor_device.c.obj
                0x100065fc                vendord_deinit
 .text.vendord_reset
                0x10006618       0x20 CMakeFiles/atividade_adc_embarcatech.dir/C_/Users/gabri/.pico-sdk/sdk/2.1.0/lib/tinyusb/src/class/vendor/vendor_device.c.obj
                0x10006618                vendord_reset
 .text.vendord_open
                0x10006638      0x138 CMakeFiles/atividade_adc_embarcatech.dir/C_/Users/gabri/.pico-sdk/sdk/2.1.0/lib/tinyusb/src/class/vendor/vendor_device.c.obj
                0x10006638                vendord_open
 .text.vendord_xfer_cb
                0x10006770       0x9c CMakeFiles/atividade_adc_embarcatech.dir/C_/Users/gabri/.pico-sdk/sdk/2.1.0/lib/tinyusb/src/class/vendor/vendor_device.c.obj
                0x10006770                vendord_xfer_cb
 .text.tusb_init
                0x1000680c        0xc CMakeFiles/atividade_adc_embarcatech.dir/C_/Users/gabri/.pico-sdk/sdk/2.1.0/lib/tinyusb/src/tusb.c.obj
                0x1000680c                tusb_init
 .text.tu_edpt_claim
                0x10006818       0x50 CMakeFiles/atividade_adc_embarcatech.dir/C_/Users/gabri/.pico-sdk/sdk/2.1.0/lib/tinyusb/src/tusb.c.obj
                0x10006818                tu_edpt_claim
 .text.tu_edpt_release
                0x10006868       0x38 CMakeFiles/atividade_adc_embarcatech.dir/C_/Users/gabri/.pico-sdk/sdk/2.1.0/lib/tinyusb/src/tusb.c.obj
                0x10006868                tu_edpt_release
 .text.tu_edpt_validate
                0x100068a0       0x7c CMakeFiles/atividade_adc_embarcatech.dir/C_/Users/gabri/.pico-sdk/sdk/2.1.0/lib/tinyusb/src/tusb.c.obj
                0x100068a0                tu_edpt_validate
 .text.tu_edpt_bind_driver
                0x1000691c       0x34 CMakeFiles/atividade_adc_embarcatech.dir/C_/Users/gabri/.pico-sdk/sdk/2.1.0/lib/tinyusb/src/tusb.c.obj
                0x1000691c                tu_edpt_bind_driver
 .text.tu_edpt_stream_init
                0x10006950       0x6c CMakeFiles/atividade_adc_embarcatech.dir/C_/Users/gabri/.pico-sdk/sdk/2.1.0/lib/tinyusb/src/tusb.c.obj
                0x10006950                tu_edpt_stream_init
 .text.tu_edpt_stream_deinit
                0x100069bc        0x4 CMakeFiles/atividade_adc_embarcatech.dir/C_/Users/gabri/.pico-sdk/sdk/2.1.0/lib/tinyusb/src/tusb.c.obj
                0x100069bc                tu_edpt_stream_deinit
 .text.tu_edpt_stream_write_zlp_if_needed
                0x100069c0       0x68 CMakeFiles/atividade_adc_embarcatech.dir/C_/Users/gabri/.pico-sdk/sdk/2.1.0/lib/tinyusb/src/tusb.c.obj
                0x100069c0                tu_edpt_stream_write_zlp_if_needed
 .text.tu_edpt_stream_write_xfer
                0x10006a28       0x64 CMakeFiles/atividade_adc_embarcatech.dir/C_/Users/gabri/.pico-sdk/sdk/2.1.0/lib/tinyusb/src/tusb.c.obj
                0x10006a28                tu_edpt_stream_write_xfer
 .text.tu_edpt_stream_read_xfer
                0x10006a8c       0xdc CMakeFiles/atividade_adc_embarcatech.dir/C_/Users/gabri/.pico-sdk/sdk/2.1.0/lib/tinyusb/src/tusb.c.obj
                0x10006a8c                tu_edpt_stream_read_xfer
 .text.tu_fifo_config
                0x10006b68       0x6c CMakeFiles/atividade_adc_embarcatech.dir/C_/Users/gabri/.pico-sdk/sdk/2.1.0/lib/tinyusb/src/common/tusb_fifo.c.obj
                0x10006b68                tu_fifo_config
 .text.tu_fifo_count
                0x10006bd4       0x2c CMakeFiles/atividade_adc_embarcatech.dir/C_/Users/gabri/.pico-sdk/sdk/2.1.0/lib/tinyusb/src/common/tusb_fifo.c.obj
                0x10006bd4                tu_fifo_count
 .text.tu_fifo_empty
                0x10006c00       0x10 CMakeFiles/atividade_adc_embarcatech.dir/C_/Users/gabri/.pico-sdk/sdk/2.1.0/lib/tinyusb/src/common/tusb_fifo.c.obj
                0x10006c00                tu_fifo_empty
 .text.tu_fifo_remaining
                0x10006c10       0x2c CMakeFiles/atividade_adc_embarcatech.dir/C_/Users/gabri/.pico-sdk/sdk/2.1.0/lib/tinyusb/src/common/tusb_fifo.c.obj
                0x10006c10                tu_fifo_remaining
 .text.tu_fifo_read
                0x10006c3c       0x9c CMakeFiles/atividade_adc_embarcatech.dir/C_/Users/gabri/.pico-sdk/sdk/2.1.0/lib/tinyusb/src/common/tusb_fifo.c.obj
                0x10006c3c                tu_fifo_read
 .text.tu_fifo_read_n
                0x10006cd8       0xe8 CMakeFiles/atividade_adc_embarcatech.dir/C_/Users/gabri/.pico-sdk/sdk/2.1.0/lib/tinyusb/src/common/tusb_fifo.c.obj
                0x10006cd8                tu_fifo_read_n
 .text.tu_fifo_write
                0x10006dc0       0xa8 CMakeFiles/atividade_adc_embarcatech.dir/C_/Users/gabri/.pico-sdk/sdk/2.1.0/lib/tinyusb/src/common/tusb_fifo.c.obj
                0x10006dc0                tu_fifo_write
 .text.tu_fifo_write_n
                0x10006e68      0x178 CMakeFiles/atividade_adc_embarcatech.dir/C_/Users/gabri/.pico-sdk/sdk/2.1.0/lib/tinyusb/src/common/tusb_fifo.c.obj
                0x10006e68                tu_fifo_write_n
 .text.tu_fifo_clear
                0x10006fe0       0x40 CMakeFiles/atividade_adc_embarcatech.dir/C_/Users/gabri/.pico-sdk/sdk/2.1.0/lib/tinyusb/src/common/tusb_fifo.c.obj
                0x10006fe0                tu_fifo_clear
 .text.tu_fifo_set_overwritable
                0x10007020       0x48 CMakeFiles/atividade_adc_embarcatech.dir/C_/Users/gabri/.pico-sdk/sdk/2.1.0/lib/tinyusb/src/common/tusb_fifo.c.obj
                0x10007020                tu_fifo_set_overwritable
 .text.adc_init
                0x10007068       0x38 CMakeFiles/atividade_adc_embarcatech.dir/C_/Users/gabri/.pico-sdk/sdk/2.1.0/src/rp2_common/hardware_adc/adc.c.obj
                0x10007068                adc_init
 .text.strlen   0x100070a0       0x5c C:/Users/gabri/.pico-sdk/toolchain/13_3_Rel1/bin/../lib/gcc/arm-none-eabi/13.3.1/thumb/v6-m/nofp\libg.a(libc_a-strlen-stub.o)
                0x100070a0                strlen
 *(.fini)
 .fini          0x100070fc        0x4 C:/Users/gabri/.pico-sdk/toolchain/13_3_Rel1/bin/../lib/gcc/arm-none-eabi/13.3.1/thumb/v6-m/nofp/crti.o
                0x100070fc                _fini
 .fini.__stub   0x10007100       0xc0 linker stubs
 *crtbegin.o(.ctors)
 *crtbegin?.o(.ctors)
 *(EXCLUDE_FILE(*crtend.o *crtend?.o) .ctors)
 *(SORT_BY_NAME(.ctors.*))
 *(.ctors)
 *crtbegin.o(.dtors)
 *crtbegin?.o(.dtors)
 *(EXCLUDE_FILE(*crtend.o *crtend?.o) .dtors)
 *(SORT_BY_NAME(.dtors.*))
 *(.dtors)
                0x100071c0                        . = ALIGN (0x4)
                0x100071c0                        PROVIDE (__preinit_array_start = .)
 *(SORT_BY_NAME(.preinit_array.*))
 .preinit_array.00100
                0x100071c0        0x4 CMakeFiles/atividade_adc_embarcatech.dir/C_/Users/gabri/.pico-sdk/sdk/2.1.0/src/rp2_common/pico_runtime_init/runtime_init.c.obj
                0x100071c0                __pre_init_runtime_init_early_resets
 .preinit_array.00101
                0x100071c4        0x4 CMakeFiles/atividade_adc_embarcatech.dir/C_/Users/gabri/.pico-sdk/sdk/2.1.0/src/rp2_common/pico_runtime_init/runtime_init.c.obj
                0x100071c4                __pre_init_runtime_init_usb_power_down
 .preinit_array.00275
                0x100071c8        0x4 CMakeFiles/atividade_adc_embarcatech.dir/C_/Users/gabri/.pico-sdk/sdk/2.1.0/src/rp2_common/pico_bit_ops/bit_ops_aeabi.S.obj
 .preinit_array.00300
                0x100071cc        0x4 CMakeFiles/atividade_adc_embarcatech.dir/C_/Users/gabri/.pico-sdk/sdk/2.1.0/src/rp2_common/pico_mem_ops/mem_ops_aeabi.S.obj
 .preinit_array.00350
                0x100071d0        0x4 CMakeFiles/atividade_adc_embarcatech.dir/C_/Users/gabri/.pico-sdk/sdk/2.1.0/src/rp2_common/pico_double/double_aeabi_rp2040.S.obj
 .preinit_array.00350
                0x100071d4        0x4 CMakeFiles/atividade_adc_embarcatech.dir/C_/Users/gabri/.pico-sdk/sdk/2.1.0/src/rp2_common/pico_float/float_aeabi_rp2040.S.obj
 .preinit_array.00500
                0x100071d8        0x4 CMakeFiles/atividade_adc_embarcatech.dir/C_/Users/gabri/.pico-sdk/sdk/2.1.0/src/rp2_common/pico_runtime_init/runtime_init.c.obj
                0x100071d8                __pre_init_runtime_init_clocks
 .preinit_array.00600
                0x100071dc        0x4 CMakeFiles/atividade_adc_embarcatech.dir/C_/Users/gabri/.pico-sdk/sdk/2.1.0/src/rp2_common/pico_runtime_init/runtime_init.c.obj
                0x100071dc                __pre_init_runtime_init_post_clock_resets
 .preinit_array.00700
                0x100071e0        0x4 CMakeFiles/atividade_adc_embarcatech.dir/C_/Users/gabri/.pico-sdk/sdk/2.1.0/src/rp2_common/pico_runtime_init/runtime_init.c.obj
                0x100071e0                __pre_init_runtime_init_rp2040_gpio_ie_disable
 .preinit_array.01000
                0x100071e4        0x4 CMakeFiles/atividade_adc_embarcatech.dir/C_/Users/gabri/.pico-sdk/sdk/2.1.0/src/rp2_common/pico_runtime_init/runtime_init.c.obj
                0x100071e4                __pre_init_runtime_init_spin_locks_reset
 .preinit_array.01100
                0x100071e8        0x4 CMakeFiles/atividade_adc_embarcatech.dir/C_/Users/gabri/.pico-sdk/sdk/2.1.0/src/common/pico_sync/mutex.c.obj
                0x100071e8                __pre_init_runtime_init_mutex
 .preinit_array.10080
                0x100071ec        0x4 CMakeFiles/atividade_adc_embarcatech.dir/C_/Users/gabri/.pico-sdk/sdk/2.1.0/src/rp2_common/pico_runtime_init/runtime_init.c.obj
                0x100071ec                __pre_init_runtime_init_install_ram_vector_table
 .preinit_array.11000
                0x100071f0        0x4 CMakeFiles/atividade_adc_embarcatech.dir/C_/Users/gabri/.pico-sdk/sdk/2.1.0/src/common/pico_time/time.c.obj
                0x100071f0                __pre_init_runtime_init_default_alarm_pool
 .preinit_array.YYYYY
                0x100071f4        0x4 CMakeFiles/atividade_adc_embarcatech.dir/C_/Users/gabri/.pico-sdk/sdk/2.1.0/src/rp2_common/pico_runtime/runtime.c.obj
                0x100071f4                __pre_init_first_per_core_initializer
 .preinit_array.ZZZZZ.01200
                0x100071f8        0x4 CMakeFiles/atividade_adc_embarcatech.dir/C_/Users/gabri/.pico-sdk/sdk/2.1.0/src/rp2_common/hardware_irq/irq.c.obj
                0x100071f8                __pre_init_runtime_init_per_core_irq_priorities
 *(.preinit_array)
                0x100071fc                        PROVIDE (__preinit_array_end = .)
                0x100071fc                        . = ALIGN (0x4)
                0x100071fc                        PROVIDE (__init_array_start = .)
 *(SORT_BY_NAME(.init_array.*))
 *(.init_array)
 .init_array    0x100071fc        0x4 C:/Users/gabri/.pico-sdk/toolchain/13_3_Rel1/bin/../lib/gcc/arm-none-eabi/13.3.1/thumb/v6-m/nofp/crtbegin.o
 .init_array    0x10007200        0x4 CMakeFiles/atividade_adc_embarcatech.dir/C_/Users/gabri/.pico-sdk/sdk/2.1.0/src/rp2_common/pico_unique_id/unique_id.c.obj
                0x10007204                        PROVIDE (__init_array_end = .)
                0x10007204                        . = ALIGN (0x4)
                [!provide]                        PROVIDE (__fini_array_start = .)
 *(SORT_BY_NAME(.fini_array.*))
 *(.fini_array)
                [!provide]                        PROVIDE (__fini_array_end = .)
 *(.eh_frame*)
 .eh_frame      0x10007204        0x0 C:/Users/gabri/.pico-sdk/toolchain/13_3_Rel1/bin/../lib/gcc/arm-none-eabi/13.3.1/thumb/v6-m/nofp/crtbegin.o
                0x10007204                        . = ALIGN (0x4)

.glue_7         0x10007204        0x0
 .glue_7        0x10007204        0x0 linker stubs

.glue_7t        0x10007204        0x0
 .glue_7t       0x10007204        0x0 linker stubs

.vfp11_veneer   0x10007204        0x0
 .vfp11_veneer  0x10007204        0x0 linker stubs

.v4_bx          0x10007204        0x0
 .v4_bx         0x10007204        0x0 linker stubs

.iplt           0x10007204        0x0
 .iplt          0x10007204        0x0 C:/Users/gabri/.pico-sdk/toolchain/13_3_Rel1/bin/../lib/gcc/arm-none-eabi/13.3.1/thumb/v6-m/nofp/crtbegin.o

.rodata         0x10007208      0x760
 *(EXCLUDE_FILE(*libm.a: *libc.a:*lib_a-mem*.o *libgcc.a:) .rodata*)
 .rodata.gpio_irq_handler.str1.4
                0x10007208      0x290 CMakeFiles/atividade_adc_embarcatech.dir/src/main.c.obj
                                 0x37 (size before relaxing)
 .rodata.main.str1.4
                0x10007498       0x92 CMakeFiles/atividade_adc_embarcatech.dir/src/main.c.obj
 .rodata.panic.str1.4
                0x10007498       0x12 CMakeFiles/atividade_adc_embarcatech.dir/C_/Users/gabri/.pico-sdk/sdk/2.1.0/src/rp2_common/pico_platform_panic/panic.c.obj
 .rodata.spin_lock_claim_unused.str1.4
                0x10007498       0x1b CMakeFiles/atividade_adc_embarcatech.dir/C_/Users/gabri/.pico-sdk/sdk/2.1.0/src/rp2_common/hardware_sync/sync.c.obj
 .rodata.user_irq_claim_unused.str1.4
                0x10007498       0x1b CMakeFiles/atividade_adc_embarcatech.dir/C_/Users/gabri/.pico-sdk/sdk/2.1.0/src/rp2_common/hardware_irq/irq.c.obj
 .rodata.timer_hardware_alarm_claim.str1.4
                0x10007498       0x22 CMakeFiles/atividade_adc_embarcatech.dir/C_/Users/gabri/.pico-sdk/sdk/2.1.0/src/rp2_common/hardware_timer/timer.c.obj
 .rodata.hard_assertion_failure.str1.4
                0x10007498        0xc CMakeFiles/atividade_adc_embarcatech.dir/C_/Users/gabri/.pico-sdk/sdk/2.1.0/src/rp2_common/pico_runtime/runtime.c.obj
 .rodata.missing_double_func_shim.str1.4
                0x10007498       0x18 CMakeFiles/atividade_adc_embarcatech.dir/C_/Users/gabri/.pico-sdk/sdk/2.1.0/src/rp2_common/pico_double/double_init_rom_rp2040.c.obj
 .rodata.missing_float_func_shim.str1.4
                0x10007498        0x1 CMakeFiles/atividade_adc_embarcatech.dir/C_/Users/gabri/.pico-sdk/sdk/2.1.0/src/rp2_common/pico_float/float_init_rom_rp2040.c.obj
 .rodata.str1.4
                0x10007498       0x54 CMakeFiles/atividade_adc_embarcatech.dir/C_/Users/gabri/.pico-sdk/sdk/2.1.0/src/rp2_common/pico_standard_binary_info/standard_binary_info.c.obj
 .rodata.__bi_84
                0x10007498        0xc CMakeFiles/atividade_adc_embarcatech.dir/C_/Users/gabri/.pico-sdk/sdk/2.1.0/src/rp2_common/pico_standard_binary_info/standard_binary_info.c.obj
 .rodata.__bi_78
                0x100074a4        0xc CMakeFiles/atividade_adc_embarcatech.dir/C_/Users/gabri/.pico-sdk/sdk/2.1.0/src/rp2_common/pico_standard_binary_info/standard_binary_info.c.obj
 .rodata.__bi_60
                0x100074b0        0xc CMakeFiles/atividade_adc_embarcatech.dir/C_/Users/gabri/.pico-sdk/sdk/2.1.0/src/rp2_common/pico_standard_binary_info/standard_binary_info.c.obj
 .rodata.__bi_54
                0x100074bc        0xc CMakeFiles/atividade_adc_embarcatech.dir/C_/Users/gabri/.pico-sdk/sdk/2.1.0/src/rp2_common/pico_standard_binary_info/standard_binary_info.c.obj
 .rodata.__bi_48
                0x100074c8        0xc CMakeFiles/atividade_adc_embarcatech.dir/C_/Users/gabri/.pico-sdk/sdk/2.1.0/src/rp2_common/pico_standard_binary_info/standard_binary_info.c.obj
 .rodata.__bi_42
                0x100074d4        0xc CMakeFiles/atividade_adc_embarcatech.dir/C_/Users/gabri/.pico-sdk/sdk/2.1.0/src/rp2_common/pico_standard_binary_info/standard_binary_info.c.obj
 .rodata.__bi_34
                0x100074e0        0xc CMakeFiles/atividade_adc_embarcatech.dir/C_/Users/gabri/.pico-sdk/sdk/2.1.0/src/rp2_common/pico_standard_binary_info/standard_binary_info.c.obj
 .rodata.__bi_26
                0x100074ec        0xc CMakeFiles/atividade_adc_embarcatech.dir/C_/Users/gabri/.pico-sdk/sdk/2.1.0/src/rp2_common/pico_standard_binary_info/standard_binary_info.c.obj
 .rodata._ftoa.str1.4
                0x100074f8       0x15 CMakeFiles/atividade_adc_embarcatech.dir/C_/Users/gabri/.pico-sdk/sdk/2.1.0/src/rp2_common/pico_printf/printf.c.obj
 .rodata._vsnprintf
                0x100074f8      0x19c CMakeFiles/atividade_adc_embarcatech.dir/C_/Users/gabri/.pico-sdk/sdk/2.1.0/src/rp2_common/pico_printf/printf.c.obj
 *fill*         0x10007694        0x4 
 .rodata.pow10.0
                0x10007698       0x50 CMakeFiles/atividade_adc_embarcatech.dir/C_/Users/gabri/.pico-sdk/sdk/2.1.0/src/rp2_common/pico_printf/printf.c.obj
 .rodata.crlf_str.0
                0x100076e8        0x2 CMakeFiles/atividade_adc_embarcatech.dir/C_/Users/gabri/.pico-sdk/sdk/2.1.0/src/rp2_common/pico_stdio/stdio.c.obj
 .rodata.str1.4
                0x100076ea       0x2c CMakeFiles/atividade_adc_embarcatech.dir/C_/Users/gabri/.pico-sdk/sdk/2.1.0/src/rp2_common/pico_stdio_uart/stdio_uart.c.obj
 *fill*         0x100076ea        0x2 
 .rodata.__bi_45.4
                0x100076ec        0xc CMakeFiles/atividade_adc_embarcatech.dir/C_/Users/gabri/.pico-sdk/sdk/2.1.0/src/rp2_common/pico_stdio_uart/stdio_uart.c.obj
 .rodata.__bi_49.5
                0x100076f8        0x8 CMakeFiles/atividade_adc_embarcatech.dir/C_/Users/gabri/.pico-sdk/sdk/2.1.0/src/rp2_common/pico_stdio_uart/stdio_uart.c.obj
 .rodata.__bi_50.6
                0x10007700        0x8 CMakeFiles/atividade_adc_embarcatech.dir/C_/Users/gabri/.pico-sdk/sdk/2.1.0/src/rp2_common/pico_stdio_uart/stdio_uart.c.obj
 .rodata._resetd_driver
                0x10007708       0x20 CMakeFiles/atividade_adc_embarcatech.dir/C_/Users/gabri/.pico-sdk/sdk/2.1.0/src/rp2_common/pico_stdio_usb/reset_interface.c.obj
 .rodata.desc_ms_os_20
                0x10007728       0xa6 CMakeFiles/atividade_adc_embarcatech.dir/C_/Users/gabri/.pico-sdk/sdk/2.1.0/src/rp2_common/pico_stdio_usb/reset_interface.c.obj
 *fill*         0x100077ce        0x2 
 .rodata.desc_bos
                0x100077d0       0x21 CMakeFiles/atividade_adc_embarcatech.dir/C_/Users/gabri/.pico-sdk/sdk/2.1.0/src/rp2_common/pico_stdio_usb/reset_interface.c.obj
                0x100077d0                desc_bos
 .rodata.str1.4
                0x100077f1       0x13 CMakeFiles/atividade_adc_embarcatech.dir/C_/Users/gabri/.pico-sdk/sdk/2.1.0/src/rp2_common/pico_stdio_usb/stdio_usb.c.obj
 *fill*         0x100077f1        0x3 
 .rodata.__bi_197.0
                0x100077f4        0xc CMakeFiles/atividade_adc_embarcatech.dir/C_/Users/gabri/.pico-sdk/sdk/2.1.0/src/rp2_common/pico_stdio_usb/stdio_usb.c.obj
 .rodata.str1.4
                0x10007800       0x2a CMakeFiles/atividade_adc_embarcatech.dir/C_/Users/gabri/.pico-sdk/sdk/2.1.0/src/rp2_common/pico_stdio_usb/stdio_usb_descriptors.c.obj
 .rodata.usbd_desc_str
                0x10007800       0x18 CMakeFiles/atividade_adc_embarcatech.dir/C_/Users/gabri/.pico-sdk/sdk/2.1.0/src/rp2_common/pico_stdio_usb/stdio_usb_descriptors.c.obj
 .rodata.usbd_desc_cfg
                0x10007818       0x54 CMakeFiles/atividade_adc_embarcatech.dir/C_/Users/gabri/.pico-sdk/sdk/2.1.0/src/rp2_common/pico_stdio_usb/stdio_usb_descriptors.c.obj
 .rodata.usbd_desc_device
                0x1000786c       0x12 CMakeFiles/atividade_adc_embarcatech.dir/C_/Users/gabri/.pico-sdk/sdk/2.1.0/src/rp2_common/pico_stdio_usb/stdio_usb_descriptors.c.obj
 .rodata.str1.4
                0x1000787e       0x14 CMakeFiles/atividade_adc_embarcatech.dir/C_/Users/gabri/.pico-sdk/sdk/2.1.0/lib/tinyusb/src/portable/raspberrypi/rp2040/dcd_rp2040.c.obj
 .rodata.str1.4
                0x1000787e       0x48 CMakeFiles/atividade_adc_embarcatech.dir/C_/Users/gabri/.pico-sdk/sdk/2.1.0/lib/tinyusb/src/portable/raspberrypi/rp2040/rp2040_usb.c.obj
 *fill*         0x1000787e        0x2 
 .rodata.tud_task_ext
                0x10007880       0x8c CMakeFiles/atividade_adc_embarcatech.dir/C_/Users/gabri/.pico-sdk/sdk/2.1.0/lib/tinyusb/src/device/usbd.c.obj
 .rodata        0x1000790c       0x1c CMakeFiles/atividade_adc_embarcatech.dir/C_/Users/gabri/.pico-sdk/sdk/2.1.0/lib/tinyusb/src/device/usbd.c.obj
 .rodata._usbd_driver
                0x10007928       0x40 CMakeFiles/atividade_adc_embarcatech.dir/C_/Users/gabri/.pico-sdk/sdk/2.1.0/lib/tinyusb/src/device/usbd.c.obj
                0x10007968                        . = ALIGN (0x4)
 *(SORT_BY_ALIGNMENT(SORT_BY_NAME(.flashdata*)))
                0x10007968                        . = ALIGN (0x4)

.ARM.extab
 *(.ARM.extab* .gnu.linkonce.armextab.*)
                0x10007968                        __exidx_start = .

.ARM.exidx
 *(.ARM.exidx* .gnu.linkonce.armexidx.*)
                0x10007968                        __exidx_end = .
                0x10007968                        . = ALIGN (0x4)
                0x10007968                        __binary_info_start = .

.binary_info    0x10007968       0x30
 *(.binary_info.keep.*)
 .binary_info.keep.__bi_ptr84
                0x10007968        0x4 CMakeFiles/atividade_adc_embarcatech.dir/C_/Users/gabri/.pico-sdk/sdk/2.1.0/src/rp2_common/pico_standard_binary_info/standard_binary_info.c.obj
 .binary_info.keep.__bi_ptr78
                0x1000796c        0x4 CMakeFiles/atividade_adc_embarcatech.dir/C_/Users/gabri/.pico-sdk/sdk/2.1.0/src/rp2_common/pico_standard_binary_info/standard_binary_info.c.obj
 .binary_info.keep.__bi_ptr60
                0x10007970        0x4 CMakeFiles/atividade_adc_embarcatech.dir/C_/Users/gabri/.pico-sdk/sdk/2.1.0/src/rp2_common/pico_standard_binary_info/standard_binary_info.c.obj
 .binary_info.keep.__bi_ptr54
                0x10007974        0x4 CMakeFiles/atividade_adc_embarcatech.dir/C_/Users/gabri/.pico-sdk/sdk/2.1.0/src/rp2_common/pico_standard_binary_info/standard_binary_info.c.obj
 .binary_info.keep.__bi_ptr48
                0x10007978        0x4 CMakeFiles/atividade_adc_embarcatech.dir/C_/Users/gabri/.pico-sdk/sdk/2.1.0/src/rp2_common/pico_standard_binary_info/standard_binary_info.c.obj
 .binary_info.keep.__bi_ptr42
                0x1000797c        0x4 CMakeFiles/atividade_adc_embarcatech.dir/C_/Users/gabri/.pico-sdk/sdk/2.1.0/src/rp2_common/pico_standard_binary_info/standard_binary_info.c.obj
 .binary_info.keep.__bi_ptr34
                0x10007980        0x4 CMakeFiles/atividade_adc_embarcatech.dir/C_/Users/gabri/.pico-sdk/sdk/2.1.0/src/rp2_common/pico_standard_binary_info/standard_binary_info.c.obj
 .binary_info.keep.__bi_ptr26
                0x10007984        0x4 CMakeFiles/atividade_adc_embarcatech.dir/C_/Users/gabri/.pico-sdk/sdk/2.1.0/src/rp2_common/pico_standard_binary_info/standard_binary_info.c.obj
 *(.binary_info.*)
 .binary_info.__bi_ptr50
                0x10007988        0x4 CMakeFiles/atividade_adc_embarcatech.dir/C_/Users/gabri/.pico-sdk/sdk/2.1.0/src/rp2_common/pico_stdio_uart/stdio_uart.c.obj
 .binary_info.__bi_ptr49
                0x1000798c        0x4 CMakeFiles/atividade_adc_embarcatech.dir/C_/Users/gabri/.pico-sdk/sdk/2.1.0/src/rp2_common/pico_stdio_uart/stdio_uart.c.obj
 .binary_info.__bi_ptr45
                0x10007990        0x4 CMakeFiles/atividade_adc_embarcatech.dir/C_/Users/gabri/.pico-sdk/sdk/2.1.0/src/rp2_common/pico_stdio_uart/stdio_uart.c.obj
 .binary_info.__bi_ptr197
                0x10007994        0x4 CMakeFiles/atividade_adc_embarcatech.dir/C_/Users/gabri/.pico-sdk/sdk/2.1.0/src/rp2_common/pico_stdio_usb/stdio_usb.c.obj
                0x10007998                        __binary_info_end = .

.rel.dyn        0x10007998        0x0
 .rel.iplt      0x10007998        0x0 C:/Users/gabri/.pico-sdk/toolchain/13_3_Rel1/bin/../lib/gcc/arm-none-eabi/13.3.1/thumb/v6-m/nofp/crtbegin.o
                0x10007998                        . = ALIGN (0x4)

.ram_vector_table
                0x20000000       0xc0
 *(.ram_vector_table)
 .ram_vector_table
                0x20000000       0xc0 CMakeFiles/atividade_adc_embarcatech.dir/C_/Users/gabri/.pico-sdk/sdk/2.1.0/src/rp2_common/pico_runtime_init/runtime_init.c.obj
                0x20000000                ram_vector_table

.uninitialized_data
                0x200000c0        0x0
                0x200000c0                        . = ALIGN (0x4)
 *(.uninitialized_data*)

.data           0x200000c0      0xfc8 load address 0x10007998
                0x200000c0                        __data_start__ = .
 *(vtable)
 *(.time_critical*)
 .time_critical.mutex_try_enter
                0x200000c0       0x40 CMakeFiles/atividade_adc_embarcatech.dir/C_/Users/gabri/.pico-sdk/sdk/2.1.0/src/common/pico_sync/mutex.c.obj
                0x200000c0                mutex_try_enter
 .time_critical.mutex_try_enter_block_until
                0x20000100       0x9c CMakeFiles/atividade_adc_embarcatech.dir/C_/Users/gabri/.pico-sdk/sdk/2.1.0/src/common/pico_sync/mutex.c.obj
                0x20000100                mutex_try_enter_block_until
 .time_critical.mutex_enter_timeout_ms
                0x2000019c       0x90 CMakeFiles/atividade_adc_embarcatech.dir/C_/Users/gabri/.pico-sdk/sdk/2.1.0/src/common/pico_sync/mutex.c.obj
                0x2000019c                mutex_enter_timeout_ms
 .time_critical.mutex_exit
                0x2000022c       0x28 CMakeFiles/atividade_adc_embarcatech.dir/C_/Users/gabri/.pico-sdk/sdk/2.1.0/src/common/pico_sync/mutex.c.obj
                0x2000022c                mutex_exit
 .time_critical.flash_init_boot2_copyout
                0x20000254       0x30 CMakeFiles/atividade_adc_embarcatech.dir/C_/Users/gabri/.pico-sdk/sdk/2.1.0/src/rp2_common/hardware_flash/flash.c.obj
 .time_critical.flash_enable_xip_via_boot2
                0x20000284        0xc CMakeFiles/atividade_adc_embarcatech.dir/C_/Users/gabri/.pico-sdk/sdk/2.1.0/src/rp2_common/hardware_flash/flash.c.obj
 .time_critical.flash_cs_force
                0x20000290       0x38 CMakeFiles/atividade_adc_embarcatech.dir/C_/Users/gabri/.pico-sdk/sdk/2.1.0/src/rp2_common/hardware_flash/flash.c.obj
 .time_critical.flash_do_cmd
                0x200002c8       0xc0 CMakeFiles/atividade_adc_embarcatech.dir/C_/Users/gabri/.pico-sdk/sdk/2.1.0/src/rp2_common/hardware_flash/flash.c.obj
                0x200002c8                flash_do_cmd
 .time_critical.reset_non_control_endpoints
                0x20000388       0x68 CMakeFiles/atividade_adc_embarcatech.dir/C_/Users/gabri/.pico-sdk/sdk/2.1.0/lib/tinyusb/src/portable/raspberrypi/rp2040/dcd_rp2040.c.obj
 .time_critical.hw_handle_buff_status
                0x200003f0       0xb0 CMakeFiles/atividade_adc_embarcatech.dir/C_/Users/gabri/.pico-sdk/sdk/2.1.0/lib/tinyusb/src/portable/raspberrypi/rp2040/dcd_rp2040.c.obj
 .time_critical.dcd_rp2040_irq
                0x200004a0      0x578 CMakeFiles/atividade_adc_embarcatech.dir/C_/Users/gabri/.pico-sdk/sdk/2.1.0/lib/tinyusb/src/portable/raspberrypi/rp2040/dcd_rp2040.c.obj
 .time_critical.prepare_ep_buffer
                0x20000a18       0xe0 CMakeFiles/atividade_adc_embarcatech.dir/C_/Users/gabri/.pico-sdk/sdk/2.1.0/lib/tinyusb/src/portable/raspberrypi/rp2040/rp2040_usb.c.obj
 .time_critical.sync_ep_buffer
                0x20000af8       0xa8 CMakeFiles/atividade_adc_embarcatech.dir/C_/Users/gabri/.pico-sdk/sdk/2.1.0/lib/tinyusb/src/portable/raspberrypi/rp2040/rp2040_usb.c.obj
 .time_critical._hw_endpoint_xfer_sync
                0x20000ba0       0x28 CMakeFiles/atividade_adc_embarcatech.dir/C_/Users/gabri/.pico-sdk/sdk/2.1.0/lib/tinyusb/src/portable/raspberrypi/rp2040/rp2040_usb.c.obj
 .time_critical.e15_is_bulkin_ep
                0x20000bc8       0x28 CMakeFiles/atividade_adc_embarcatech.dir/C_/Users/gabri/.pico-sdk/sdk/2.1.0/lib/tinyusb/src/portable/raspberrypi/rp2040/rp2040_usb.c.obj
 .time_critical.e15_is_critical_frame_period
                0x20000bf0       0x34 CMakeFiles/atividade_adc_embarcatech.dir/C_/Users/gabri/.pico-sdk/sdk/2.1.0/lib/tinyusb/src/portable/raspberrypi/rp2040/rp2040_usb.c.obj
 .time_critical.hw_endpoint_reset_transfer
                0x20000c24        0xc CMakeFiles/atividade_adc_embarcatech.dir/C_/Users/gabri/.pico-sdk/sdk/2.1.0/lib/tinyusb/src/portable/raspberrypi/rp2040/rp2040_usb.c.obj
                0x20000c24                hw_endpoint_reset_transfer
 .time_critical._hw_endpoint_buffer_control_update32
                0x20000c30       0x50 CMakeFiles/atividade_adc_embarcatech.dir/C_/Users/gabri/.pico-sdk/sdk/2.1.0/lib/tinyusb/src/portable/raspberrypi/rp2040/rp2040_usb.c.obj
                0x20000c30                _hw_endpoint_buffer_control_update32
 .time_critical.hw_endpoint_start_next_buffer
                0x20000c80       0x6c CMakeFiles/atividade_adc_embarcatech.dir/C_/Users/gabri/.pico-sdk/sdk/2.1.0/lib/tinyusb/src/portable/raspberrypi/rp2040/rp2040_usb.c.obj
                0x20000c80                hw_endpoint_start_next_buffer
 .time_critical.hw_endpoint_xfer_continue
                0x20000cec       0x40 CMakeFiles/atividade_adc_embarcatech.dir/C_/Users/gabri/.pico-sdk/sdk/2.1.0/lib/tinyusb/src/portable/raspberrypi/rp2040/rp2040_usb.c.obj
                0x20000cec                hw_endpoint_xfer_continue
 .time_critical.tinyusb
                0x20000d2c      0x1e4 CMakeFiles/atividade_adc_embarcatech.dir/C_/Users/gabri/.pico-sdk/sdk/2.1.0/lib/tinyusb/src/device/usbd.c.obj
                0x20000d2c                dcd_event_handler
 *(.text*)
 .text          0x20000f10        0x4 C:/Users/gabri/.pico-sdk/toolchain/13_3_Rel1/bin/../lib/gcc/arm-none-eabi/13.3.1/thumb/v6-m/nofp\libgcc.a(_dvmd_tls.o)
                0x20000f10                __aeabi_idiv0
                0x20000f10                __aeabi_ldiv0
 *fill*         0x20000f14        0x4 
 .text.__stub   0x20000f18       0x80 linker stubs
                0x20000f98                        . = ALIGN (0x4)
 *(.rodata*)
                0x20000f98                        . = ALIGN (0x4)
 *(.data*)
 .data.leds_pwm_state
                0x20000f98        0x1 CMakeFiles/atividade_adc_embarcatech.dir/src/main.c.obj
                0x20000f98                leds_pwm_state
 *fill*         0x20000f99        0x3 
 .data.clk_divider
                0x20000f9c        0x4 CMakeFiles/atividade_adc_embarcatech.dir/src/main.c.obj
                0x20000f9c                clk_divider
 .data.striped_spin_lock_num
                0x20000fa0        0x1 CMakeFiles/atividade_adc_embarcatech.dir/C_/Users/gabri/.pico-sdk/sdk/2.1.0/src/rp2_common/hardware_sync/sync.c.obj
 *fill*         0x20000fa1        0x3 
 .data          0x20000fa4       0x48 CMakeFiles/atividade_adc_embarcatech.dir/C_/Users/gabri/.pico-sdk/sdk/2.1.0/src/rp2_common/hardware_irq/irq_handler_chain.S.obj
                0x20000fa4                irq_handler_chain_slots
                0x20000fd4                irq_handler_chain_first_slot
                0x20000fde                irq_handler_chain_remove_tail
 .data.default_alarm_pool
                0x20000fec       0x18 CMakeFiles/atividade_adc_embarcatech.dir/C_/Users/gabri/.pico-sdk/sdk/2.1.0/src/common/pico_time/time.c.obj
 *fill*         0x20001004        0xc 
 .data.aeabi_bits_funcs
                0x20001010       0x10 CMakeFiles/atividade_adc_embarcatech.dir/C_/Users/gabri/.pico-sdk/sdk/2.1.0/src/rp2_common/pico_bit_ops/bit_ops_aeabi.S.obj
                0x20001010                aeabi_bits_funcs
                0x20001020                aeabi_bits_funcs_end
 .data.aeabi_mem_funcs
                0x20001020       0x10 CMakeFiles/atividade_adc_embarcatech.dir/C_/Users/gabri/.pico-sdk/sdk/2.1.0/src/rp2_common/pico_mem_ops/mem_ops_aeabi.S.obj
                0x20001020                aeabi_mem_funcs
                0x20001030                aeabi_mem_funcs_end
 .data.stdio_uart
                0x20001030       0x18 CMakeFiles/atividade_adc_embarcatech.dir/C_/Users/gabri/.pico-sdk/sdk/2.1.0/src/rp2_common/pico_stdio_uart/stdio_uart.c.obj
                0x20001030                stdio_uart
 .data.stdio_usb
                0x20001048       0x18 CMakeFiles/atividade_adc_embarcatech.dir/C_/Users/gabri/.pico-sdk/sdk/2.1.0/src/rp2_common/pico_stdio_usb/stdio_usb.c.obj
                0x20001048                stdio_usb
 .data._usbd_qdef
                0x20001060       0x1c CMakeFiles/atividade_adc_embarcatech.dir/C_/Users/gabri/.pico-sdk/sdk/2.1.0/lib/tinyusb/src/device/usbd.c.obj
                0x20001060                _usbd_qdef
 .data._usbd_rhport
                0x2000107c        0x1 CMakeFiles/atividade_adc_embarcatech.dir/C_/Users/gabri/.pico-sdk/sdk/2.1.0/lib/tinyusb/src/device/usbd.c.obj
                0x20001080                        . = ALIGN (0x4)
 *fill*         0x2000107d        0x3 
 *(.after_data.*)
                0x20001080                        . = ALIGN (0x4)
                0x20001080                        PROVIDE (__mutex_array_start = .)
 *(SORT_BY_NAME(.mutex_array.*))
 *(.mutex_array)
 .mutex_array   0x20001080        0x8 CMakeFiles/atividade_adc_embarcatech.dir/C_/Users/gabri/.pico-sdk/sdk/2.1.0/src/rp2_common/pico_stdio/stdio.c.obj
                0x20001088                        PROVIDE (__mutex_array_end = .)
                0x20001088                        . = ALIGN (0x4)
 *(.jcr)
                0x20001088                        . = ALIGN (0x4)

.tm_clone_table
                0x20001088        0x0 load address 0x10008960
 .tm_clone_table
                0x20001088        0x0 C:/Users/gabri/.pico-sdk/toolchain/13_3_Rel1/bin/../lib/gcc/arm-none-eabi/13.3.1/thumb/v6-m/nofp/crtbegin.o
 .tm_clone_table
                0x20001088        0x0 C:/Users/gabri/.pico-sdk/toolchain/13_3_Rel1/bin/../lib/gcc/arm-none-eabi/13.3.1/thumb/v6-m/nofp/crtend.o

.igot.plt       0x20001088        0x0 load address 0x10008960
 .igot.plt      0x20001088        0x0 C:/Users/gabri/.pico-sdk/toolchain/13_3_Rel1/bin/../lib/gcc/arm-none-eabi/13.3.1/thumb/v6-m/nofp/crtbegin.o

.tdata          0x20001088        0x0 load address 0x10008960
                0x20001088                        . = ALIGN (0x4)
 *(.tdata .tdata.* .gnu.linkonce.td.*)
                0x20001088                        __tdata_end = .
                0x20001088                        PROVIDE (__data_end__ = .)
                0x10007998                        __etext = LOADADDR (.data)

.tbss           0x20001088        0x0 load address 0x10008960
                0x20001088                        . = ALIGN (0x4)
                0x20001088                        __bss_start__ = .
                0x20001088                        __tls_base = .
 *(.tbss .tbss.* .gnu.linkonce.tb.*)
 *(.tcommon)
                0x20001088                        __tls_end = .

.bss            0x20001088     0x10a8 load address 0x10008960
                0x20001088                        . = ALIGN (0x4)
                0x20001088                        __tbss_end = .
 *(SORT_BY_ALIGNMENT(SORT_BY_NAME(.bss*)))
 .bss.default_alarm_pool_entries
                0x20001088      0x180 CMakeFiles/atividade_adc_embarcatech.dir/C_/Users/gabri/.pico-sdk/sdk/2.1.0/src/common/pico_time/time.c.obj
 .bss.last_avail_time.1
                0x20001208        0x8 CMakeFiles/atividade_adc_embarcatech.dir/C_/Users/gabri/.pico-sdk/sdk/2.1.0/src/rp2_common/pico_stdio_usb/stdio_usb.c.obj
 .bss.sd_table  0x20001210      0x100 CMakeFiles/atividade_adc_embarcatech.dir/C_/Users/gabri/.pico-sdk/sdk/2.1.0/src/rp2_common/pico_double/double_init_rom_rp2040.c.obj
                0x20001210                sd_table
 .bss._app_driver
                0x20001310        0x4 CMakeFiles/atividade_adc_embarcatech.dir/C_/Users/gabri/.pico-sdk/sdk/2.1.0/lib/tinyusb/src/device/usbd.c.obj
 .bss._cdcd_fifo_cfg
                0x20001314        0x1 CMakeFiles/atividade_adc_embarcatech.dir/C_/Users/gabri/.pico-sdk/sdk/2.1.0/lib/tinyusb/src/class/cdc/cdc_device.c.obj
 *fill*         0x20001315        0x3 
 .bss._cdcd_itf
                0x20001318      0x2c8 CMakeFiles/atividade_adc_embarcatech.dir/C_/Users/gabri/.pico-sdk/sdk/2.1.0/lib/tinyusb/src/class/cdc/cdc_device.c.obj
 .bss._ctrl_xfer
                0x200015e0       0x14 CMakeFiles/atividade_adc_embarcatech.dir/C_/Users/gabri/.pico-sdk/sdk/2.1.0/lib/tinyusb/src/device/usbd_control.c.obj
 .bss._ubsd_mutexdef
                0x200015f4        0x8 CMakeFiles/atividade_adc_embarcatech.dir/C_/Users/gabri/.pico-sdk/sdk/2.1.0/lib/tinyusb/src/device/usbd.c.obj
 .bss._usbd_ctrl_buf
                0x200015fc       0x40 CMakeFiles/atividade_adc_embarcatech.dir/C_/Users/gabri/.pico-sdk/sdk/2.1.0/lib/tinyusb/src/device/usbd_control.c.obj
 .bss._usbd_dev
                0x2000163c       0x54 CMakeFiles/atividade_adc_embarcatech.dir/C_/Users/gabri/.pico-sdk/sdk/2.1.0/lib/tinyusb/src/device/usbd.c.obj
 .bss._usbd_mutex
                0x20001690        0x4 CMakeFiles/atividade_adc_embarcatech.dir/C_/Users/gabri/.pico-sdk/sdk/2.1.0/lib/tinyusb/src/device/usbd.c.obj
 .bss._usbd_q   0x20001694        0x4 CMakeFiles/atividade_adc_embarcatech.dir/C_/Users/gabri/.pico-sdk/sdk/2.1.0/lib/tinyusb/src/device/usbd.c.obj
 .bss._usbd_qdef_buf
                0x20001698       0xc0 CMakeFiles/atividade_adc_embarcatech.dir/C_/Users/gabri/.pico-sdk/sdk/2.1.0/lib/tinyusb/src/device/usbd.c.obj
                0x20001698                _usbd_qdef_buf
 .bss._vendord_itf
                0x20001758      0x2cc CMakeFiles/atividade_adc_embarcatech.dir/C_/Users/gabri/.pico-sdk/sdk/2.1.0/lib/tinyusb/src/class/vendor/vendor_device.c.obj
 .bss.boot2_copyout
                0x20001a24      0x100 CMakeFiles/atividade_adc_embarcatech.dir/C_/Users/gabri/.pico-sdk/sdk/2.1.0/src/rp2_common/hardware_flash/flash.c.obj
 .bss.callbacks
                0x20001b24        0x8 CMakeFiles/atividade_adc_embarcatech.dir/C_/Users/gabri/.pico-sdk/sdk/2.1.0/src/rp2_common/hardware_gpio/gpio.c.obj
 .bss.chars_available_callback
                0x20001b2c        0x4 CMakeFiles/atividade_adc_embarcatech.dir/C_/Users/gabri/.pico-sdk/sdk/2.1.0/src/rp2_common/pico_stdio_uart/stdio_uart.c.obj
 .bss.chars_available_callback
                0x20001b30        0x4 CMakeFiles/atividade_adc_embarcatech.dir/C_/Users/gabri/.pico-sdk/sdk/2.1.0/src/rp2_common/pico_stdio_usb/stdio_usb.c.obj
 .bss.chars_available_param
                0x20001b34        0x4 CMakeFiles/atividade_adc_embarcatech.dir/C_/Users/gabri/.pico-sdk/sdk/2.1.0/src/rp2_common/pico_stdio_uart/stdio_uart.c.obj
 .bss.chars_available_param
                0x20001b38        0x4 CMakeFiles/atividade_adc_embarcatech.dir/C_/Users/gabri/.pico-sdk/sdk/2.1.0/src/rp2_common/pico_stdio_usb/stdio_usb.c.obj
 .bss.claimed   0x20001b3c        0x4 CMakeFiles/atividade_adc_embarcatech.dir/C_/Users/gabri/.pico-sdk/sdk/2.1.0/src/rp2_common/hardware_sync/sync.c.obj
 .bss.claimed   0x20001b40        0x1 CMakeFiles/atividade_adc_embarcatech.dir/C_/Users/gabri/.pico-sdk/sdk/2.1.0/src/rp2_common/hardware_timer/timer.c.obj
 *fill*         0x20001b41        0x3 
 .bss.configured_freq
                0x20001b44       0x28 CMakeFiles/atividade_adc_embarcatech.dir/C_/Users/gabri/.pico-sdk/sdk/2.1.0/src/rp2_common/hardware_clocks/clocks.c.obj
 .bss.desc_str.0
                0x20001b6c       0x28 CMakeFiles/atividade_adc_embarcatech.dir/C_/Users/gabri/.pico-sdk/sdk/2.1.0/src/rp2_common/pico_stdio_usb/stdio_usb_descriptors.c.obj
 .bss.drivers   0x20001b94        0x4 CMakeFiles/atividade_adc_embarcatech.dir/C_/Users/gabri/.pico-sdk/sdk/2.1.0/src/rp2_common/pico_stdio/stdio.c.obj
 .bss.e15_last_sof
                0x20001b98        0x4 CMakeFiles/atividade_adc_embarcatech.dir/C_/Users/gabri/.pico-sdk/sdk/2.1.0/lib/tinyusb/src/portable/raspberrypi/rp2040/rp2040_usb.c.obj
                0x20001b98                e15_last_sof
 .bss.filter    0x20001b9c        0x4 CMakeFiles/atividade_adc_embarcatech.dir/C_/Users/gabri/.pico-sdk/sdk/2.1.0/src/rp2_common/pico_stdio/stdio.c.obj
 .bss.hw_endpoints
                0x20001ba0      0x400 CMakeFiles/atividade_adc_embarcatech.dir/C_/Users/gabri/.pico-sdk/sdk/2.1.0/lib/tinyusb/src/portable/raspberrypi/rp2040/dcd_rp2040.c.obj
 .bss.last_time_btn_press
                0x20001fa0        0x4 CMakeFiles/atividade_adc_embarcatech.dir/src/main.c.obj
                0x20001fa0                last_time_btn_press
 .bss.lazy_vsnprintf
                0x20001fa4        0x4 CMakeFiles/atividade_adc_embarcatech.dir/C_/Users/gabri/.pico-sdk/sdk/2.1.0/src/rp2_common/pico_printf/printf.c.obj
 .bss.load_value
                0x20001fa8        0x4 CMakeFiles/atividade_adc_embarcatech.dir/C_/Users/gabri/.pico-sdk/sdk/2.1.0/src/rp2_common/hardware_watchdog/watchdog.c.obj
 .bss.next_buffer_ptr
                0x20001fac        0x4 CMakeFiles/atividade_adc_embarcatech.dir/C_/Users/gabri/.pico-sdk/sdk/2.1.0/lib/tinyusb/src/portable/raspberrypi/rp2040/dcd_rp2040.c.obj
 .bss.object.0  0x20001fb0       0x18 C:/Users/gabri/.pico-sdk/toolchain/13_3_Rel1/bin/../lib/gcc/arm-none-eabi/13.3.1/thumb/v6-m/nofp/crtbegin.o
 .bss.one_shot_timer_crit_sec
                0x20001fc8        0x8 CMakeFiles/atividade_adc_embarcatech.dir/C_/Users/gabri/.pico-sdk/sdk/2.1.0/src/rp2_common/pico_stdio_usb/stdio_usb.c.obj
 .bss.pools     0x20001fd0       0x10 CMakeFiles/atividade_adc_embarcatech.dir/C_/Users/gabri/.pico-sdk/sdk/2.1.0/src/common/pico_time/time.c.obj
 .bss.raw_irq_mask
                0x20001fe0        0x8 CMakeFiles/atividade_adc_embarcatech.dir/C_/Users/gabri/.pico-sdk/sdk/2.1.0/src/rp2_common/hardware_gpio/gpio.c.obj
 .bss.retrieved_id
                0x20001fe8        0x8 CMakeFiles/atividade_adc_embarcatech.dir/C_/Users/gabri/.pico-sdk/sdk/2.1.0/src/rp2_common/pico_unique_id/unique_id.c.obj
 .bss.sf_clz_func
                0x20001ff0        0x4 CMakeFiles/atividade_adc_embarcatech.dir/C_/Users/gabri/.pico-sdk/sdk/2.1.0/src/rp2_common/pico_double/double_init_rom_rp2040.c.obj
                0x20001ff0                sf_clz_func